store|-|1001001|-|1|-|1|-|1217789.4600000002|-|331|-|store|-|1001001|-|1|-|1|-|1234065.5|-|342
store|-|1001002|-|1|-|1|-|553751.8500000001|-|151|-|store|-|1001002|-|1|-|1|-|559183.12|-|158
store|-|1002001|-|2|-|1|-|1249466.3900000001|-|353|-|store|-|1002001|-|2|-|1|-|1576146.0799999998|-|368
store|-|1002002|-|2|-|1|-|547670.08|-|152|-|store|-|1002002|-|2|-|1|-|491380.52|-|130
store|-|1003001|-|3|-|1|-|1167282.59|-|309|-|store|-|1003001|-|3|-|1|-|1045547.02|-|287
store|-|1003002|-|3|-|1|-|789483.2299999999|-|193|-|store|-|1003002|-|3|-|1|-|601149.8899999999|-|165
store|-|1004001|-|4|-|1|-|1522903.3499999999|-|398|-|store|-|1004001|-|4|-|1|-|1062756.03|-|278
store|-|1004002|-|4|-|1|-|541183.5800000001|-|151|-|store|-|1004002|-|4|-|1|-|607217.67|-|151
store|-|2001001|-|1|-|2|-|1145363.8900000001|-|364|-|store|-|2001001|-|1|-|2|-|1303027.4500000002|-|345
store|-|2001002|-|1|-|2|-|627833.76|-|169|-|store|-|2001002|-|1|-|2|-|536535.24|-|161
store|-|2002001|-|2|-|2|-|1440545.64|-|383|-|store|-|2002001|-|2|-|2|-|1329963.82|-|368
store|-|2002002|-|2|-|2|-|747435.75|-|207|-|store|-|2002002|-|2|-|2|-|816248.81|-|208
store|-|2003001|-|3|-|2|-|1388229.4|-|395|-|store|-|2003001|-|3|-|2|-|1469176.6400000001|-|414
store|-|2003002|-|3|-|2|-|716344.82|-|190|-|store|-|2003002|-|3|-|2|-|729626.91|-|181
store|-|2004001|-|4|-|2|-|1613653.1|-|440|-|store|-|2004001|-|4|-|2|-|1488785.3499999996|-|406
store|-|2004002|-|4|-|2|-|657357.03|-|182|-|store|-|2004002|-|4|-|2|-|593298.47|-|162
store|-|3001001|-|1|-|3|-|1282986.35|-|374|-|store|-|3001001|-|1|-|3|-|1519875.76|-|390
store|-|3001002|-|1|-|3|-|673633.1500000001|-|169|-|store|-|3001002|-|1|-|3|-|656845.65|-|177
store|-|3002001|-|2|-|3|-|1333021.0799999998|-|362|-|store|-|3002001|-|2|-|3|-|1241035.46|-|351
store|-|3002002|-|2|-|3|-|748022.41|-|210|-|store|-|3002002|-|2|-|3|-|699267.97|-|190
store|-|3003001|-|3|-|3|-|1134792.91|-|326|-|store|-|3003001|-|3|-|3|-|1020180.77|-|305
store|-|3003002|-|3|-|3|-|802127.48|-|197|-|store|-|3003002|-|3|-|3|-|703596.57|-|195
store|-|3004001|-|4|-|3|-|1385106.2100000002|-|399|-|store|-|3004001|-|4|-|3|-|1338923.0300000003|-|363
store|-|3004002|-|4|-|3|-|732944.48|-|203|-|store|-|3004002|-|4|-|3|-|722668.95|-|194
store|-|4001001|-|1|-|4|-|1157990.42|-|340|-|store|-|4001001|-|1|-|4|-|1349185.2099999997|-|367
store|-|4001002|-|1|-|4|-|621674.4700000001|-|152|-|store|-|4001002|-|1|-|4|-|549243.01|-|154
store|-|4002001|-|2|-|4|-|1568059.38|-|402|-|store|-|4002001|-|2|-|4|-|1452439.5899999999|-|374
store|-|4002002|-|2|-|4|-|694485.13|-|177|-|store|-|4002002|-|2|-|4|-|802206.88|-|214
store|-|4003001|-|3|-|4|-|1593249.8699999999|-|451|-|store|-|4003001|-|3|-|4|-|1456053.5699999998|-|403
store|-|4003002|-|3|-|4|-|662121.3600000001|-|163|-|store|-|4003002|-|3|-|4|-|717341.48|-|189
store|-|4004001|-|4|-|4|-|1248825.4100000001|-|348|-|store|-|4004001|-|4|-|4|-|1389020.0600000005|-|347
store|-|4004002|-|4|-|4|-|718297.3500000001|-|201|-|store|-|4004002|-|4|-|4|-|708937.7900000002|-|199
store|-|5001001|-|1|-|5|-|1273579.3899999997|-|349|-|store|-|5001001|-|1|-|5|-|1253638.0|-|334
store|-|5001002|-|1|-|5|-|825892.0599999999|-|217|-|store|-|5001002|-|1|-|5|-|702168.7699999999|-|206
store|-|5002001|-|2|-|5|-|1486176.43|-|365|-|store|-|5002001|-|2|-|5|-|1243594.8099999998|-|313
store|-|5002002|-|2|-|5|-|633123.0499999999|-|172|-|store|-|5002002|-|2|-|5|-|765400.35|-|202
store|-|5003001|-|3|-|5|-|1477157.8699999996|-|390|-|store|-|5003001|-|3|-|5|-|1314942.13|-|338
store|-|5003002|-|3|-|5|-|697211.48|-|193|-|store|-|5003002|-|3|-|5|-|611056.6300000001|-|180
store|-|5004001|-|4|-|5|-|1287387.7400000002|-|353|-|store|-|5004001|-|4|-|5|-|1459943.1|-|376
store|-|5004002|-|4|-|5|-|587935.1599999999|-|160|-|store|-|5004002|-|4|-|5|-|554584.1199999999|-|154
store|-|6001001|-|1|-|6|-|83017.26999999999|-|25|-|store|-|6001001|-|1|-|6|-|53839.44|-|19
store|-|6001002|-|1|-|6|-|38797.04|-|9|-|store|-|6001002|-|1|-|6|-|40326.43|-|9
store|-|6001003|-|1|-|6|-|50457.02|-|12|-|store|-|6001003|-|1|-|6|-|53585.59|-|10
store|-|6001004|-|1|-|6|-|85147.15|-|18|-|store|-|6001004|-|1|-|6|-|88513.17|-|27
store|-|6001005|-|1|-|6|-|174523.58|-|45|-|store|-|6001005|-|1|-|6|-|96635.15000000001|-|31
store|-|6001006|-|1|-|6|-|61231.2|-|15|-|store|-|6001006|-|1|-|6|-|52077.07|-|12
store|-|6001007|-|1|-|6|-|69263.79999999999|-|19|-|store|-|6001007|-|1|-|6|-|51940.5|-|18
store|-|6001008|-|1|-|6|-|7774.49|-|5|-|store|-|6001008|-|1|-|6|-|34176.0|-|11
store|-|6002001|-|2|-|6|-|137288.11000000002|-|36|-|store|-|6002001|-|2|-|6|-|158530.44|-|40
store|-|6002002|-|2|-|6|-|32548.73|-|11|-|store|-|6002002|-|2|-|6|-|87976.59|-|21
store|-|6002003|-|2|-|6|-|73606.51|-|23|-|store|-|6002003|-|2|-|6|-|75815.97|-|30
store|-|6002004|-|2|-|6|-|53750.06|-|10|-|store|-|6002004|-|2|-|6|-|47235.26000000001|-|13
store|-|6002005|-|2|-|6|-|102178.51|-|28|-|store|-|6002005|-|2|-|6|-|65676.11|-|26
store|-|6002006|-|2|-|6|-|54942.990000000005|-|11|-|store|-|6002006|-|2|-|6|-|19627.43|-|5
store|-|6002007|-|2|-|6|-|90084.17000000001|-|30|-|store|-|6002007|-|2|-|6|-|92767.58000000002|-|27
store|-|6002008|-|2|-|6|-|39639.5|-|9|-|store|-|6002008|-|2|-|6|-|22406.0|-|6
store|-|6003001|-|3|-|6|-|51483.85|-|13|-|store|-|6003001|-|3|-|6|-|54481.520000000004|-|8
store|-|6003003|-|3|-|6|-|47337.51|-|12|-|store|-|6003003|-|3|-|6|-|45051.71000000001|-|13
store|-|6003004|-|3|-|6|-|10107.64|-|5|-|store|-|6003004|-|3|-|6|-|32499.049999999996|-|7
store|-|6003005|-|3|-|6|-|66634.5|-|24|-|store|-|6003005|-|3|-|6|-|108128.1|-|28
store|-|6003006|-|3|-|6|-|48367.439999999995|-|18|-|store|-|6003006|-|3|-|6|-|40436.8|-|10
store|-|6003007|-|3|-|6|-|81724.63|-|24|-|store|-|6003007|-|3|-|6|-|53676.25|-|15
store|-|6003008|-|3|-|6|-|38023.420000000006|-|10|-|store|-|6003008|-|3|-|6|-|86371.33|-|18
store|-|6004001|-|4|-|6|-|46759.67999999999|-|16|-|store|-|6004001|-|4|-|6|-|98037.79|-|25
store|-|6004002|-|4|-|6|-|32304.25|-|8|-|store|-|6004002|-|4|-|6|-|31274.819999999996|-|9
store|-|6004003|-|4|-|6|-|69089.26000000001|-|18|-|store|-|6004003|-|4|-|6|-|70840.13|-|21
store|-|6004004|-|4|-|6|-|40891.73|-|9|-|store|-|6004004|-|4|-|6|-|37496.520000000004|-|13
store|-|6004005|-|4|-|6|-|47341.21|-|14|-|store|-|6004005|-|4|-|6|-|11576.16|-|4
store|-|6004006|-|4|-|6|-|37822.99999999999|-|15|-|store|-|6004006|-|4|-|6|-|95562.26|-|20
store|-|6004007|-|4|-|6|-|107423.33000000002|-|25|-|store|-|6004007|-|4|-|6|-|49625.350000000006|-|14
store|-|6004008|-|4|-|6|-|29725.159999999996|-|11|-|store|-|6004008|-|4|-|6|-|80015.81|-|19
store|-|6005001|-|5|-|6|-|57198.07|-|20|-|store|-|6005001|-|5|-|6|-|61313.189999999995|-|22
store|-|6005002|-|5|-|6|-|26742.25|-|7|-|store|-|6005002|-|5|-|6|-|8143.14|-|3
store|-|6005003|-|5|-|6|-|220162.11000000004|-|49|-|store|-|6005003|-|5|-|6|-|156718.19|-|37
store|-|6005004|-|5|-|6|-|11571.97|-|5|-|store|-|6005004|-|5|-|6|-|47370.39|-|12
store|-|6005005|-|5|-|6|-|98809.34000000001|-|31|-|store|-|6005005|-|5|-|6|-|139898.64|-|34
store|-|6005006|-|5|-|6|-|18108.22|-|5|-|store|-|6005006|-|5|-|6|-|23139.57|-|5
store|-|6005007|-|5|-|6|-|74967.30000000002|-|18|-|store|-|6005007|-|5|-|6|-|49412.83|-|17
store|-|6005008|-|5|-|6|-|71048.66|-|14|-|store|-|6005008|-|5|-|6|-|35086.909999999996|-|13
store|-|6006001|-|6|-|6|-|33781.32|-|9|-|store|-|6006001|-|6|-|6|-|33793.979999999996|-|13
store|-|6006003|-|6|-|6|-|97264.81|-|19|-|store|-|6006003|-|6|-|6|-|68109.24|-|28
store|-|6006004|-|6|-|6|-|68406.20000000001|-|16|-|store|-|6006004|-|6|-|6|-|45670.46|-|17
store|-|6006005|-|6|-|6|-|56934.37000000001|-|15|-|store|-|6006005|-|6|-|6|-|80912.54|-|19
store|-|6006006|-|6|-|6|-|9360.349999999999|-|4|-|store|-|6006006|-|6|-|6|-|63735.59|-|18
store|-|6006007|-|6|-|6|-|15367.23|-|7|-|store|-|6006007|-|6|-|6|-|35007.03|-|7
store|-|6006008|-|6|-|6|-|32684.130000000005|-|6|-|store|-|6006008|-|6|-|6|-|17541.68|-|5
store|-|6007001|-|7|-|6|-|20878.3|-|5|-|store|-|6007001|-|7|-|6|-|31745.91|-|6
store|-|6007002|-|7|-|6|-|22897.56|-|7|-|store|-|6007002|-|7|-|6|-|49259.05999999999|-|10
store|-|6007003|-|7|-|6|-|23239.07|-|10|-|store|-|6007003|-|7|-|6|-|58808.24999999999|-|19
store|-|6007004|-|7|-|6|-|47157.82|-|10|-|store|-|6007004|-|7|-|6|-|35948.03|-|11
store|-|6007005|-|7|-|6|-|108100.31999999999|-|27|-|store|-|6007005|-|7|-|6|-|61513.57|-|21
store|-|6007006|-|7|-|6|-|49256.53|-|10|-|store|-|6007006|-|7|-|6|-|16532.02|-|5
store|-|6007007|-|7|-|6|-|65032.829999999994|-|21|-|store|-|6007007|-|7|-|6|-|110874.54|-|26
store|-|6007008|-|7|-|6|-|56626.18|-|12|-|store|-|6007008|-|7|-|6|-|88630.08|-|17
store|-|6008001|-|8|-|6|-|138363.66|-|40|-|store|-|6008001|-|8|-|6|-|118280.45999999999|-|34
store|-|6008002|-|8|-|6|-|59363.02999999999|-|20|-|store|-|6008002|-|8|-|6|-|35498.229999999996|-|9
store|-|6008004|-|8|-|6|-|48538.79|-|12|-|store|-|6008004|-|8|-|6|-|15279.5|-|6
store|-|6008005|-|8|-|6|-|107128.06999999998|-|41|-|store|-|6008005|-|8|-|6|-|174087.69|-|43
store|-|6008006|-|8|-|6|-|18420.16|-|7|-|store|-|6008006|-|8|-|6|-|19669.85|-|8
store|-|6008007|-|8|-|6|-|33281.27|-|10|-|store|-|6008007|-|8|-|6|-|50246.87|-|12
