AAAAAAAAAJAEAAAA|-|United States|-|WI|-|Waupaca County|-|81.000000|-|131.730000|-|0.000000|-|23.710000|-|-4963.680000|-|1968.000000|-|5.000000
AAAAAAAAAKDAAAAA|-|United States|-|WI|-|Waupaca County|-|69.000000|-|47.510000|-|0.000000|-|5.700000|-|-2147.970000|-|1968.000000|-|5.000000
AAAAAAAABHCDAAAA|-|United States|-|WI|-|Waupaca County|-|35.000000|-|55.160000|-|0.000000|-|43.570000|-|-168.700000|-|1968.000000|-|5.000000
AAAAAAAABIFCAAAA|-|United States|-|WI|-|Waupaca County|-|34.000000|-|54.630000|-|0.000000|-|5.460000|-|-639.880000|-|1968.000000|-|5.000000
AAAAAAAABKJCAAAA|-|United States|-|WI|-|Waupaca County|-|59.000000|-|28.950000|-|0.000000|-|22.290000|-|406.510000|-|1968.000000|-|5.000000
AAAAAAAADJAEAAAA|-|United States|-|WI|-|Waupaca County|-|26.000000|-|91.300000|-|0.000000|-|34.690000|-|-446.940000|-|1968.000000|-|5.000000
AAAAAAAAGOOBAAAA|-|United States|-|WI|-|Waupaca County|-|69.000000|-|198.420000|-|0.000000|-|17.850000|-|-3675.630000|-|1968.000000|-|5.000000
AAAAAAAAKLDCAAAA|-|United States|-|WI|-|Waupaca County|-|36.000000|-|37.830000|-|0.000000|-|22.690000|-|-8.640000|-|1968.000000|-|5.000000
AAAAAAAALJHBAAAA|-|United States|-|WI|-|Waupaca County|-|47.000000|-|221.320000|-|0.000000|-|188.120000|-|4856.040000|-|1968.000000|-|5.000000
AAAAAAAAMCADAAAA|-|United States|-|WI|-|Waupaca County|-|40.000000|-|9.560000|-|0.000000|-|6.020000|-|69.200000|-|1968.000000|-|5.000000
AAAAAAAANPBCAAAA|-|United States|-|WI|-|Waupaca County|-|23.000000|-|114.890000|-|0.000000|-|96.500000|-|878.140000|-|1968.000000|-|5.000000
AAAAAAAAOCIBAAAA|-|United States|-|WI|-|Waupaca County|-|83.000000|-|27.110000|-|0.000000|-|17.350000|-|581.000000|-|1968.000000|-|5.000000
AAAAAAAACJCAAAAA|-|United States|-|WI|-|Washburn County|-|14.000000|-|119.730000|-|0.000000|-|13.170000|-|-675.220000|-|1964.000000|-|5.000000
AAAAAAAACLMDAAAA|-|United States|-|WI|-|Washburn County|-|5.000000|-|126.370000|-|0.000000|-|7.580000|-|-437.200000|-|1964.000000|-|5.000000
AAAAAAAAECKDAAAA|-|United States|-|WI|-|Washburn County|-|44.000000|-|36.890000|-|0.000000|-|4.790000|-|-878.680000|-|1964.000000|-|5.000000
AAAAAAAAGJIAAAAA|-|United States|-|WI|-|Washburn County|-|25.000000|-|159.050000|-|0.000000|-|33.400000|-|-718.250000|-|1964.000000|-|5.000000
AAAAAAAAIJEEAAAA|-|United States|-|WI|-|Washburn County|-|35.000000|-|143.290000|-|0.000000|-|55.880000|-|-1456.000000|-|1964.000000|-|5.000000
AAAAAAAAKNODAAAA|-|United States|-|WI|-|Washburn County|-|15.000000|-|88.400000|-|0.000000|-|19.440000|-|-786.450000|-|1964.000000|-|5.000000
AAAAAAAALGCAAAAA|-|United States|-|WI|-|Washburn County|-|78.000000|-|38.030000|-|0.000000|-|22.050000|-|-634.920000|-|1964.000000|-|5.000000
AAAAAAAABPGAAAAA|-|United States|-|WI|-|Shawano County|-|59.000000|-|102.120000|-|0.000000|-|30.630000|-|-2377.110000|-|1943.000000|-|3.000000
AAAAAAAACBJCAAAA|-|United States|-|WI|-|Shawano County|-|44.000000|-|137.230000|-|0.000000|-|131.740000|-|2836.680000|-|1943.000000|-|3.000000
AAAAAAAACMIAAAAA|-|United States|-|WI|-|Shawano County|-|73.000000|-|199.940000|-|3094.030000|-|79.970000|-|-3189.660000|-|1943.000000|-|3.000000
AAAAAAAAFFOBAAAA|-|United States|-|WI|-|Shawano County|-|56.000000|-|132.640000|-|0.000000|-|129.980000|-|4496.800000|-|1943.000000|-|3.000000
AAAAAAAAGMHAAAAA|-|United States|-|WI|-|Shawano County|-|82.000000|-|48.940000|-|0.000000|-|35.720000|-|635.500000|-|1943.000000|-|3.000000
AAAAAAAAGNBCAAAA|-|United States|-|WI|-|Shawano County|-|41.000000|-|167.640000|-|0.000000|-|110.640000|-|840.910000|-|1943.000000|-|3.000000
AAAAAAAAIMFDAAAA|-|United States|-|WI|-|Shawano County|-|94.000000|-|287.790000|-|0.000000|-|63.310000|-|-3377.420000|-|1943.000000|-|3.000000
AAAAAAAAKMCCAAAA|-|United States|-|WI|-|Shawano County|-|92.000000|-|51.690000|-|0.000000|-|50.130000|-|2810.600000|-|1943.000000|-|3.000000
AAAAAAAAPFIDAAAA|-|United States|-|WI|-|Shawano County|-|69.000000|-|27.150000|-|0.000000|-|14.660000|-|-632.040000|-|1943.000000|-|3.000000
AAAAAAAAAECCAAAA|-|United States|-|WI|-|Outagamie County|-|40.000000|-|81.220000|-|0.000000|-|51.160000|-|746.800000|-|1975.000000|-|1.000000
AAAAAAAAAEPAAAAA|-|United States|-|WI|-|Outagamie County|-|73.000000|-|85.250000|-|0.000000|-|3.410000|-|-4651.560000|-|1975.000000|-|1.000000
AAAAAAAAAHNDAAAA|-|United States|-|WI|-|Outagamie County|-|51.000000|-|63.060000|-|0.000000|-|5.040000|-|-2107.830000|-|1975.000000|-|1.000000
AAAAAAAABKFAAAAA|-|United States|-|WI|-|Outagamie County|-|36.000000|-|218.670000|-|0.000000|-|170.560000|-|2913.840000|-|1975.000000|-|1.000000
AAAAAAAACOCCAAAA|-|United States|-|WI|-|Outagamie County|-|93.000000|-|97.750000|-|0.000000|-|27.370000|-|-2649.570000|-|1975.000000|-|1.000000
AAAAAAAADMHAAAAA|-|United States|-|WI|-|Outagamie County|-|11.000000|-|64.240000|-|0.000000|-|10.920000|-|-330.000000|-|1975.000000|-|1.000000
AAAAAAAAHJIBAAAA|-|United States|-|WI|-|Outagamie County|-|16.000000|-|30.600000|-|0.000000|-|6.730000|-|-57.760000|-|1975.000000|-|1.000000
AAAAAAAAKBGAAAAA|-|United States|-|WI|-|Outagamie County|-|23.000000|-|179.850000|-|0.000000|-|120.490000|-|948.980000|-|1975.000000|-|1.000000
AAAAAAAAKDEAAAAA|-|United States|-|WI|-|Outagamie County|-|36.000000|-|3.170000|-|0.000000|-|1.040000|-|-15.480000|-|1975.000000|-|1.000000
AAAAAAAAKOCAAAAA|-|United States|-|WI|-|Outagamie County|-|52.000000|-|11.590000|-|89.990000|-|5.090000|-|-216.870000|-|1975.000000|-|1.000000
AAAAAAAANEPCAAAA|-|United States|-|WI|-|Outagamie County|-|2.000000|-|102.030000|-|9.300000|-|19.380000|-|-87.820000|-|1975.000000|-|1.000000
AAAAAAAAOLCEAAAA|-|United States|-|WI|-|Outagamie County|-|6.000000|-|112.560000|-|0.000000|-|0.000000|-|-296.220000|-|1975.000000|-|1.000000
AAAAAAAAAAMBAAAA|-|United States|-|WI|-|Oneida County|-|1.000000|-|37.170000|-|0.000000|-|30.100000|-|13.430000|-|1932.000000|-|2.000000
AAAAAAAAAJJCAAAA|-|United States|-|WI|-|Oneida County|-|61.000000|-|30.960000|-|0.000000|-|0.610000|-|-875.350000|-|1932.000000|-|2.000000
AAAAAAAABJNCAAAA|-|United States|-|WI|-|Oneida County|-|68.000000|-|194.120000|-|5044.890000|-|190.230000|-|2589.470000|-|1975.000000|-|3.000000
AAAAAAAACEABAAAA|-|United States|-|WI|-|Oneida County|-|41.000000|-|57.880000|-|0.000000|-|27.200000|-|31.570000|-|1975.000000|-|3.000000
AAAAAAAACLBDAAAA|-|United States|-|WI|-|Oneida County|-|73.000000|-|34.980000|-|0.000000|-|34.980000|-|510.270000|-|1975.000000|-|3.000000
AAAAAAAAEANDAAAA|-|United States|-|WI|-|Oneida County|-|23.000000|-|222.130000|-|0.000000|-|33.310000|-|-1494.540000|-|1932.000000|-|2.000000
AAAAAAAAECICAAAA|-|United States|-|WI|-|Oneida County|-|95.000000|-|16.230000|-|99.270000|-|2.750000|-|-654.070000|-|1932.000000|-|2.000000
AAAAAAAAEELAAAAA|-|United States|-|WI|-|Oneida County|-|23.000000|-|142.390000|-|2685.250000|-|116.750000|-|-1893.130000|-|1932.000000|-|2.000000
AAAAAAAAEFJCAAAA|-|United States|-|WI|-|Oneida County|-|19.000000|-|215.220000|-|272.330000|-|159.260000|-|1271.990000|-|1975.000000|-|3.000000
AAAAAAAAEHPCAAAA|-|United States|-|WI|-|Oneida County|-|92.000000|-|168.800000|-|0.000000|-|77.640000|-|-1631.160000|-|1975.000000|-|3.000000
AAAAAAAAENGCAAAA|-|United States|-|WI|-|Oneida County|-|48.000000|-|178.620000|-|0.000000|-|146.460000|-|3501.600000|-|1975.000000|-|3.000000
AAAAAAAAFIMAAAAA|-|United States|-|WI|-|Oneida County|-|29.000000|-|208.250000|-|0.000000|-|54.140000|-|-1078.800000|-|1932.000000|-|2.000000
AAAAAAAAGLIDAAAA|-|United States|-|WI|-|Oneida County|-|58.000000|-|156.600000|-|0.000000|-|87.690000|-|976.140000|-|1975.000000|-|3.000000
AAAAAAAAGPNBAAAA|-|United States|-|WI|-|Oneida County|-|59.000000|-|58.910000|-|0.000000|-|18.850000|-|-412.410000|-|1932.000000|-|2.000000
AAAAAAAAIGLAAAAA|-|United States|-|WI|-|Oneida County|-|11.000000|-|33.260000|-|0.000000|-|4.980000|-|-220.330000|-|1932.000000|-|2.000000
AAAAAAAAIJBBAAAA|-|United States|-|WI|-|Oneida County|-|63.000000|-|165.040000|-|0.000000|-|155.130000|-|4495.050000|-|1932.000000|-|2.000000
AAAAAAAAIPCDAAAA|-|United States|-|WI|-|Oneida County|-|94.000000|-|40.560000|-|204.830000|-|2.830000|-|-2093.290000|-|1932.000000|-|2.000000
AAAAAAAAJFDCAAAA|-|United States|-|WI|-|Oneida County|-|68.000000|-|62.160000|-|0.000000|-|49.720000|-|-393.040000|-|1932.000000|-|2.000000
AAAAAAAAJOKBAAAA|-|United States|-|WI|-|Oneida County|-|79.000000|-|196.560000|-|4965.640000|-|161.170000|-|1604.790000|-|1932.000000|-|2.000000
AAAAAAAANHDCAAAA|-|United States|-|WI|-|Oneida County|-|31.000000|-|132.090000|-|0.000000|-|113.590000|-|1934.090000|-|1975.000000|-|3.000000
AAAAAAAACOBAAAAA|-|United States|-|WI|-|Marinette County|-|29.000000|-|147.630000|-|764.500000|-|56.090000|-|-871.220000|-|1989.000000|-|2.000000
AAAAAAAAELFAAAAA|-|United States|-|WI|-|Marinette County|-|29.000000|-|105.980000|-|0.000000|-|73.120000|-|-338.430000|-|1989.000000|-|2.000000
AAAAAAAAGLOAAAAA|-|United States|-|WI|-|Marinette County|-|24.000000|-|140.260000|-|0.000000|-|63.110000|-|57.360000|-|1989.000000|-|2.000000
AAAAAAAAGONCAAAA|-|United States|-|WI|-|Marinette County|-|79.000000|-|53.220000|-|0.000000|-|11.170000|-|-1978.160000|-|1989.000000|-|2.000000
AAAAAAAAHPBCAAAA|-|United States|-|WI|-|Marinette County|-|87.000000|-|230.180000|-|16015.960000|-|214.060000|-|-5736.910000|-|1989.000000|-|2.000000
AAAAAAAAKGEAAAAA|-|United States|-|WI|-|Marinette County|-|34.000000|-|91.870000|-|0.000000|-|39.500000|-|-116.620000|-|1989.000000|-|2.000000
AAAAAAAAKKEBAAAA|-|United States|-|WI|-|Marinette County|-|19.000000|-|42.360000|-|0.000000|-|7.620000|-|-208.240000|-|1989.000000|-|2.000000
AAAAAAAAKNEEAAAA|-|United States|-|WI|-|Marinette County|-|25.000000|-|52.150000|-|119.940000|-|10.430000|-|-316.690000|-|1989.000000|-|2.000000
AAAAAAAALADCAAAA|-|United States|-|WI|-|Marinette County|-|46.000000|-|111.830000|-|0.000000|-|95.050000|-|2210.760000|-|1989.000000|-|2.000000
AAAAAAAAMIPAAAAA|-|United States|-|WI|-|Marinette County|-|64.000000|-|201.050000|-|0.000000|-|142.740000|-|4743.680000|-|1989.000000|-|2.000000
AAAAAAAANNFAAAAA|-|United States|-|WI|-|Marinette County|-|49.000000|-|86.010000|-|0.000000|-|81.700000|-|2394.630000|-|1989.000000|-|2.000000
AAAAAAAAOGBCAAAA|-|United States|-|WI|-|Marinette County|-|54.000000|-|42.100000|-|0.000000|-|12.630000|-|-1525.500000|-|1989.000000|-|2.000000
AAAAAAAABPGDAAAA|-|United States|-|WI|-|Kenosha County|-|34.000000|-|35.250000|-|0.000000|-|1.410000|-|-985.320000|-|1986.000000|-|3.000000
AAAAAAAACMDDAAAA|-|United States|-|WI|-|Kenosha County|-|52.000000|-|206.560000|-|0.000000|-|49.570000|-|-2611.440000|-|1986.000000|-|3.000000
AAAAAAAACPECAAAA|-|United States|-|WI|-|Kenosha County|-|44.000000|-|40.800000|-|0.000000|-|28.150000|-|-153.120000|-|1986.000000|-|3.000000
AAAAAAAAGFKCAAAA|-|United States|-|WI|-|Kenosha County|-|15.000000|-|94.100000|-|0.000000|-|27.280000|-|-840.000000|-|1986.000000|-|3.000000
AAAAAAAAJBBCAAAA|-|United States|-|WI|-|Kenosha County|-|35.000000|-|44.470000|-|0.000000|-|17.780000|-|-29.050000|-|1986.000000|-|3.000000
AAAAAAAAJHKCAAAA|-|United States|-|WI|-|Kenosha County|-|51.000000|-|162.870000|-|0.000000|-|76.540000|-|-148.410000|-|1986.000000|-|3.000000
AAAAAAAAOBLAAAAA|-|United States|-|WI|-|Kenosha County|-|89.000000|-|21.190000|-|0.000000|-|7.410000|-|-436.990000|-|1986.000000|-|3.000000
AAAAAAAAPJHDAAAA|-|United States|-|WI|-|Kenosha County|-|63.000000|-|28.810000|-|0.000000|-|3.740000|-|-481.950000|-|1986.000000|-|3.000000
AAAAAAAABDGDAAAA|-|United States|-|WI|-|Juneau County|-|44.000000|-|185.590000|-|360.930000|-|63.100000|-|-1794.010000|-|1983.000000|-|1.000000
AAAAAAAACILCAAAA|-|United States|-|WI|-|Juneau County|-|72.000000|-|107.730000|-|0.000000|-|12.920000|-|-3217.680000|-|1983.000000|-|1.000000
AAAAAAAACJACAAAA|-|United States|-|WI|-|Juneau County|-|65.000000|-|69.030000|-|0.000000|-|18.630000|-|-1353.300000|-|1983.000000|-|1.000000
AAAAAAAAEMIBAAAA|-|United States|-|WI|-|Juneau County|-|94.000000|-|101.070000|-|0.000000|-|80.850000|-|-384.460000|-|1983.000000|-|1.000000
AAAAAAAAMBGEAAAA|-|United States|-|WI|-|Juneau County|-|84.000000|-|77.180000|-|0.000000|-|49.390000|-|1090.320000|-|1983.000000|-|1.000000
AAAAAAAAMCFDAAAA|-|United States|-|WI|-|Juneau County|-|62.000000|-|35.470000|-|0.000000|-|30.850000|-|109.740000|-|1983.000000|-|1.000000
AAAAAAAAMHPDAAAA|-|United States|-|WI|-|Juneau County|-|35.000000|-|29.740000|-|0.000000|-|23.790000|-|407.750000|-|1983.000000|-|1.000000
AAAAAAAAMMEDAAAA|-|United States|-|WI|-|Juneau County|-|73.000000|-|7.460000|-|0.000000|-|6.040000|-|106.580000|-|1983.000000|-|1.000000
AAAAAAAANNBEAAAA|-|United States|-|WI|-|Juneau County|-|81.000000|-|45.820000|-|0.000000|-|45.820000|-|1285.470000|-|1983.000000|-|1.000000
AAAAAAAACBHAAAAA|-|United States|-|WI|-|Jefferson County|-|10.000000|-|211.360000|-|1141.720000|-|156.400000|-|-529.820000|-|1962.000000|-|1.000000
AAAAAAAACGBCAAAA|-|United States|-|WI|-|Jefferson County|-|88.000000|-|126.270000|-|0.000000|-|42.930000|-|-3081.760000|-|1962.000000|-|1.000000
AAAAAAAACNJCAAAA|-|United States|-|WI|-|Jefferson County|-|3.000000|-|102.710000|-|0.000000|-|84.220000|-|0.090000|-|1962.000000|-|1.000000
AAAAAAAADMBAAAAA|-|United States|-|WI|-|Jefferson County|-|82.000000|-|177.380000|-|0.000000|-|35.470000|-|-2707.640000|-|1962.000000|-|1.000000
AAAAAAAAHEODAAAA|-|United States|-|WI|-|Jefferson County|-|68.000000|-|49.640000|-|0.000000|-|20.350000|-|-1630.640000|-|1962.000000|-|1.000000
AAAAAAAAJJFCAAAA|-|United States|-|WI|-|Jefferson County|-|68.000000|-|34.330000|-|0.000000|-|9.950000|-|-829.600000|-|1962.000000|-|1.000000
AAAAAAAAMFJCAAAA|-|United States|-|WI|-|Jefferson County|-|56.000000|-|50.580000|-|612.310000|-|23.770000|-|-605.030000|-|1962.000000|-|1.000000
AAAAAAAAMKEAAAAA|-|United States|-|WI|-|Jefferson County|-|13.000000|-|2.840000|-|33.240000|-|2.780000|-|-17.510000|-|1962.000000|-|1.000000
AAAAAAAANIMBAAAA|-|United States|-|WI|-|Jefferson County|-|18.000000|-|132.140000|-|0.000000|-|88.530000|-|-69.840000|-|1962.000000|-|1.000000
AAAAAAAAEHIBAAAA|-|United States|-|WI|-|Iowa County|-|51.000000|-|98.490000|-|1966.740000|-|43.330000|-|-3197.370000|-|1950.000000|-|0.000000
AAAAAAAAHEPCAAAA|-|United States|-|WI|-|Iowa County|-|27.000000|-|37.460000|-|0.000000|-|13.860000|-|-24.030000|-|1950.000000|-|0.000000
