1998|-|4001001|-|amalgedu pack #1|-|155686.21
1998|-|2002002|-|importoimporto #2|-|129937.24000000002
1998|-|2001001|-|amalgimporto #1|-|94761.66999999997
1998|-|4003001|-|exportiedu pack #1|-|94373.5
1998|-|4004002|-|edu packedu pack #2|-|83142.07
1998|-|1004001|-|edu packamalg #1|-|81505.08000000002
1998|-|1003001|-|exportiamalg #1|-|78903.18
1998|-|3004001|-|edu packexporti #1|-|76272.37999999999
1998|-|3001001|-|amalgexporti #1|-|69938.64
1998|-|3003001|-|exportiexporti #1|-|69771.64
1998|-|9013005|-|exportiunivamalg #5|-|62380.61
1998|-|1002001|-|importoamalg #1|-|58070.15
1998|-|3002001|-|importoexporti #1|-|54805.509999999995
1998|-|9016008|-|corpunivamalg #8|-|53549.530000000006
1998|-|9003003|-|exportimaxi #3|-|50534.380000000005
1998|-|2003001|-|exportiimporto #1|-|48482.00000000001
1998|-|2004002|-|edu packimporto #2|-|48454.39
1998|-|4003002|-|exportiedu pack #2|-|47581.780000000006
1998|-|5003001|-|exportischolar #1|-|47172.950000000004
1998|-|1002002|-|importoamalg #2|-|44963.84
1998|-|9004008|-|edu packmaxi #8|-|43104.5
1998|-|7004005|-|edu packbrand #5|-|42362.399999999994
1998|-|6009008|-|maxicorp #8|-|40264.369999999995
1998|-|8012007|-|importomaxi #7|-|39431.9
1998|-|5004001|-|edu packscholar #1|-|37322.66
1998|-|5001002|-|amalgscholar #2|-|37170.509999999995
1998|-|7013007|-|exportinameless #7|-|36958.49999999999
1998|-|1001001|-|amalgamalg #1|-|35575.66
1998|-|9012009|-|importounivamalg #9|-|35250.39
1998|-|10011008|-|amalgamalgamalg #8|-|34985.42
1998|-|7016008|-|corpnameless #8|-|33586.57
1998|-|10016002|-|corpamalgamalg #2|-|32829.21
1998|-|10001007|-|amalgunivamalg #7|-|32464.04
1998|-|9008003|-|namelessmaxi #3|-|32227.15
1998|-|6007007|-|brandcorp #7|-|31909.23
1998|-|2001002|-|amalgimporto #2|-|31819.950000000004
1998|-|7005006|-|scholarbrand #6|-|31598.090000000004
1998|-|7008005|-|namelessbrand #5|-|31553.88
1998|-|2004001|-|edu packimporto #1|-|31267.670000000006
1998|-|7002009|-|importobrand #9|-|30986.84
1998|-|6015001|-|scholarbrand #1|-|30758.49
1998|-|5002001|-|importoscholar #1|-|30075.299999999996
1998|-|2002001|-|importoimporto #1|-|29770.32999999999
1998|-|9001003|-|amalgmaxi #3|-|29758.570000000003
1998|-|10003008|-|exportiunivamalg #8|-|29662.500000000004
1998|-|9014011|-|edu packunivamalg #11|-|28220.36
1998|-|10005002|-|scholarunivamalg #2|-|28205.35
1998|-|7010009|-|univnameless #9|-|28047.7
1998|-|9015011|-|scholarunivamalg #11|-|27652.680000000004
1998|-|7002002|-|importobrand #2|-|27534.409999999993
1998|-|8001007|-|amalgnameless #7|-|26955.55
1998|-|10009010|-|maxiunivamalg #10|-|26491.53
1998|-|7009003|-|maxibrand #3|-|26300.309999999998
1998|-|10016008|-|corpamalgamalg #8|-|26290.85
1998|-|9014008|-|edu packunivamalg #8|-|25467.480000000003
1998|-|7014003|-|edu packnameless #3|-|25430.789999999997
1998|-|6012005|-|importobrand #5|-|25358.74
1998|-|8005009|-|scholarnameless #9|-|25333.39
1998|-|7006007|-|corpbrand #7|-|24753.309999999998
1998|-|8010002|-|univmaxi #2|-|24519.079999999998
1998|-|8009005|-|maxinameless #5|-|24104.6
1998|-|8002007|-|importonameless #7|-|23814.74
1998|-|6015003|-|scholarbrand #3|-|23660.82
1998|-|9016011|-|corpunivamalg #11|-|23266.600000000002
1998|-|10009016|-|maxiunivamalg #16|-|23200.15
1998|-|1003002|-|exportiamalg #2|-|23151.94
1998|-|8008006|-|namelessnameless #6|-|23139.08
1998|-|8014006|-|edu packmaxi #6|-|22467.16
1998|-|2003002|-|exportiimporto #2|-|21967.08
1998|-|7014001|-|edu packnameless #1|-|19786.739999999998
1998|-|3004002|-|edu packexporti #2|-|19520.18
1998|-|6003004|-|exporticorp #4|-|19172.39
1998|-|4001002|-|amalgedu pack #2|-|19108.88
1998|-|8006010|-|corpnameless #10|-|18894.78
1998|-|8004002|-|edu packnameless #2|-|18825.129999999997
1998|-|null|-|brandmaxi #11|-|18566.28
1998|-|10001003|-|amalgunivamalg #3|-|18509.0
1998|-|3003002|-|exportiexporti #2|-|17977.670000000002
1998|-|10015013|-|scholaramalgamalg #13|-|17963.02
1998|-|7011010|-|amalgnameless #10|-|17331.98
1998|-|8002008|-|importonameless #8|-|17265.44
1998|-|9007003|-|brandmaxi #3|-|16856.769999999997
1998|-|8013007|-|exportimaxi #7|-|16681.68
1998|-|10008007|-|namelessunivamalg #7|-|16619.36
1998|-|10008006|-|namelessunivamalg #6|-|15464.99
1998|-|9010002|-|univunivamalg #2|-|15012.189999999999
1998|-|6002008|-|importocorp #8|-|14957.17
1998|-|7015004|-|scholarnameless #4|-|14892.35
1998|-|6005004|-|scholarcorp #4|-|14651.550000000001
1998|-|4002002|-|importoedu pack #2|-|14385.239999999998
1998|-|10014001|-|edu packamalgamalg #1|-|14169.02
1998|-|7006005|-|corpbrand #5|-|14007.580000000002
1998|-|4002001|-|importoedu pack #1|-|13960.109999999999
1998|-|8001009|-|amalgnameless #9|-|13937.580000000002
1998|-|7006001|-|corpbrand #1|-|13609.699999999999
1998|-|5002002|-|importoscholar #2|-|13376.670000000002
1998|-|10013006|-|exportiamalgamalg #6|-|13084.91
1998|-|7015007|-|scholarnameless #7|-|12755.6
1998|-|7013002|-|exportinameless #2|-|12749.499999999998
1998|-|9009009|-|maximaxi #9|-|12269.83
