AAAAAAAAOJIBAAAA|-|null
AAAAAAAAJABAAAAA|-|7.31
AAAAAAAAMPBEAAAA|-|29.07
AAAAAAAAGGLDAAAA|-|34.65
AAAAAAAAAFGCAAAA|-|42.9
AAAAAAAAKFEAAAAA|-|51.24
AAAAAAAAGNGBAAAA|-|56.65
AAAAAAAAKBOAAAAA|-|59.9
AAAAAAAAKDPDAAAA|-|70.3
AAAAAAAAACEEAAAA|-|74.52
AAAAAAAAKJFCAAAA|-|121.72
AAAAAAAAOHAEAAAA|-|161.1
AAAAAAAAALIDAAAA|-|167.09
AAAAAAAAIKOCAAAA|-|167.32
AAAAAAAAACGDAAAA|-|188.24
AAAAAAAAPBECAAAA|-|209.76
AAAAAAAAENGCAAAA|-|256.05
AAAAAAAAEMPDAAAA|-|332.12
AAAAAAAAELFCAAAA|-|353.28
AAAAAAAAMLHCAAAA|-|371.91
AAAAAAAAIMKBAAAA|-|419.75
AAAAAAAAOIKCAAAA|-|467.36
AAAAAAAAGOPAAAAA|-|473.48
AAAAAAAAIEHBAAAA|-|565.76
AAAAAAAAEJICAAAA|-|576.63
AAAAAAAAMJMBAAAA|-|578.55
AAAAAAAAOHLAAAAA|-|627.64
AAAAAAAABNLAAAAA|-|640.7
AAAAAAAAFHNDAAAA|-|666.36
AAAAAAAAAEAAAAAA|-|680.19
AAAAAAAAGJEDAAAA|-|756.0
AAAAAAAAAAAEAAAA|-|831.6
AAAAAAAAKCBBAAAA|-|949.92
AAAAAAAAEHGDAAAA|-|1092.03
AAAAAAAACBNBAAAA|-|1220.1
AAAAAAAAIHNDAAAA|-|1316.7
AAAAAAAAEKACAAAA|-|1326.08
AAAAAAAAEAGAAAAA|-|1489.6599999999999
AAAAAAAAHHODAAAA|-|1586.88
AAAAAAAALCKCAAAA|-|1613.52
AAAAAAAACMHCAAAA|-|1747.85
AAAAAAAACKCAAAAA|-|1823.54
AAAAAAAACDOAAAAA|-|1885.14
AAAAAAAAKINBAAAA|-|2243.58
AAAAAAAAKGPDAAAA|-|2371.6
AAAAAAAAAKICAAAA|-|2442.0
AAAAAAAAMKFCAAAA|-|2521.6
AAAAAAAAKAGDAAAA|-|2664.24
AAAAAAAABECAAAAA|-|2758.5
AAAAAAAAAHBDAAAA|-|3171.08
AAAAAAAAKNLAAAAA|-|3618.74
AAAAAAAAEHGCAAAA|-|3661.68
AAAAAAAAKNHCAAAA|-|3685.92
AAAAAAAAOJMDAAAA|-|3690.96
AAAAAAAAJBMDAAAA|-|3712.8
AAAAAAAACBFCAAAA|-|3893.1
AAAAAAAAIPODAAAA|-|4599.52
AAAAAAAAGAOAAAAA|-|5369.76
AAAAAAAAAECCAAAA|-|5508.070000000001
AAAAAAAAEIKDAAAA|-|7007.0
AAAAAAAAEFOCAAAA|-|8215.0
AAAAAAAANOCCAAAA|-|8825.06
AAAAAAAAEELDAAAA|-|9503.04
AAAAAAAAOLADAAAA|-|10083.7
AAAAAAAAAOCAAAAA|-|13104.0
