able|-|AAAAAAAACAAAAAAA|-|5153|-|0.8525800981979113|-|0.7023225323362883|-|0.6068464406428735|-|0.9252068972865097|-|1.4065360963511826|-|0.9488008826134389|-|1.1840960753386534
able|-|AAAAAAAACAAAAAAA|-|5153|-|0.8525800981979113|-|0.7023225323362883|-|0.6068464406428735|-|0.9252068972865097|-|1.4065360963511826|-|0.9488008826134389|-|1.1840960753386534
able|-|AAAAAAAACAAAAAAA|-|5153|-|0.8525800981979113|-|0.7023225323362883|-|0.6068464406428735|-|0.9252068972865097|-|1.4065360963511826|-|0.9488008826134389|-|1.1840960753386534
able|-|AAAAAAAACAAAAAAA|-|5153|-|0.8525800981979113|-|0.7023225323362883|-|0.6068464406428735|-|0.9252068972865097|-|1.4065360963511826|-|0.9488008826134389|-|1.1840960753386534
able|-|AAAAAAAACAAAAAAA|-|5153|-|0.8525800981979113|-|0.7023225323362883|-|0.6068464406428735|-|0.9252068972865097|-|1.4065360963511826|-|0.9488008826134389|-|1.1840960753386534
able|-|AAAAAAAACAAAAAAA|-|5153|-|0.8525800981979113|-|0.7023225323362883|-|0.6068464406428735|-|0.9252068972865097|-|1.4065360963511826|-|0.9488008826134389|-|1.1840960753386534
able|-|AAAAAAAACAAAAAAA|-|5153|-|0.8525800981979113|-|0.7023225323362883|-|0.6068464406428735|-|0.9252068972865097|-|1.4065360963511826|-|0.9488008826134389|-|1.1840960753386534
able|-|AAAAAAAACAAAAAAA|-|5153|-|0.8525800981979113|-|0.7023225323362883|-|0.6068464406428735|-|0.9252068972865097|-|1.4065360963511826|-|0.9488008826134389|-|1.1840960753386534
able|-|AAAAAAAACAAAAAAA|-|5153|-|0.8525800981979113|-|0.7023225323362883|-|0.6068464406428735|-|0.9252068972865097|-|1.4065360963511826|-|0.9488008826134389|-|1.1840960753386534
able|-|AAAAAAAACAAAAAAA|-|5153|-|0.8525800981979113|-|0.7023225323362883|-|0.6068464406428735|-|0.9252068972865097|-|1.4065360963511826|-|0.9488008826134389|-|1.1840960753386534
able|-|AAAAAAAACAAAAAAA|-|5153|-|0.8525800981979113|-|0.7023225323362883|-|0.6068464406428735|-|0.9252068972865097|-|1.4065360963511826|-|0.9488008826134389|-|1.1840960753386534
able|-|AAAAAAAACAAAAAAA|-|5153|-|0.8525800981979113|-|0.7023225323362883|-|0.6068464406428735|-|0.9252068972865097|-|1.4065360963511826|-|0.9488008826134389|-|1.1840960753386534
able|-|AAAAAAAACAAAAAAA|-|5153|-|0.8525800981979113|-|0.7023225323362883|-|0.6068464406428735|-|0.9252068972865097|-|1.4065360963511826|-|0.9488008826134389|-|1.1840960753386534
able|-|AAAAAAAACAAAAAAA|-|5153|-|0.8525800981979113|-|0.7023225323362883|-|0.6068464406428735|-|0.9252068972865097|-|1.4065360963511826|-|0.9488008826134389|-|1.1840960753386534
able|-|AAAAAAAACAAAAAAA|-|5153|-|0.8525800981979113|-|0.7023225323362883|-|0.6068464406428735|-|0.9252068972865097|-|1.4065360963511826|-|0.9488008826134389|-|1.1840960753386534
able|-|AAAAAAAACAAAAAAA|-|5153|-|0.8525800981979113|-|0.7023225323362883|-|0.6068464406428735|-|0.9252068972865097|-|1.4065360963511826|-|0.9488008826134389|-|1.1840960753386534
able|-|AAAAAAAACAAAAAAA|-|5153|-|0.8525800981979113|-|0.7023225323362883|-|0.6068464406428735|-|0.9252068972865097|-|1.4065360963511826|-|0.9488008826134389|-|1.1840960753386534
able|-|AAAAAAAACAAAAAAA|-|5153|-|0.8525800981979113|-|0.7023225323362883|-|0.6068464406428735|-|0.9252068972865097|-|1.4065360963511826|-|0.9488008826134389|-|1.1840960753386534
able|-|AAAAAAAACAAAAAAA|-|5153|-|0.8525800981979113|-|0.7023225323362883|-|0.6068464406428735|-|0.9252068972865097|-|1.4065360963511826|-|0.9488008826134389|-|1.1840960753386534
able|-|AAAAAAAACAAAAAAA|-|5153|-|0.8525800981979113|-|0.7023225323362883|-|0.6068464406428735|-|0.9252068972865097|-|1.4065360963511826|-|0.9488008826134389|-|1.1840960753386534
able|-|AAAAAAAACAAAAAAA|-|5154|-|0.9505403229337659|-|0.9928617470213214|-|1.1009800935485008|-|1.1922947970908848|-|1.0035000707869228|-|0.8570739035736046|-|0.7995162248564235
able|-|AAAAAAAACAAAAAAA|-|5154|-|0.9505403229337659|-|0.9928617470213214|-|1.1009800935485008|-|1.1922947970908848|-|1.0035000707869228|-|0.8570739035736046|-|0.7995162248564235
able|-|AAAAAAAACAAAAAAA|-|5154|-|0.9505403229337659|-|0.9928617470213214|-|1.1009800935485008|-|1.1922947970908848|-|1.0035000707869228|-|0.8570739035736046|-|0.7995162248564235
able|-|AAAAAAAACAAAAAAA|-|5154|-|0.9505403229337659|-|0.9928617470213214|-|1.1009800935485008|-|1.1922947970908848|-|1.0035000707869228|-|0.8570739035736046|-|0.7995162248564235
able|-|AAAAAAAACAAAAAAA|-|5154|-|0.9505403229337659|-|0.9928617470213214|-|1.1009800935485008|-|1.1922947970908848|-|1.0035000707869228|-|0.8570739035736046|-|0.7995162248564235
able|-|AAAAAAAACAAAAAAA|-|5154|-|0.9505403229337659|-|0.9928617470213214|-|1.1009800935485008|-|1.1922947970908848|-|1.0035000707869228|-|0.8570739035736046|-|0.7995162248564235
able|-|AAAAAAAACAAAAAAA|-|5154|-|0.9505403229337659|-|0.9928617470213214|-|1.1009800935485008|-|1.1922947970908848|-|1.0035000707869228|-|0.8570739035736046|-|0.7995162248564235
able|-|AAAAAAAACAAAAAAA|-|5154|-|0.9505403229337659|-|0.9928617470213214|-|1.1009800935485008|-|1.1922947970908848|-|1.0035000707869228|-|0.8570739035736046|-|0.7995162248564235
able|-|AAAAAAAACAAAAAAA|-|5154|-|0.9505403229337659|-|0.9928617470213214|-|1.1009800935485008|-|1.1922947970908848|-|1.0035000707869228|-|0.8570739035736046|-|0.7995162248564235
able|-|AAAAAAAACAAAAAAA|-|5154|-|0.9505403229337659|-|0.9928617470213214|-|1.1009800935485008|-|1.1922947970908848|-|1.0035000707869228|-|0.8570739035736046|-|0.7995162248564235
able|-|AAAAAAAACAAAAAAA|-|5154|-|0.9505403229337659|-|0.9928617470213214|-|1.1009800935485008|-|1.1922947970908848|-|1.0035000707869228|-|0.8570739035736046|-|0.7995162248564235
able|-|AAAAAAAACAAAAAAA|-|5154|-|0.9505403229337659|-|0.9928617470213214|-|1.1009800935485008|-|1.1922947970908848|-|1.0035000707869228|-|0.8570739035736046|-|0.7995162248564235
able|-|AAAAAAAACAAAAAAA|-|5154|-|0.9505403229337659|-|0.9928617470213214|-|1.1009800935485008|-|1.1922947970908848|-|1.0035000707869228|-|0.8570739035736046|-|0.7995162248564235
able|-|AAAAAAAACAAAAAAA|-|5154|-|0.9505403229337659|-|0.9928617470213214|-|1.1009800935485008|-|1.1922947970908848|-|1.0035000707869228|-|0.8570739035736046|-|0.7995162248564235
able|-|AAAAAAAACAAAAAAA|-|5154|-|0.9505403229337659|-|0.9928617470213214|-|1.1009800935485008|-|1.1922947970908848|-|1.0035000707869228|-|0.8570739035736046|-|0.7995162248564235
able|-|AAAAAAAACAAAAAAA|-|5154|-|0.9505403229337659|-|0.9928617470213214|-|1.1009800935485008|-|1.1922947970908848|-|1.0035000707869228|-|0.8570739035736046|-|0.7995162248564235
able|-|AAAAAAAACAAAAAAA|-|5154|-|0.9505403229337659|-|0.9928617470213214|-|1.1009800935485008|-|1.1922947970908848|-|1.0035000707869228|-|0.8570739035736046|-|0.7995162248564235
able|-|AAAAAAAACAAAAAAA|-|5154|-|0.9505403229337659|-|0.9928617470213214|-|1.1009800935485008|-|1.1922947970908848|-|1.0035000707869228|-|0.8570739035736046|-|0.7995162248564235
able|-|AAAAAAAACAAAAAAA|-|5154|-|0.9505403229337659|-|0.9928617470213214|-|1.1009800935485008|-|1.1922947970908848|-|1.0035000707869228|-|0.8570739035736046|-|0.7995162248564235
able|-|AAAAAAAACAAAAAAA|-|5154|-|0.9505403229337659|-|0.9928617470213214|-|1.1009800935485008|-|1.1922947970908848|-|1.0035000707869228|-|0.8570739035736046|-|0.7995162248564235
able|-|AAAAAAAACAAAAAAA|-|5154|-|0.9505403229337659|-|0.9928617470213214|-|1.1009800935485008|-|1.1922947970908848|-|1.0035000707869228|-|0.8570739035736046|-|0.7995162248564235
able|-|AAAAAAAACAAAAAAA|-|5154|-|0.9505403229337659|-|0.9928617470213214|-|1.1009800935485008|-|1.1922947970908848|-|1.0035000707869228|-|0.8570739035736046|-|0.7995162248564235
able|-|AAAAAAAACAAAAAAA|-|5154|-|0.9505403229337659|-|0.9928617470213214|-|1.1009800935485008|-|1.1922947970908848|-|1.0035000707869228|-|0.8570739035736046|-|0.7995162248564235
able|-|AAAAAAAACAAAAAAA|-|5154|-|0.9505403229337659|-|0.9928617470213214|-|1.1009800935485008|-|1.1922947970908848|-|1.0035000707869228|-|0.8570739035736046|-|0.7995162248564235
able|-|AAAAAAAACAAAAAAA|-|5154|-|0.9505403229337659|-|0.9928617470213214|-|1.1009800935485008|-|1.1922947970908848|-|1.0035000707869228|-|0.8570739035736046|-|0.7995162248564235
able|-|AAAAAAAACAAAAAAA|-|5154|-|0.9505403229337659|-|0.9928617470213214|-|1.1009800935485008|-|1.1922947970908848|-|1.0035000707869228|-|0.8570739035736046|-|0.7995162248564235
able|-|AAAAAAAACAAAAAAA|-|5154|-|0.9505403229337659|-|0.9928617470213214|-|1.1009800935485008|-|1.1922947970908848|-|1.0035000707869228|-|0.8570739035736046|-|0.7995162248564235
able|-|AAAAAAAACAAAAAAA|-|5154|-|0.9505403229337659|-|0.9928617470213214|-|1.1009800935485008|-|1.1922947970908848|-|1.0035000707869228|-|0.8570739035736046|-|0.7995162248564235
able|-|AAAAAAAACAAAAAAA|-|5154|-|0.9505403229337659|-|0.9928617470213214|-|1.1009800935485008|-|1.1922947970908848|-|1.0035000707869228|-|0.8570739035736046|-|0.7995162248564235
able|-|AAAAAAAACAAAAAAA|-|5154|-|0.9505403229337659|-|0.9928617470213214|-|1.1009800935485008|-|1.1922947970908848|-|1.0035000707869228|-|0.8570739035736046|-|0.7995162248564235
able|-|AAAAAAAACAAAAAAA|-|5154|-|0.9505403229337659|-|0.9928617470213214|-|1.1009800935485008|-|1.1922947970908848|-|1.0035000707869228|-|0.8570739035736046|-|0.7995162248564235
able|-|AAAAAAAACAAAAAAA|-|5154|-|0.9505403229337659|-|0.9928617470213214|-|1.1009800935485008|-|1.1922947970908848|-|1.0035000707869228|-|0.8570739035736046|-|0.7995162248564235
able|-|AAAAAAAACAAAAAAA|-|5154|-|0.9505403229337659|-|0.9928617470213214|-|1.1009800935485008|-|1.1922947970908848|-|1.0035000707869228|-|0.8570739035736046|-|0.7995162248564235
able|-|AAAAAAAACAAAAAAA|-|5154|-|0.9505403229337659|-|0.9928617470213214|-|1.1009800935485008|-|1.1922947970908848|-|1.0035000707869228|-|0.8570739035736046|-|0.7995162248564235
able|-|AAAAAAAACAAAAAAA|-|5154|-|0.9505403229337659|-|0.9928617470213214|-|1.1009800935485008|-|1.1922947970908848|-|1.0035000707869228|-|0.8570739035736046|-|0.7995162248564235
able|-|AAAAAAAACAAAAAAA|-|5154|-|0.9505403229337659|-|0.9928617470213214|-|1.1009800935485008|-|1.1922947970908848|-|1.0035000707869228|-|0.8570739035736046|-|0.7995162248564235
able|-|AAAAAAAACAAAAAAA|-|5154|-|0.9505403229337659|-|0.9928617470213214|-|1.1009800935485008|-|1.1922947970908848|-|1.0035000707869228|-|0.8570739035736046|-|0.7995162248564235
able|-|AAAAAAAACAAAAAAA|-|5154|-|0.9505403229337659|-|0.9928617470213214|-|1.1009800935485008|-|1.1922947970908848|-|1.0035000707869228|-|0.8570739035736046|-|0.7995162248564235
able|-|AAAAAAAACAAAAAAA|-|5154|-|0.9505403229337659|-|0.9928617470213214|-|1.1009800935485008|-|1.1922947970908848|-|1.0035000707869228|-|0.8570739035736046|-|0.7995162248564235
able|-|AAAAAAAACAAAAAAA|-|5154|-|0.9505403229337659|-|0.9928617470213214|-|1.1009800935485008|-|1.1922947970908848|-|1.0035000707869228|-|0.8570739035736046|-|0.7995162248564235
able|-|AAAAAAAACAAAAAAA|-|5154|-|0.9505403229337659|-|0.9928617470213214|-|1.1009800935485008|-|1.1922947970908848|-|1.0035000707869228|-|0.8570739035736046|-|0.7995162248564235
able|-|AAAAAAAACAAAAAAA|-|5154|-|0.9505403229337659|-|0.9928617470213214|-|1.1009800935485008|-|1.1922947970908848|-|1.0035000707869228|-|0.8570739035736046|-|0.7995162248564235
able|-|AAAAAAAACAAAAAAA|-|5154|-|0.9505403229337659|-|0.9928617470213214|-|1.1009800935485008|-|1.1922947970908848|-|1.0035000707869228|-|0.8570739035736046|-|0.7995162248564235
able|-|AAAAAAAACAAAAAAA|-|5154|-|0.9505403229337659|-|0.9928617470213214|-|1.1009800935485008|-|1.1922947970908848|-|1.0035000707869228|-|0.8570739035736046|-|0.7995162248564235
able|-|AAAAAAAACAAAAAAA|-|5154|-|0.9505403229337659|-|0.9928617470213214|-|1.1009800935485008|-|1.1922947970908848|-|1.0035000707869228|-|0.8570739035736046|-|0.7995162248564235
able|-|AAAAAAAACAAAAAAA|-|5154|-|0.9505403229337659|-|0.9928617470213214|-|1.1009800935485008|-|1.1922947970908848|-|1.0035000707869228|-|0.8570739035736046|-|0.7995162248564235
able|-|AAAAAAAACAAAAAAA|-|5154|-|0.9505403229337659|-|0.9928617470213214|-|1.1009800935485008|-|1.1922947970908848|-|1.0035000707869228|-|0.8570739035736046|-|0.7995162248564235
able|-|AAAAAAAACAAAAAAA|-|5154|-|0.9505403229337659|-|0.9928617470213214|-|1.1009800935485008|-|1.1922947970908848|-|1.0035000707869228|-|0.8570739035736046|-|0.7995162248564235
able|-|AAAAAAAACAAAAAAA|-|5154|-|0.9505403229337659|-|0.9928617470213214|-|1.1009800935485008|-|1.1922947970908848|-|1.0035000707869228|-|0.8570739035736046|-|0.7995162248564235
able|-|AAAAAAAACAAAAAAA|-|5155|-|0.6462628185513246|-|0.6715765088499752|-|1.1443099326504749|-|0.8150365627902112|-|1.1788275249037186|-|0.7730743960030116|-|1.036024566566439
able|-|AAAAAAAACAAAAAAA|-|5155|-|0.6462628185513246|-|0.6715765088499752|-|1.1443099326504749|-|0.8150365627902112|-|1.1788275249037186|-|0.7730743960030116|-|1.036024566566439
able|-|AAAAAAAACAAAAAAA|-|5155|-|0.6462628185513246|-|0.6715765088499752|-|1.1443099326504749|-|0.8150365627902112|-|1.1788275249037186|-|0.7730743960030116|-|1.036024566566439
able|-|AAAAAAAACAAAAAAA|-|5155|-|0.6462628185513246|-|0.6715765088499752|-|1.1443099326504749|-|0.8150365627902112|-|1.1788275249037186|-|0.7730743960030116|-|1.036024566566439
able|-|AAAAAAAACAAAAAAA|-|5155|-|0.6462628185513246|-|0.6715765088499752|-|1.1443099326504749|-|0.8150365627902112|-|1.1788275249037186|-|0.7730743960030116|-|1.036024566566439
able|-|AAAAAAAACAAAAAAA|-|5155|-|0.6462628185513246|-|0.6715765088499752|-|1.1443099326504749|-|0.8150365627902112|-|1.1788275249037186|-|0.7730743960030116|-|1.036024566566439
able|-|AAAAAAAACAAAAAAA|-|5155|-|0.6462628185513246|-|0.6715765088499752|-|1.1443099326504749|-|0.8150365627902112|-|1.1788275249037186|-|0.7730743960030116|-|1.036024566566439
able|-|AAAAAAAACAAAAAAA|-|5155|-|0.6462628185513246|-|0.6715765088499752|-|1.1443099326504749|-|0.8150365627902112|-|1.1788275249037186|-|0.7730743960030116|-|1.036024566566439
able|-|AAAAAAAACAAAAAAA|-|5155|-|0.6462628185513246|-|0.6715765088499752|-|1.1443099326504749|-|0.8150365627902112|-|1.1788275249037186|-|0.7730743960030116|-|1.036024566566439
able|-|AAAAAAAACAAAAAAA|-|5155|-|0.6462628185513246|-|0.6715765088499752|-|1.1443099326504749|-|0.8150365627902112|-|1.1788275249037186|-|0.7730743960030116|-|1.036024566566439
able|-|AAAAAAAACAAAAAAA|-|5155|-|0.6462628185513246|-|0.6715765088499752|-|1.1443099326504749|-|0.8150365627902112|-|1.1788275249037186|-|0.7730743960030116|-|1.036024566566439
able|-|AAAAAAAACAAAAAAA|-|5155|-|0.6462628185513246|-|0.6715765088499752|-|1.1443099326504749|-|0.8150365627902112|-|1.1788275249037186|-|0.7730743960030116|-|1.036024566566439
able|-|AAAAAAAACAAAAAAA|-|5155|-|0.6462628185513246|-|0.6715765088499752|-|1.1443099326504749|-|0.8150365627902112|-|1.1788275249037186|-|0.7730743960030116|-|1.036024566566439
able|-|AAAAAAAACAAAAAAA|-|5155|-|0.6462628185513246|-|0.6715765088499752|-|1.1443099326504749|-|0.8150365627902112|-|1.1788275249037186|-|0.7730743960030116|-|1.036024566566439
able|-|AAAAAAAACAAAAAAA|-|5155|-|0.6462628185513246|-|0.6715765088499752|-|1.1443099326504749|-|0.8150365627902112|-|1.1788275249037186|-|0.7730743960030116|-|1.036024566566439
able|-|AAAAAAAACAAAAAAA|-|5155|-|0.6462628185513246|-|0.6715765088499752|-|1.1443099326504749|-|0.8150365627902112|-|1.1788275249037186|-|0.7730743960030116|-|1.036024566566439
able|-|AAAAAAAACAAAAAAA|-|5155|-|0.6462628185513246|-|0.6715765088499752|-|1.1443099326504749|-|0.8150365627902112|-|1.1788275249037186|-|0.7730743960030116|-|1.036024566566439
able|-|AAAAAAAACAAAAAAA|-|5155|-|0.6462628185513246|-|0.6715765088499752|-|1.1443099326504749|-|0.8150365627902112|-|1.1788275249037186|-|0.7730743960030116|-|1.036024566566439
able|-|AAAAAAAACAAAAAAA|-|5155|-|0.6462628185513246|-|0.6715765088499752|-|1.1443099326504749|-|0.8150365627902112|-|1.1788275249037186|-|0.7730743960030116|-|1.036024566566439
able|-|AAAAAAAACAAAAAAA|-|5155|-|0.6462628185513246|-|0.6715765088499752|-|1.1443099326504749|-|0.8150365627902112|-|1.1788275249037186|-|0.7730743960030116|-|1.036024566566439
able|-|AAAAAAAACAAAAAAA|-|5155|-|0.6462628185513246|-|0.6715765088499752|-|1.1443099326504749|-|0.8150365627902112|-|1.1788275249037186|-|0.7730743960030116|-|1.036024566566439
able|-|AAAAAAAACAAAAAAA|-|5155|-|0.6462628185513246|-|0.6715765088499752|-|1.1443099326504749|-|0.8150365627902112|-|1.1788275249037186|-|0.7730743960030116|-|1.036024566566439
able|-|AAAAAAAACAAAAAAA|-|5155|-|0.6462628185513246|-|0.6715765088499752|-|1.1443099326504749|-|0.8150365627902112|-|1.1788275249037186|-|0.7730743960030116|-|1.036024566566439
able|-|AAAAAAAACAAAAAAA|-|5155|-|0.6462628185513246|-|0.6715765088499752|-|1.1443099326504749|-|0.8150365627902112|-|1.1788275249037186|-|0.7730743960030116|-|1.036024566566439
able|-|AAAAAAAACAAAAAAA|-|5155|-|0.6462628185513246|-|0.6715765088499752|-|1.1443099326504749|-|0.8150365627902112|-|1.1788275249037186|-|0.7730743960030116|-|1.036024566566439
able|-|AAAAAAAACAAAAAAA|-|5155|-|0.6462628185513246|-|0.6715765088499752|-|1.1443099326504749|-|0.8150365627902112|-|1.1788275249037186|-|0.7730743960030116|-|1.036024566566439
able|-|AAAAAAAACAAAAAAA|-|5155|-|0.6462628185513246|-|0.6715765088499752|-|1.1443099326504749|-|0.8150365627902112|-|1.1788275249037186|-|0.7730743960030116|-|1.036024566566439
able|-|AAAAAAAACAAAAAAA|-|5155|-|0.6462628185513246|-|0.6715765088499752|-|1.1443099326504749|-|0.8150365627902112|-|1.1788275249037186|-|0.7730743960030116|-|1.036024566566439
able|-|AAAAAAAACAAAAAAA|-|5155|-|0.6462628185513246|-|0.6715765088499752|-|1.1443099326504749|-|0.8150365627902112|-|1.1788275249037186|-|0.7730743960030116|-|1.036024566566439
able|-|AAAAAAAACAAAAAAA|-|5155|-|0.6462628185513246|-|0.6715765088499752|-|1.1443099326504749|-|0.8150365627902112|-|1.1788275249037186|-|0.7730743960030116|-|1.036024566566439
able|-|AAAAAAAACAAAAAAA|-|5155|-|0.6462628185513246|-|0.6715765088499752|-|1.1443099326504749|-|0.8150365627902112|-|1.1788275249037186|-|0.7730743960030116|-|1.036024566566439
