null|-|null|-|Salem|-|Lakeside|-|2203|-|23464.720000000005|-|675.04|-|46100.939999999995
null|-|Ira|-|Riverdale|-|Oak Ridge|-|10508|-|32911.54000000001|-|938.7900000000001|-|59812.32
null|-|Christina|-|Page|-|Jamestown|-|11400|-|9481.130000000001|-|408.05|-|25823.7
null|-|Rebecca|-|Belmont|-|Marion|-|13206|-|14180.52|-|1072.25|-|23887.85
null|-|null|-|Pleasant Valley|-|Lincoln|-|20829|-|16340.86|-|289.49999999999994|-|34809.84
null|-|Joel|-|Oak Hill|-|Clifton|-|21390|-|19561.57|-|939.5400000000001|-|46319.36999999999
null|-|Max|-|Stringtown|-|Pine Grove|-|22049|-|20059.769999999997|-|974.9399999999999|-|38268.07
null|-|null|-|Bridgeport|-|Riverside|-|23264|-|10699.949999999999|-|496.36|-|29285.7
null|-|Rebecca|-|Union Hill|-|Farmington|-|26031|-|7636.540000000001|-|515.78|-|13443.390000000001
null|-|null|-|Riverview|-|Ruth|-|27875|-|12592.350000000002|-|374.51|-|31362.390000000003
null|-|Raymond|-|Bunker Hill|-|Clifton|-|30655|-|27237.08|-|1237.5900000000001|-|51322.22
null|-|David|-|Glendale|-|Greenville|-|33716|-|15434.87|-|1012.5999999999999|-|30661.710000000003
null|-|null|-|Whispering Pines|-|Woodruff|-|34420|-|25919.14|-|531.5799999999999|-|49020.52999999999
null|-|Albertha|-|Lincoln|-|Brownsville|-|44571|-|15148.11|-|330.56000000000006|-|37163.28
null|-|Andrew|-|Pine Grove|-|Harmony|-|44786|-|35900.43|-|1439.19|-|72190.10999999999
null|-|Jerome|-|Galena|-|Georgetown|-|50559|-|33831.95|-|890.4999999999999|-|57970.130000000005
null|-|Leah|-|Hopewell|-|Marion|-|51912|-|21702.010000000002|-|1171.88|-|42974.33
null|-|null|-|Hillcrest|-|Cordova|-|64306|-|10534.529999999999|-|295.14|-|15380.96
null|-|John|-|Stringtown|-|Arlington|-|64522|-|21495.010000000002|-|783.81|-|45067.59
null|-|null|-|Gladstone|-|Summit|-|66488|-|20881.36|-|605.9200000000001|-|32362.22
null|-|Lakeshia|-|Sheffield|-|Salem|-|66896|-|7344.669999999998|-|366.31000000000006|-|27741.3
null|-|null|-|Hopewell|-|Riverdale|-|67278|-|24471.590000000004|-|1549.17|-|48406.810000000005
null|-|null|-|Oakdale|-|Edgewood|-|72719|-|41922.509999999995|-|1445.3|-|59799.229999999996
null|-|Matthew|-|Centerville|-|Woodlawn|-|76164|-|16525.09|-|689.5500000000001|-|31331.62
null|-|Russel|-|Red Hill|-|Woodland|-|82061|-|17750.100000000002|-|1025.09|-|40565.68
null|-|null|-|Mount Olive|-|Maple Grove|-|82183|-|16184.989999999998|-|573.7199999999999|-|44448.96
null|-|null|-|Glendale|-|Macedonia|-|85998|-|19371.17|-|723.06|-|29455.669999999995
null|-|Cindy|-|White Oak|-|Riverside|-|87930|-|12282.480000000001|-|527.01|-|27340.670000000002
null|-|Robert|-|Farmington|-|Lakeside|-|89295|-|19349.7|-|165.29000000000002|-|31209.43
null|-|Mathew|-|Shady Grove|-|Spring Hill|-|90465|-|32758.670000000002|-|1717.0400000000002|-|54985.01
null|-|null|-|Hopewell|-|Mount Vernon|-|93268|-|7233.950000000001|-|208.58999999999997|-|26331.88
null|-|Laura|-|Sulphur Springs|-|Flint|-|96398|-|4376.26|-|121.32999999999998|-|6672.24
null|-|Garth|-|Pleasant Grove|-|Highland Park|-|97743|-|18423.03|-|418.03999999999996|-|39546.229999999996
null|-|null|-|Indian Village|-|Golden|-|98530|-|18842.649999999998|-|1005.52|-|40742.920000000006
null|-|null|-|Greenfield|-|Farmington|-|98985|-|13264.630000000001|-|589.99|-|20576.04
null|-|Virginia|-|Five Forks|-|Oakland|-|106543|-|24859.750000000004|-|1006.88|-|39693.34
null|-|null|-|Scottsville|-|Greenfield|-|107236|-|14638.5|-|802.0|-|35356.18
null|-|null|-|Midway|-|New Hope|-|113272|-|50295.57000000001|-|2963.67|-|78595.37
null|-|William|-|Valley View|-|Providence|-|115559|-|29947.610000000004|-|673.8100000000001|-|50883.54000000001
null|-|null|-|Newport|-|Indian Village|-|120966|-|15268.9|-|721.76|-|27022.809999999998
null|-|Brandon|-|Arlington|-|Woodland|-|135601|-|43789.02|-|1493.4499999999998|-|66479.43
null|-|null|-|Shirley|-|Fairview|-|143290|-|19808.13|-|596.98|-|34256.82
null|-|Luther|-|Greenville|-|Hillcrest|-|149654|-|27079.369999999995|-|939.22|-|41067.5
null|-|Michelle|-|Fairview|-|Hopewell|-|149783|-|29018.579999999994|-|1426.6000000000001|-|48040.63
null|-|null|-|Clifton|-|Sunnyside|-|149869|-|10073.9|-|492.64|-|24418.480000000003
null|-|Angelica|-|Barnes|-|Plainview|-|151659|-|21082.45|-|306.14|-|40857.65
null|-|Donna|-|Centerville|-|Friendship|-|152588|-|20862.640000000003|-|969.1999999999999|-|46304.159999999996
null|-|null|-|Edgewood|-|Deerfield|-|153338|-|23831.71|-|686.97|-|69961.05
null|-|null|-|Lakeview|-|Oakland|-|153384|-|31092.169999999995|-|1274.54|-|50275.57
null|-|null|-|Waterloo|-|Brownsville|-|156086|-|15552.109999999999|-|516.54|-|44164.25000000001
null|-|null|-|Macedonia|-|Wildwood|-|156443|-|19554.510000000002|-|437.97|-|48655.71000000001
null|-|null|-|Stringtown|-|Liberty|-|158006|-|16267.970000000001|-|450.15999999999997|-|25629.749999999996
null|-|Ruth|-|Highland|-|Riverside|-|167073|-|6190.710000000001|-|221.25000000000003|-|15999.710000000001
null|-|Luke|-|Bethel|-|Newport|-|167199|-|31196.2|-|2157.54|-|54405.229999999996
null|-|null|-|Greenfield|-|Hopewell|-|168370|-|13878.8|-|617.56|-|31230.839999999997
null|-|Robert|-|Four Points|-|Farmington|-|176911|-|14828.210000000001|-|674.85|-|32517.240000000005
null|-|null|-|Harmony|-|Spring Valley|-|178332|-|10288.94|-|631.05|-|35516.38
null|-|null|-|Enterprise|-|Bunker Hill|-|182211|-|14072.57|-|405.41999999999996|-|33771.0
null|-|Loretta|-|Arlington|-|Centerville|-|186071|-|22242.579999999998|-|1002.2100000000002|-|42669.75000000001
null|-|null|-|Salem|-|Valley View|-|187904|-|15702.34|-|439.59000000000003|-|41237.94
null|-|null|-|Harvey|-|Greenville|-|190089|-|16669.95|-|769.4899999999999|-|29806.75
null|-|Debra|-|Green Acres|-|Woodlawn|-|192040|-|9053.5|-|169.31|-|13181.960000000001
null|-|Roy|-|Providence|-|Waterloo|-|195597|-|20381.570000000003|-|985.4499999999999|-|33510.51
null|-|null|-|Mount Olive|-|Mount Pleasant|-|197746|-|32038.929999999997|-|1017.39|-|87608.72
null|-|null|-|Rocky Hill|-|Providence|-|211665|-|15060.41|-|598.7499999999998|-|29385.31
null|-|Sandra|-|Unionville|-|Hopewell|-|221077|-|8341.6|-|527.6600000000001|-|17817.11
null|-|Robert|-|Summit|-|Five Points|-|224508|-|15607.689999999999|-|500.96|-|37984.93000000001
null|-|null|-|Post Oak|-|Greenville|-|227170|-|24588.06|-|828.02|-|50182.83
null|-|null|-|Five Forks|-|Greenwood|-|229217|-|28140.740000000005|-|648.8299999999999|-|44184.05
null|-|null|-|Bethel|-|Sunnyside|-|233081|-|13271.69|-|468.8|-|32129.600000000002
null|-|Shayne|-|Riverview|-|Crossroads|-|234750|-|20554.66|-|737.1|-|52975.61
null|-|null|-|Forest Hills|-|Florence|-|238423|-|3669.0700000000006|-|172.52|-|19304.989999999998
Aaron|-|Nick|-|Harmony|-|Edgewood|-|73734|-|29649.480000000007|-|959.1|-|56974.1
Abney|-|Janice|-|Mount Zion|-|Enterprise|-|27585|-|16154.820000000002|-|636.9399999999999|-|37751.159999999996
Abrams|-|Alma|-|Fairfield|-|Macedonia|-|33078|-|28262.539999999994|-|808.0899999999999|-|48263.03
Ackley|-|Cheryl|-|Wildwood|-|Crossroads|-|63059|-|18610.27|-|793.8|-|43184.27
Adams|-|Catherine|-|Highland Park|-|Concord|-|49075|-|3099.0600000000004|-|146.4|-|8540.029999999999
Adams|-|John|-|Liberty|-|Highland|-|58899|-|15722.419999999998|-|578.11|-|29914.34
Adams|-|Paulette|-|Tremont|-|Lakeside|-|82644|-|25822.050000000003|-|365.13000000000005|-|46273.62000000001
Adams|-|Edwin|-|Plainview|-|Greenwood|-|108138|-|23483.91|-|982.4|-|35181.82
Adams|-|Rachel|-|Riverside|-|Five Forks|-|145232|-|12802.560000000001|-|1048.34|-|24962.64
Adams|-|Merrill|-|Lebanon|-|Lakeside|-|165183|-|15192.36|-|807.86|-|41300.229999999996
Adams|-|Nichole|-|Edgewood|-|Friendship|-|171894|-|20821.960000000003|-|1333.6999999999998|-|48375.06
Adams|-|Nichole|-|Edgewood|-|Green Acres|-|180862|-|17519.039999999997|-|657.5200000000001|-|33555.869999999995
Adams|-|Alyson|-|Marion|-|Greenfield|-|206622|-|33883.92|-|1579.3|-|51116.63
Adams|-|Donna|-|Plainview|-|Liberty|-|219849|-|18150.780000000002|-|448.49|-|22444.410000000003
Aguirre|-|Bradley|-|Waterloo|-|Clinton|-|69169|-|24894.16|-|1778.85|-|51621.96
Ahmed|-|Jeffrey|-|Stewart|-|Edgewood|-|202936|-|27333.879999999997|-|948.8299999999999|-|39990.68
Albert|-|Marina|-|Mount Olive|-|Brownsville|-|218597|-|16639.5|-|1117.8000000000002|-|31311.600000000002
Alcorn|-|Jeffery|-|Cedar Grove|-|Salem|-|46467|-|17634.79|-|785.53|-|57718.42999999999
Alderman|-|Melanie|-|Edgewood|-|Mount Zion|-|14230|-|28157.469999999998|-|270.85|-|48818.21
Aldridge|-|Daniel|-|Berlin|-|Wilson|-|114445|-|15440.330000000002|-|552.8499999999999|-|22637.399999999998
Alexander|-|Geraldine|-|Liberty|-|Mount Pleasant|-|56644|-|16767.42|-|886.8199999999999|-|29643.190000000002
Alexander|-|Shane|-|Sulphur Springs|-|Phoenix|-|156857|-|15364.31|-|792.9599999999999|-|38059.32
Alexander|-|Curtis|-|Harvey|-|Fairview|-|211843|-|19216.480000000003|-|309.90999999999997|-|58126.40000000001
Alexander|-|Arthur|-|Wilson|-|Riverdale|-|236540|-|33199.92999999999|-|1929.48|-|55876.329999999994
Alger|-|Beverly|-|Allentown|-|Riverview|-|173449|-|24541.75|-|797.49|-|48511.28
Allen|-|Brittany|-|Lincoln|-|Hillcrest|-|10696|-|17579.890000000003|-|595.9|-|46637.81
Allen|-|Yvette|-|Providence|-|Flatwoods|-|73587|-|8938.130000000001|-|561.96|-|27604.45
Allen|-|Anthony|-|Oak Ridge|-|Waterloo|-|90271|-|12089.620000000003|-|566.35|-|23879.300000000003
