Just good amou|-|EXPRESS|-|Mid Atlantic|-|1229|-|1348|-|1271|-|0|-|0
Just good amou|-|EXPRESS|-|NY Metro|-|1251|-|1288|-|1269|-|0|-|0
Just good amou|-|EXPRESS|-|North Midwest|-|1251|-|1172|-|1258|-|0|-|0
Just good amou|-|LIBRARY|-|Mid Atlantic|-|958|-|972|-|979|-|0|-|0
Just good amou|-|LIBRARY|-|NY Metro|-|943|-|976|-|945|-|0|-|0
Just good amou|-|LIBRARY|-|North Midwest|-|995|-|953|-|927|-|0|-|0
Just good amou|-|NEXT DAY|-|Mid Atlantic|-|1265|-|1308|-|1286|-|0|-|0
Just good amou|-|NEXT DAY|-|NY Metro|-|1192|-|1270|-|1266|-|0|-|0
Just good amou|-|NEXT DAY|-|North Midwest|-|1191|-|1258|-|1264|-|0|-|0
Just good amou|-|OVERNIGHT|-|Mid Atlantic|-|915|-|964|-|920|-|0|-|0
Just good amou|-|OVERNIGHT|-|NY Metro|-|896|-|998|-|1001|-|0|-|0
Just good amou|-|OVERNIGHT|-|North Midwest|-|930|-|877|-|929|-|0|-|0
Just good amou|-|REGULAR|-|Mid Atlantic|-|960|-|980|-|957|-|0|-|0
Just good amou|-|REGULAR|-|NY Metro|-|973|-|970|-|947|-|0|-|0
Just good amou|-|REGULAR|-|North Midwest|-|947|-|937|-|930|-|0|-|0
Just good amou|-|TWO DAY|-|Mid Atlantic|-|908|-|956|-|981|-|0|-|0
Just good amou|-|TWO DAY|-|NY Metro|-|898|-|937|-|977|-|0|-|0
Just good amou|-|TWO DAY|-|North Midwest|-|904|-|967|-|953|-|0|-|0
Matches produce|-|EXPRESS|-|Mid Atlantic|-|1225|-|1407|-|1274|-|0|-|0
Matches produce|-|EXPRESS|-|NY Metro|-|1276|-|1297|-|1249|-|0|-|0
Matches produce|-|EXPRESS|-|North Midwest|-|1188|-|1177|-|1294|-|0|-|0
Matches produce|-|LIBRARY|-|Mid Atlantic|-|906|-|935|-|928|-|0|-|0
Matches produce|-|LIBRARY|-|NY Metro|-|936|-|934|-|979|-|0|-|0
Matches produce|-|LIBRARY|-|North Midwest|-|884|-|928|-|926|-|0|-|0
Matches produce|-|NEXT DAY|-|Mid Atlantic|-|1268|-|1252|-|1384|-|0|-|0
Matches produce|-|NEXT DAY|-|NY Metro|-|1270|-|1245|-|1293|-|0|-|0
Matches produce|-|NEXT DAY|-|North Midwest|-|1241|-|1286|-|1260|-|0|-|0
Matches produce|-|OVERNIGHT|-|Mid Atlantic|-|967|-|983|-|966|-|0|-|0
Matches produce|-|OVERNIGHT|-|NY Metro|-|912|-|975|-|933|-|0|-|0
Matches produce|-|OVERNIGHT|-|North Midwest|-|933|-|947|-|972|-|0|-|0
Matches produce|-|REGULAR|-|Mid Atlantic|-|916|-|946|-|964|-|0|-|0
Matches produce|-|REGULAR|-|NY Metro|-|914|-|933|-|970|-|0|-|0
Matches produce|-|REGULAR|-|North Midwest|-|927|-|911|-|944|-|0|-|0
Matches produce|-|TWO DAY|-|Mid Atlantic|-|945|-|974|-|971|-|0|-|0
Matches produce|-|TWO DAY|-|NY Metro|-|977|-|968|-|963|-|0|-|0
Matches produce|-|TWO DAY|-|North Midwest|-|934|-|923|-|947|-|0|-|0
Operations|-|EXPRESS|-|Mid Atlantic|-|1298|-|1250|-|1309|-|0|-|0
Operations|-|EXPRESS|-|NY Metro|-|1230|-|1258|-|1239|-|0|-|0
Operations|-|EXPRESS|-|North Midwest|-|1234|-|1223|-|1285|-|0|-|0
Operations|-|LIBRARY|-|Mid Atlantic|-|917|-|909|-|937|-|0|-|0
Operations|-|LIBRARY|-|NY Metro|-|988|-|950|-|916|-|0|-|0
Operations|-|LIBRARY|-|North Midwest|-|894|-|935|-|927|-|0|-|0
Operations|-|NEXT DAY|-|Mid Atlantic|-|1191|-|1314|-|1266|-|0|-|0
Operations|-|NEXT DAY|-|NY Metro|-|1292|-|1293|-|1288|-|0|-|0
Operations|-|NEXT DAY|-|North Midwest|-|1186|-|1214|-|1253|-|0|-|0
Operations|-|OVERNIGHT|-|Mid Atlantic|-|935|-|938|-|989|-|0|-|0
Operations|-|OVERNIGHT|-|NY Metro|-|933|-|995|-|985|-|0|-|0
Operations|-|OVERNIGHT|-|North Midwest|-|910|-|906|-|917|-|0|-|0
Operations|-|REGULAR|-|Mid Atlantic|-|935|-|953|-|965|-|0|-|0
Operations|-|REGULAR|-|NY Metro|-|916|-|933|-|960|-|0|-|0
Operations|-|REGULAR|-|North Midwest|-|961|-|939|-|899|-|0|-|0
Operations|-|TWO DAY|-|Mid Atlantic|-|953|-|982|-|926|-|0|-|0
Operations|-|TWO DAY|-|NY Metro|-|908|-|946|-|976|-|0|-|0
Operations|-|TWO DAY|-|North Midwest|-|890|-|942|-|978|-|0|-|0
Selective,|-|EXPRESS|-|Mid Atlantic|-|1226|-|1275|-|1338|-|0|-|0
Selective,|-|EXPRESS|-|NY Metro|-|1233|-|1205|-|1358|-|0|-|0
Selective,|-|EXPRESS|-|North Midwest|-|1205|-|1218|-|1277|-|0|-|0
Selective,|-|LIBRARY|-|Mid Atlantic|-|958|-|919|-|931|-|0|-|0
Selective,|-|LIBRARY|-|NY Metro|-|991|-|987|-|1040|-|0|-|0
Selective,|-|LIBRARY|-|North Midwest|-|910|-|919|-|947|-|0|-|0
Selective,|-|NEXT DAY|-|Mid Atlantic|-|1258|-|1358|-|1303|-|0|-|0
Selective,|-|NEXT DAY|-|NY Metro|-|1259|-|1338|-|1278|-|0|-|0
Selective,|-|NEXT DAY|-|North Midwest|-|1232|-|1273|-|1233|-|0|-|0
Selective,|-|OVERNIGHT|-|Mid Atlantic|-|925|-|988|-|970|-|0|-|0
Selective,|-|OVERNIGHT|-|NY Metro|-|998|-|963|-|966|-|0|-|0
Selective,|-|OVERNIGHT|-|North Midwest|-|894|-|967|-|968|-|0|-|0
Selective,|-|REGULAR|-|Mid Atlantic|-|946|-|922|-|923|-|0|-|0
Selective,|-|REGULAR|-|NY Metro|-|990|-|969|-|902|-|0|-|0
Selective,|-|REGULAR|-|North Midwest|-|871|-|969|-|928|-|0|-|0
Selective,|-|TWO DAY|-|Mid Atlantic|-|949|-|968|-|962|-|0|-|0
Selective,|-|TWO DAY|-|NY Metro|-|964|-|932|-|1017|-|0|-|0
Selective,|-|TWO DAY|-|North Midwest|-|897|-|920|-|967|-|0|-|0
Significantly|-|EXPRESS|-|Mid Atlantic|-|1230|-|1266|-|1248|-|0|-|0
Significantly|-|EXPRESS|-|NY Metro|-|1228|-|1329|-|1304|-|0|-|0
Significantly|-|EXPRESS|-|North Midwest|-|1183|-|1319|-|1264|-|0|-|0
Significantly|-|LIBRARY|-|Mid Atlantic|-|984|-|960|-|927|-|0|-|0
Significantly|-|LIBRARY|-|NY Metro|-|894|-|898|-|949|-|0|-|0
Significantly|-|LIBRARY|-|North Midwest|-|944|-|1001|-|962|-|0|-|0
Significantly|-|NEXT DAY|-|Mid Atlantic|-|1246|-|1200|-|1270|-|0|-|0
Significantly|-|NEXT DAY|-|NY Metro|-|1276|-|1264|-|1359|-|0|-|0
Significantly|-|NEXT DAY|-|North Midwest|-|1252|-|1270|-|1288|-|0|-|0
Significantly|-|OVERNIGHT|-|Mid Atlantic|-|913|-|965|-|998|-|0|-|0
Significantly|-|OVERNIGHT|-|NY Metro|-|940|-|943|-|936|-|0|-|0
Significantly|-|OVERNIGHT|-|North Midwest|-|938|-|920|-|943|-|0|-|0
Significantly|-|REGULAR|-|Mid Atlantic|-|891|-|927|-|974|-|0|-|0
Significantly|-|REGULAR|-|NY Metro|-|936|-|911|-|950|-|0|-|0
Significantly|-|REGULAR|-|North Midwest|-|904|-|917|-|958|-|0|-|0
Significantly|-|TWO DAY|-|Mid Atlantic|-|959|-|971|-|893|-|0|-|0
Significantly|-|TWO DAY|-|NY Metro|-|888|-|942|-|957|-|0|-|0
Significantly|-|TWO DAY|-|North Midwest|-|952|-|958|-|978|-|0|-|0
