5
CHINA,7822102.999999997
INDIA,6376121.508499995
JAPAN,6000077.2184
INDONESIA,5580475.4027
VIETNAM,4497840.546600002
