2
1995,0.028648741305617564
1996,0.018250279107962137
