4
A|-|F|-|3774200.0|-|5.320753880690033E9|-|5.054096266682795E9|-|5.256751331449255E9|-|25.537587116854997|-|36002.12382901437|-|0.05014459706341336|-|147790
N|-|F|-|95257.0|-|1.3373779583999987E8|-|1.271323726511998E8|-|1.3228629122944495E8|-|25.30066401062417|-|35521.32691633463|-|0.049394422310757|-|3765
N|-|O|-|7454519.0|-|1.0505523577969997E10|-|9.979830780624588E9|-|1.0378897125948418E10|-|25.54518413937502|-|36000.3823559628|-|0.05009701285399946|-|291817
R|-|F|-|3785523.0|-|5.337950526469997E9|-|5.071818532941964E9|-|5.274405503049355E9|-|25.5259438574251|-|35994.0292140309|-|0.049989278561856136|-|148301
