AAAAAAAAAAADBAAA
AAAAAAAAAAAEBAAA
AAAAAAAAAAAFAAAA
AAAAAAAAAAAHBAAA
AAAAAAAAAAAHBAAA
AAAAAAAAAAAJAAAA
AAAAAAAAAAAMAAAA
AAAAAAAAAAAOAAAA
AAAAAAAAAAAOAAAA
AAAAAAAAAABCBAAA
AAAAAAAAAABFAAAA
AAAAAAAAAABHBAAA
AAAAAAAAAABHBAAA
AAAAAAAAAABIBAAA
AAAAAAAAAABLAAAA
AAAAAAAAAABOAAAA
AAAAAAAAAABPAAAA
AAAAAAAAAACBAAAA
AAAAAAAAAACGBAAA
AAAAAAAAAADMAAAA
AAAAAAAAAAEABAAA
AAAAAAAAAAEABAAA
AAAAAAAAAAEEBAAA
AAAAAAAAAAEJAAAA
AAAAAAAAAAELAAAA
AAAAAAAAAAFCBAAA
AAAAAAAAAAFCBAAA
AAAAAAAAAAFEAAAA
AAAAAAAAAAFEBAAA
AAAAAAAAAAFGAAAA
AAAAAAAAAAFGBAAA
AAAAAAAAAAFGBAAA
AAAAAAAAAAFLAAAA
AAAAAAAAAAFPAAAA
AAAAAAAAAAGEAAAA
AAAAAAAAAAGHAAAA
AAAAAAAAAAGHAAAA
AAAAAAAAAAGIBAAA
AAAAAAAAAAHABAAA
AAAAAAAAAAHABAAA
AAAAAAAAAAHCAAAA
AAAAAAAAAAHGBAAA
AAAAAAAAAAHHAAAA
AAAAAAAAAAHPAAAA
AAAAAAAAAAHPAAAA
AAAAAAAAAAIEBAAA
AAAAAAAAAAJAAAAA
AAAAAAAAAAJABAAA
AAAAAAAAAAJEAAAA
AAAAAAAAAAJEAAAA
AAAAAAAAAAJEBAAA
AAAAAAAAAAJEBAAA
AAAAAAAAAAJGAAAA
AAAAAAAAAAJMAAAA
AAAAAAAAAAJPAAAA
AAAAAAAAAAJPAAAA
AAAAAAAAAAKEAAAA
AAAAAAAAAAKGBAAA
AAAAAAAAAAKLAAAA
AAAAAAAAAAKPAAAA
AAAAAAAAAALCAAAA
AAAAAAAAAALFBAAA
AAAAAAAAAALGBAAA
AAAAAAAAAALHBAAA
AAAAAAAAAALJAAAA
AAAAAAAAAAMAAAAA
AAAAAAAAAAMABAAA
AAAAAAAAAAMDAAAA
AAAAAAAAAAMHAAAA
AAAAAAAAAAMHBAAA
AAAAAAAAAAMMAAAA
AAAAAAAAAAMPAAAA
AAAAAAAAAANHAAAA
AAAAAAAAAANHBAAA
AAAAAAAAAAOHBAAA
AAAAAAAAAAPDAAAA
AAAAAAAAAAPDAAAA
AAAAAAAAAAPDBAAA
AAAAAAAAAAPDBAAA
AAAAAAAAAAPLAAAA
AAAAAAAAAAPOAAAA
AAAAAAAAAAPPAAAA
AAAAAAAAABAFBAAA
AAAAAAAAABANAAAA
AAAAAAAAABBAAAAA
AAAAAAAAABBGAAAA
AAAAAAAAABBLAAAA
AAAAAAAAABBOAAAA
AAAAAAAAABCAAAAA
AAAAAAAAABCCBAAA
AAAAAAAAABCDAAAA
AAAAAAAAABCIAAAA
AAAAAAAAABCIAAAA
AAAAAAAAABDBAAAA
AAAAAAAAABDEBAAA
AAAAAAAAABDEBAAA
AAAAAAAAABDEBAAA
AAAAAAAAABDFBAAA
AAAAAAAAABDGBAAA
AAAAAAAAABDLAAAA
