AAAAAAAAAACLAAAA|-|Sir|-|Daniel|-|Walls|-|Y|-|22|-|11|-|1966|-|GUINEA-BISSAU|-|null|-|Daniel.Walls@uvm43mm6hOF4d.org|-|2452482|-|2237.90
AAAAAAAAAFBCBAAA|-|Dr.|-|Odette|-|Meyer|-|Y|-|3|-|null|-|null|-|null|-|null|-|null|-|null|-|2153.58
AAAAAAAAAJOGBAAA|-|Mrs.|-|null|-|null|-|Y|-|null|-|null|-|1948|-|LUXEMBOURG|-|null|-|null|-|2452373|-|1731.52
AAAAAAAABBFEBAAA|-|Ms.|-|Jeanetta|-|Crane|-|Y|-|12|-|6|-|1951|-|MARSHALL ISLANDS|-|null|-|Jeanetta.Crane@S.com|-|2452449|-|3766.40
AAAAAAAABFIGAAAA|-|Miss|-|Megan|-|Wilson|-|Y|-|16|-|8|-|1965|-|PALAU|-|null|-|Megan.Wilson@PZmJ0ozj1j.org|-|2452611|-|2789.05
AAAAAAAABFPNAAAA|-|Miss|-|Gladys|-|Oconnell|-|N|-|18|-|3|-|1984|-|CANADA|-|null|-|Gladys.Oconnell@OFH5B2bty.org|-|2452508|-|12495.06
AAAAAAAABIOHAAAA|-|Mrs.|-|null|-|Phillips|-|Y|-|22|-|null|-|1934|-|null|-|null|-|null|-|null|-|6407.04
AAAAAAAABJOOAAAA|-|Dr.|-|Francisco|-|Haines|-|N|-|14|-|11|-|1959|-|CHRISTMAS ISLAND|-|null|-|Francisco.Haines@DLqDtTGPlOOrB.com|-|2452488|-|5907.30
AAAAAAAABLKABAAA|-|Sir|-|Forrest|-|Gray|-|Y|-|26|-|12|-|null|-|BENIN|-|null|-|Forrest.Gray@dgRGgJXlvD68UaY.edu|-|null|-|3801.91
AAAAAAAABLNEBAAA|-|Sir|-|Charles|-|Taylor|-|Y|-|8|-|5|-|1991|-|MOLDOVA, REPUBLIC OF|-|null|-|Charles.Taylor@vXpB5ni98xuuNc.org|-|2452511|-|4456.29
AAAAAAAABNLKAAAA|-|Dr.|-|Linda|-|Parker|-|Y|-|2|-|9|-|1963|-|LITHUANIA|-|null|-|Linda.Parker@ng7Tl3.edu|-|2452367|-|3455.42
AAAAAAAABOKFAAAA|-|Mr.|-|Charles|-|Perez|-|N|-|22|-|1|-|1985|-|FRANCE|-|null|-|Charles.Perez@UExPE9oU28gO.org|-|2452510|-|2245.86
AAAAAAAACKFGBAAA|-|Sir|-|Charles|-|Walker|-|Y|-|27|-|7|-|1956|-|SAN MARINO|-|null|-|Charles.Walker@c.edu|-|2452442|-|2550.35
AAAAAAAACMMOAAAA|-|Sir|-|Michael|-|Hudson|-|N|-|5|-|8|-|1955|-|BELGIUM|-|null|-|Michael.Hudson@s97G4Mz7LC.edu|-|2452473|-|2294.46
AAAAAAAACNIOAAAA|-|Dr.|-|Angela|-|King|-|Y|-|31|-|8|-|1947|-|LIECHTENSTEIN|-|null|-|Angela.King@CXlMciUfhOi5.com|-|2452629|-|1961.80
AAAAAAAACOLJAAAA|-|Mr.|-|Marcos|-|Berry|-|Y|-|21|-|8|-|1981|-|BURKINA FASO|-|null|-|Marcos.Berry@x9nL6op.org|-|2452582|-|3589.92
AAAAAAAADCEJAAAA|-|Mrs.|-|Barbara|-|Rodriguez|-|N|-|17|-|1|-|1986|-|PITCAIRN|-|null|-|Barbara.Rodriguez@DVYth76Erq.org|-|2452428|-|1817.01
AAAAAAAADDDJAAAA|-|Dr.|-|Peggy|-|Mowery|-|Y|-|26|-|9|-|1970|-|FAROE ISLANDS|-|null|-|Peggy.Mowery@JXjtp7AENEuAeuVs.com|-|2452643|-|5229.84
AAAAAAAADGCEBAAA|-|Dr.|-|Freddie|-|Francis|-|Y|-|1|-|7|-|1956|-|TOGO|-|null|-|Freddie.Francis@0zVrEcIb97FnjKS.com|-|2452383|-|11224.16
AAAAAAAADIBJAAAA|-|Mr.|-|Gerald|-|Santana|-|N|-|1|-|2|-|1924|-|BRUNEI DARUSSALAM|-|null|-|Gerald.Santana@YipIzUX44yAan5.org|-|2452539|-|2094.30
AAAAAAAADJCBAAAA|-|Sir|-|Laurence|-|Silas|-|Y|-|18|-|12|-|1935|-|MAYOTTE|-|null|-|Laurence.Silas@SoQSQLVolqL6M.edu|-|2452378|-|2596.75
AAAAAAAADNDHBAAA|-|Dr.|-|Josue|-|Lynch|-|null|-|null|-|null|-|1970|-|ANTARCTICA|-|null|-|Josue.Lynch@J0EpTReFJsSs.org|-|null|-|2704.90
AAAAAAAAEDAGBAAA|-|Miss|-|Vickie|-|Mccray|-|N|-|23|-|6|-|1986|-|SWITZERLAND|-|null|-|Vickie.Mccray@UcOb0mmNb1iP.com|-|2452424|-|2454.40
AAAAAAAAEIAJAAAA|-|Ms.|-|Aracelis|-|Marin|-|N|-|18|-|2|-|1969|-|BELARUS|-|null|-|Aracelis.Marin@jJikSRTKLS7ykokmibO.edu|-|2452557|-|1682.80
AAAAAAAAEMOEAAAA|-|Dr.|-|Earnest|-|Barker|-|N|-|8|-|1|-|1929|-|ISRAEL|-|null|-|Earnest.Barker@bhmIkHUL9G1.org|-|2452366|-|11614.85
AAAAAAAAEMPEAAAA|-|Dr.|-|Donna|-|Alvarez|-|Y|-|30|-|3|-|1935|-|LITHUANIA|-|null|-|Donna.Alvarez@gJO1CGQo3t.com|-|2452360|-|2530.00
AAAAAAAAENHNAAAA|-|Dr.|-|James|-|Brown|-|N|-|11|-|2|-|1961|-|SLOVAKIA|-|null|-|James.Brown@ymHRksPTmJPclXN.com|-|2452522|-|2318.49
AAAAAAAAEPBGAAAA|-|Mrs.|-|Martha|-|Gall|-|Y|-|6|-|7|-|1933|-|AUSTRIA|-|null|-|Martha.Gall@VEbuvQA8lG.org|-|2452632|-|2379.61
AAAAAAAAFALBAAAA|-|Dr.|-|Tami|-|Smith|-|N|-|17|-|3|-|1979|-|MAYOTTE|-|null|-|Tami.Smith@LS.org|-|2452607|-|2932.44
AAAAAAAAFBACAAAA|-|Mr.|-|Travis|-|Tyler|-|Y|-|18|-|4|-|1948|-|LIBERIA|-|null|-|Travis.Tyler@C6zX.edu|-|2452308|-|1681.53
AAAAAAAAFDHABAAA|-|Mr.|-|Lucas|-|Rivera|-|N|-|2|-|8|-|1950|-|EL SALVADOR|-|null|-|Lucas.Rivera@nAeU.com|-|2452453|-|4726.48
AAAAAAAAFFODAAAA|-|Sir|-|Jerry|-|Crump|-|N|-|2|-|12|-|1982|-|GREECE|-|null|-|Jerry.Crump@NtXme.org|-|2452492|-|2690.60
AAAAAAAAFGBNAAAA|-|Mrs.|-|Ada|-|null|-|null|-|null|-|null|-|null|-|null|-|null|-|null|-|2452368|-|3081.24
AAAAAAAAFKPIAAAA|-|Mrs.|-|Arlene|-|Cowell|-|Y|-|7|-|4|-|1952|-|PORTUGAL|-|null|-|Arlene.Cowell@g.com|-|2452405|-|1822.50
AAAAAAAAFPFIBAAA|-|Ms.|-|Dorothy|-|Lockett|-|N|-|15|-|4|-|1986|-|ECUADOR|-|null|-|Dorothy.Lockett@tsRtexdfM4Qs.org|-|2452625|-|4917.00
AAAAAAAAFPPEAAAA|-|Sir|-|John|-|Wade|-|Y|-|19|-|10|-|1965|-|GAMBIA|-|null|-|John.Wade@pd3A7y9K1.edu|-|2452487|-|1637.25
AAAAAAAAGACDAAAA|-|Mr.|-|Ronnie|-|Waller|-|Y|-|26|-|7|-|1956|-|ARGENTINA|-|null|-|Ronnie.Waller@TqzJLfq92.com|-|2452568|-|1757.69
AAAAAAAAGGNCAAAA|-|Dr.|-|null|-|null|-|Y|-|null|-|5|-|1938|-|null|-|null|-|Alexander.Burke@ZYqgTm.org|-|null|-|6725.70
AAAAAAAAGIEBAAAA|-|Ms.|-|Grace|-|Hurd|-|N|-|29|-|9|-|1969|-|AUSTRALIA|-|null|-|Grace.Hurd@7P9IfjL2Q.edu|-|2452568|-|3514.00
AAAAAAAAGIFPAAAA|-|null|-|Diane|-|null|-|N|-|null|-|4|-|1951|-|MALAYSIA|-|null|-|Diane.Watson@NYXf7PsLv.com|-|null|-|3095.14
AAAAAAAAGMFNAAAA|-|Sir|-|Jerry|-|Martinez|-|Y|-|30|-|8|-|1932|-|MONGOLIA|-|null|-|Jerry.Martinez@T2dk5ZZjAMu.org|-|2452358|-|6831.32
AAAAAAAAGPIBBAAA|-|Mr.|-|Howard|-|Taylor|-|Y|-|17|-|5|-|1933|-|POLAND|-|null|-|Howard.Taylor@G.org|-|2452615|-|2237.64
AAAAAAAAGPIBBAAA|-|Mr.|-|Howard|-|Taylor|-|Y|-|17|-|5|-|1933|-|POLAND|-|null|-|Howard.Taylor@G.org|-|2452615|-|3915.60
AAAAAAAAHIKGBAAA|-|Dr.|-|George|-|Norton|-|Y|-|22|-|6|-|1979|-|RWANDA|-|null|-|George.Norton@1eSUCXSVai.com|-|2452633|-|3660.21
AAAAAAAAHJJDBAAA|-|Ms.|-|Luise|-|Young|-|N|-|29|-|1|-|1972|-|MALAYSIA|-|null|-|Luise.Young@7igug7uAKfSUfJk.edu|-|2452513|-|4975.56
AAAAAAAAHPBKAAAA|-|Mrs.|-|Jennifer|-|Henderson|-|Y|-|25|-|9|-|1931|-|NICARAGUA|-|null|-|Jennifer.Henderson@dNmYHvcHvs2JO7dHv.com|-|2452367|-|2537.64
AAAAAAAAIDEBAAAA|-|Ms.|-|Kimberly|-|Daniel|-|N|-|20|-|5|-|1975|-|PITCAIRN|-|null|-|Kimberly.Daniel@aVCkbuphZy95f.org|-|2452625|-|1216.47
AAAAAAAAIHGHBAAA|-|Dr.|-|Edward|-|White|-|Y|-|20|-|6|-|1963|-|TUNISIA|-|null|-|Edward.White@Lv8xGF8UVbdvpV2.com|-|2452294|-|1655.52
AAAAAAAAIHGHBAAA|-|Dr.|-|Edward|-|White|-|Y|-|20|-|6|-|1963|-|TUNISIA|-|null|-|Edward.White@Lv8xGF8UVbdvpV2.com|-|2452294|-|1706.32
AAAAAAAAIIJHBAAA|-|Dr.|-|Timothy|-|Gonzalez|-|N|-|6|-|12|-|1933|-|SWITZERLAND|-|null|-|Timothy.Gonzalez@t9kvgnadGPfD.org|-|2452286|-|1697.08
AAAAAAAAIIJHBAAA|-|Dr.|-|Timothy|-|Gonzalez|-|N|-|6|-|12|-|1933|-|SWITZERLAND|-|null|-|Timothy.Gonzalez@t9kvgnadGPfD.org|-|2452286|-|6821.76
AAAAAAAAILAHBAAA|-|Ms.|-|Deloris|-|Hoppe|-|Y|-|23|-|3|-|1933|-|NORFOLK ISLAND|-|null|-|Deloris.Hoppe@tRLBenprHfHDOr2Cg.com|-|2452612|-|1835.73
AAAAAAAAIMONAAAA|-|Mr.|-|Benjamin|-|Guerra|-|Y|-|10|-|10|-|1982|-|BHUTAN|-|null|-|Benjamin.Guerra@EOpNk.edu|-|2452640|-|1884.79
AAAAAAAAINGBAAAA|-|Ms.|-|Jennifer|-|Lilly|-|Y|-|23|-|10|-|1979|-|MONACO|-|null|-|Jennifer.Lilly@u.com|-|2452288|-|7412.00
AAAAAAAAINPGBAAA|-|Mr.|-|Melvin|-|Parker|-|N|-|26|-|1|-|1985|-|SLOVAKIA|-|null|-|Melvin.Parker@3YfpVU6D5f.edu|-|2452294|-|3176.00
AAAAAAAAIOIDBAAA|-|Sir|-|Troy|-|Leach|-|Y|-|19|-|11|-|1973|-|AFGHANISTAN|-|null|-|Troy.Leach@1ZNMPUKFgl.com|-|2452645|-|6373.50
AAAAAAAAIPHKAAAA|-|Miss|-|null|-|Chandler|-|null|-|null|-|7|-|null|-|ICELAND|-|null|-|Corinne.Chandler@pNuejtc6Vv4.com|-|null|-|9175.00
AAAAAAAAIPIJAAAA|-|Mr.|-|Graham|-|Johnson|-|N|-|26|-|7|-|1950|-|JAPAN|-|null|-|Graham.Johnson@GhiVoDbdQB4qg.com|-|2452596|-|1842.48
AAAAAAAAJCICBAAA|-|Mr.|-|Brandon|-|Gross|-|N|-|4|-|11|-|1958|-|ECUADOR|-|null|-|Brandon.Gross@ATaate3aL1.edu|-|2452313|-|3351.60
AAAAAAAAJEEPAAAA|-|Ms.|-|Teresa|-|Gee|-|Y|-|4|-|10|-|1929|-|TUVALU|-|null|-|Teresa.Gee@GzTBH6ikITXY2K.edu|-|2452499|-|2459.22
AAAAAAAAJFANAAAA|-|Miss|-|Olivia|-|Lowry|-|N|-|11|-|4|-|1942|-|HONG KONG|-|null|-|Olivia.Lowry@9sdQ3.com|-|2452504|-|5202.00
AAAAAAAAJIODAAAA|-|Mrs.|-|Carrie|-|Benson|-|Y|-|24|-|3|-|1958|-|TIMOR-LESTE|-|null|-|Carrie.Benson@C4XxCB.com|-|2452468|-|4663.20
AAAAAAAAJLBABAAA|-|Mr.|-|Elijah|-|Davis|-|N|-|13|-|7|-|1977|-|CHRISTMAS ISLAND|-|null|-|Elijah.Davis@E1BRYJbLF.com|-|2452338|-|9284.81
AAAAAAAAKAOFBAAA|-|Ms.|-|Brenna|-|Martinez|-|Y|-|10|-|8|-|1931|-|MARTINIQUE|-|null|-|Brenna.Martinez@h9a0tfVlg9.org|-|2452578|-|1790.24
AAAAAAAAKBCCAAAA|-|Sir|-|Ralph|-|Pugh|-|N|-|21|-|7|-|1978|-|ANGOLA|-|null|-|Ralph.Pugh@IJnxMn.com|-|2452411|-|3324.28
AAAAAAAAKHFKAAAA|-|Sir|-|Darius|-|Underwood|-|N|-|30|-|6|-|1935|-|SEYCHELLES|-|null|-|Darius.Underwood@rb8O6.com|-|2452473|-|1713.26
AAAAAAAAKHMFBAAA|-|Sir|-|Rudy|-|Lewis|-|N|-|25|-|10|-|1974|-|BERMUDA|-|null|-|Rudy.Lewis@8XpHZcN0XTHfsJL.com|-|2452516|-|2618.00
AAAAAAAAKIDBBAAA|-|Dr.|-|Mike|-|Lewis|-|N|-|21|-|1|-|1980|-|BOLIVIA|-|null|-|Mike.Lewis@NOc2TgRCRQ.org|-|2452615|-|2775.04
AAAAAAAAKIJFAAAA|-|null|-|null|-|Davis|-|null|-|13|-|12|-|null|-|null|-|null|-|Carl.Davis@YbUjHkAfpNY.com|-|2452491|-|5587.22
AAAAAAAAKPEBBAAA|-|Dr.|-|null|-|null|-|Y|-|null|-|9|-|1983|-|KENYA|-|null|-|Kyra.Ramirez@T3JNElq4H.com|-|2452423|-|3334.77
AAAAAAAAKPMCBAAA|-|Dr.|-|Raymond|-|Nichols|-|Y|-|25|-|7|-|1958|-|URUGUAY|-|null|-|Raymond.Nichols@iedTi96i.edu|-|2452629|-|3370.80
AAAAAAAALANEBAAA|-|Sir|-|Ted|-|Collins|-|Y|-|3|-|6|-|1944|-|UGANDA|-|null|-|Ted.Collins@I.edu|-|2452446|-|4467.60
AAAAAAAALDFEBAAA|-|Mr.|-|Robert|-|Morris|-|N|-|26|-|1|-|1937|-|CHILE|-|null|-|Robert.Morris@sEQtVxvXT9J.edu|-|2452576|-|2122.00
AAAAAAAALLOOAAAA|-|Sir|-|Mark|-|Hartley|-|N|-|6|-|5|-|1935|-|SAINT LUCIA|-|null|-|Mark.Hartley@2.edu|-|2452286|-|2155.89
AAAAAAAAMAADBAAA|-|Sir|-|Richard|-|Williams|-|Y|-|22|-|6|-|1939|-|LUXEMBOURG|-|null|-|Richard.Williams@FnboX7xtJoKRM.edu|-|2452612|-|8196.76
AAAAAAAAMBDKAAAA|-|Dr.|-|Ginger|-|Swope|-|N|-|19|-|8|-|1937|-|NEW ZEALAND|-|null|-|Ginger.Swope@eccCKj.com|-|2452629|-|3797.92
AAAAAAAAMGGKAAAA|-|Mrs.|-|Ida|-|Miranda|-|N|-|19|-|8|-|1927|-|AZERBAIJAN|-|null|-|Ida.Miranda@58fss.com|-|2452539|-|1790.28
AAAAAAAAMJDPAAAA|-|Mr.|-|Stephen|-|Hawkins|-|null|-|28|-|10|-|null|-|COMOROS|-|null|-|Stephen.Hawkins@shZF5uZaUU.org|-|null|-|4394.24
AAAAAAAAMKBGBAAA|-|Sir|-|null|-|Kaiser|-|null|-|null|-|null|-|null|-|null|-|null|-|null|-|null|-|1642.65
AAAAAAAAMKCABAAA|-|Miss|-|Arlean|-|Horne|-|N|-|10|-|9|-|1984|-|TOKELAU|-|null|-|Arlean.Horne@bYBOYIzFjaEgU4.org|-|2452435|-|1745.52
AAAAAAAAMMIMAAAA|-|Ms.|-|Candace|-|null|-|null|-|1|-|10|-|null|-|EL SALVADOR|-|null|-|null|-|null|-|2882.36
AAAAAAAAMOCCBAAA|-|Dr.|-|Charles|-|Teague|-|Y|-|29|-|10|-|1938|-|NIGER|-|null|-|Charles.Teague@g6kn96GbfBqD3HJ.com|-|2452511|-|1686.48
AAAAAAAAMPLEBAAA|-|Ms.|-|Tiffany|-|Wingfield|-|N|-|30|-|1|-|1935|-|TURKMENISTAN|-|null|-|Tiffany.Wingfield@Y9Dt.org|-|2452646|-|6816.42
AAAAAAAANAICBAAA|-|Ms.|-|Rita|-|Hansen|-|N|-|23|-|11|-|1977|-|SAMOA|-|null|-|Rita.Hansen@oefSLv1mHl8ZAlSpRy3.org|-|2452294|-|2568.58
AAAAAAAANANHBAAA|-|Mrs.|-|Jessica|-|Rivera|-|N|-|11|-|12|-|1946|-|JERSEY|-|null|-|Jessica.Rivera@iN34AzvDUxQdTy.edu|-|2452566|-|1763.08
AAAAAAAANEHCBAAA|-|Miss|-|Pamala|-|Wright|-|N|-|22|-|2|-|1924|-|TAJIKISTAN|-|null|-|Pamala.Wright@yyuUPg3eXp.com|-|2452467|-|1787.90
AAAAAAAANFPLAAAA|-|Dr.|-|Ann|-|Quarles|-|Y|-|28|-|6|-|1986|-|ALAND ISLANDS|-|null|-|Ann.Quarles@0Ry4iCg4mkhgATXL1A.edu|-|2452643|-|7101.60
AAAAAAAANLLOAAAA|-|Mrs.|-|Annette|-|Ramsey|-|N|-|9|-|7|-|1937|-|ARMENIA|-|null|-|Annette.Ramsey@I1bZyb9HLMb6.edu|-|2452485|-|2386.02
AAAAAAAANMFGBAAA|-|Mr.|-|Daniel|-|French|-|N|-|24|-|3|-|1937|-|CAYMAN ISLANDS|-|null|-|Daniel.French@cYvdnb.org|-|2452642|-|1832.32
AAAAAAAANNAAAAAA|-|Mr.|-|Melvin|-|Huntley|-|N|-|22|-|2|-|1951|-|PERU|-|null|-|Melvin.Huntley@mFaRxblkehMr.com|-|2452368|-|4573.91
AAAAAAAAOFHHAAAA|-|Miss|-|Rhonda|-|Jordan|-|N|-|3|-|3|-|1943|-|GERMANY|-|null|-|Rhonda.Jordan@LX.edu|-|2452633|-|2119.90
AAAAAAAAONBAAAAA|-|Dr.|-|Pamela|-|Mast|-|Y|-|11|-|4|-|1983|-|BOLIVIA|-|null|-|Pamela.Mast@hRJnAYv7oxEK2GSUqYn.edu|-|2452434|-|2329.73
AAAAAAAAONBAAAAA|-|Dr.|-|Pamela|-|Mast|-|Y|-|11|-|4|-|1983|-|BOLIVIA|-|null|-|Pamela.Mast@hRJnAYv7oxEK2GSUqYn.edu|-|2452434|-|2574.32
AAAAAAAAOOGCBAAA|-|Mr.|-|Joshua|-|Holmes|-|Y|-|18|-|6|-|1924|-|TIMOR-LESTE|-|null|-|Joshua.Holmes@3Hj8u.org|-|2452437|-|7662.80
AAAAAAAAOPIMAAAA|-|Mrs.|-|Saundra|-|Sparks|-|Y|-|25|-|3|-|1925|-|UZBEKISTAN|-|null|-|Saundra.Sparks@aeUbs.com|-|2452389|-|2292.00
AAAAAAAAPAFGBAAA|-|Mr.|-|Daniel|-|Griffith|-|N|-|27|-|1|-|1929|-|PANAMA|-|null|-|Daniel.Griffith@7R.org|-|2452342|-|1916.91
AAAAAAAAPAJAAAAA|-|Dr.|-|Anna|-|Diaz|-|N|-|9|-|6|-|1963|-|NORFOLK ISLAND|-|null|-|Anna.Diaz@RG6XhG059j06.com|-|2452382|-|2057.25
AAAAAAAAPBBGBAAA|-|Sir|-|Thomas|-|Smith|-|N|-|4|-|1|-|1945|-|KIRIBATI|-|null|-|Thomas.Smith@UzAk.com|-|2452324|-|8312.15
AAAAAAAAPFIHAAAA|-|Dr.|-|Minerva|-|Johnson|-|N|-|3|-|12|-|1939|-|KENYA|-|null|-|Minerva.Johnson@cCnHmACS.com|-|2452647|-|2233.56
AAAAAAAAPFJKAAAA|-|Mrs.|-|Mable|-|Saldivar|-|N|-|19|-|2|-|1970|-|ISLE OF MAN|-|null|-|Mable.Saldivar@TxxCtoMxIS6dbVy.com|-|2452583|-|2371.46
