WY|-|F|-|D|-|0|-|1|-|0.0|-|0|-|0|-|4|-|1|-|4.0|-|4|-|4|-|2|-|1|-|2.0|-|2|-|2
WY|-|F|-|D|-|2|-|1|-|2.0|-|2|-|2|-|2|-|1|-|2.0|-|2|-|2|-|5|-|1|-|5.0|-|5|-|5
WY|-|F|-|D|-|6|-|1|-|6.0|-|6|-|6|-|2|-|1|-|2.0|-|2|-|2|-|1|-|1|-|1.0|-|1|-|1
WY|-|F|-|D|-|6|-|1|-|6.0|-|6|-|6|-|3|-|1|-|3.0|-|3|-|3|-|5|-|1|-|5.0|-|5|-|5
WY|-|F|-|D|-|6|-|1|-|6.0|-|6|-|6|-|3|-|1|-|3.0|-|3|-|3|-|6|-|1|-|6.0|-|6|-|6
WY|-|F|-|M|-|1|-|1|-|1.0|-|1|-|1|-|1|-|1|-|1.0|-|1|-|1|-|2|-|1|-|2.0|-|2|-|2
WY|-|F|-|M|-|3|-|1|-|3.0|-|3|-|3|-|1|-|1|-|1.0|-|1|-|1|-|1|-|1|-|1.0|-|1|-|1
WY|-|F|-|M|-|4|-|1|-|4.0|-|4|-|4|-|6|-|1|-|6.0|-|6|-|6|-|4|-|1|-|4.0|-|4|-|4
WY|-|F|-|S|-|0|-|1|-|0.0|-|0|-|0|-|6|-|1|-|6.0|-|6|-|6|-|1|-|1|-|1.0|-|1|-|1
WY|-|F|-|S|-|1|-|1|-|1.0|-|1|-|1|-|3|-|1|-|3.0|-|3|-|3|-|3|-|1|-|3.0|-|3|-|3
WY|-|F|-|S|-|2|-|1|-|2.0|-|2|-|2|-|6|-|1|-|6.0|-|6|-|6|-|4|-|1|-|4.0|-|4|-|4
WY|-|F|-|S|-|3|-|1|-|3.0|-|3|-|3|-|3|-|1|-|3.0|-|3|-|3|-|4|-|1|-|4.0|-|4|-|4
WY|-|F|-|S|-|5|-|1|-|5.0|-|5|-|5|-|1|-|1|-|1.0|-|1|-|1|-|1|-|1|-|1.0|-|1|-|1
WY|-|F|-|U|-|1|-|1|-|1.0|-|1|-|1|-|1|-|1|-|1.0|-|1|-|1|-|1|-|1|-|1.0|-|1|-|1
WY|-|F|-|U|-|5|-|1|-|5.0|-|5|-|5|-|1|-|1|-|1.0|-|1|-|1|-|2|-|1|-|2.0|-|2|-|2
WY|-|F|-|W|-|2|-|1|-|2.0|-|2|-|2|-|6|-|1|-|6.0|-|6|-|6|-|2|-|1|-|2.0|-|2|-|2
WY|-|F|-|W|-|3|-|1|-|3.0|-|3|-|3|-|0|-|1|-|0.0|-|0|-|0|-|5|-|1|-|5.0|-|5|-|5
WY|-|M|-|D|-|0|-|1|-|0.0|-|0|-|0|-|1|-|1|-|1.0|-|1|-|1|-|0|-|1|-|0.0|-|0|-|0
WY|-|M|-|D|-|0|-|1|-|0.0|-|0|-|0|-|1|-|1|-|1.0|-|1|-|1|-|5|-|1|-|5.0|-|5|-|5
WY|-|M|-|D|-|2|-|1|-|2.0|-|2|-|2|-|0|-|1|-|0.0|-|0|-|0|-|4|-|1|-|4.0|-|4|-|4
WY|-|M|-|D|-|2|-|1|-|2.0|-|2|-|2|-|2|-|1|-|2.0|-|2|-|2|-|0|-|1|-|0.0|-|0|-|0
WY|-|M|-|D|-|4|-|1|-|4.0|-|4|-|4|-|5|-|1|-|5.0|-|5|-|5|-|1|-|1|-|1.0|-|1|-|1
WY|-|M|-|D|-|5|-|1|-|5.0|-|5|-|5|-|5|-|1|-|5.0|-|5|-|5|-|0|-|1|-|0.0|-|0|-|0
WY|-|M|-|D|-|6|-|1|-|6.0|-|6|-|6|-|5|-|1|-|5.0|-|5|-|5|-|1|-|1|-|1.0|-|1|-|1
WY|-|M|-|M|-|4|-|1|-|4.0|-|4|-|4|-|4|-|1|-|4.0|-|4|-|4|-|6|-|1|-|6.0|-|6|-|6
WY|-|M|-|S|-|2|-|1|-|2.0|-|2|-|2|-|2|-|1|-|2.0|-|2|-|2|-|1|-|1|-|1.0|-|1|-|1
WY|-|M|-|S|-|3|-|1|-|3.0|-|3|-|3|-|4|-|1|-|4.0|-|4|-|4|-|2|-|1|-|2.0|-|2|-|2
WY|-|M|-|S|-|4|-|1|-|4.0|-|4|-|4|-|0|-|1|-|0.0|-|0|-|0|-|5|-|1|-|5.0|-|5|-|5
WY|-|M|-|U|-|4|-|1|-|4.0|-|4|-|4|-|1|-|1|-|1.0|-|1|-|1|-|3|-|1|-|3.0|-|3|-|3
WY|-|M|-|U|-|4|-|1|-|4.0|-|4|-|4|-|4|-|1|-|4.0|-|4|-|4|-|6|-|1|-|6.0|-|6|-|6
WY|-|M|-|U|-|5|-|1|-|5.0|-|5|-|5|-|6|-|1|-|6.0|-|6|-|6|-|6|-|1|-|6.0|-|6|-|6
WY|-|M|-|U|-|6|-|1|-|6.0|-|6|-|6|-|4|-|1|-|4.0|-|4|-|4|-|6|-|1|-|6.0|-|6|-|6
WY|-|M|-|W|-|1|-|1|-|1.0|-|1|-|1|-|0|-|1|-|0.0|-|0|-|0|-|0|-|1|-|0.0|-|0|-|0
WY|-|M|-|W|-|1|-|1|-|1.0|-|1|-|1|-|1|-|1|-|1.0|-|1|-|1|-|0|-|1|-|0.0|-|0|-|0
WY|-|M|-|W|-|1|-|1|-|1.0|-|1|-|1|-|2|-|1|-|2.0|-|2|-|2|-|2|-|1|-|2.0|-|2|-|2
WY|-|M|-|W|-|3|-|1|-|3.0|-|3|-|3|-|6|-|1|-|6.0|-|6|-|6|-|5|-|1|-|5.0|-|5|-|5
WV|-|F|-|D|-|0|-|1|-|0.0|-|0|-|0|-|0|-|1|-|0.0|-|0|-|0|-|6|-|1|-|6.0|-|6|-|6
WV|-|F|-|D|-|0|-|1|-|0.0|-|0|-|0|-|5|-|1|-|5.0|-|5|-|5|-|1|-|1|-|1.0|-|1|-|1
WV|-|F|-|D|-|0|-|1|-|0.0|-|0|-|0|-|5|-|1|-|5.0|-|5|-|5|-|3|-|1|-|3.0|-|3|-|3
WV|-|F|-|D|-|0|-|1|-|0.0|-|0|-|0|-|6|-|1|-|6.0|-|6|-|6|-|6|-|1|-|6.0|-|6|-|6
WV|-|F|-|D|-|2|-|1|-|2.0|-|2|-|2|-|3|-|1|-|3.0|-|3|-|3|-|2|-|1|-|2.0|-|2|-|2
WV|-|F|-|D|-|2|-|1|-|2.0|-|2|-|2|-|4|-|1|-|4.0|-|4|-|4|-|3|-|1|-|3.0|-|3|-|3
WV|-|F|-|D|-|3|-|1|-|3.0|-|3|-|3|-|1|-|1|-|1.0|-|1|-|1|-|6|-|1|-|6.0|-|6|-|6
WV|-|F|-|D|-|5|-|1|-|5.0|-|5|-|5|-|0|-|1|-|0.0|-|0|-|0|-|1|-|1|-|1.0|-|1|-|1
WV|-|F|-|D|-|6|-|1|-|6.0|-|6|-|6|-|1|-|1|-|1.0|-|1|-|1|-|6|-|1|-|6.0|-|6|-|6
WV|-|F|-|M|-|0|-|1|-|0.0|-|0|-|0|-|0|-|1|-|0.0|-|0|-|0|-|1|-|1|-|1.0|-|1|-|1
WV|-|F|-|M|-|0|-|1|-|0.0|-|0|-|0|-|4|-|1|-|4.0|-|4|-|4|-|3|-|1|-|3.0|-|3|-|3
WV|-|F|-|M|-|1|-|1|-|1.0|-|1|-|1|-|1|-|1|-|1.0|-|1|-|1|-|0|-|1|-|0.0|-|0|-|0
WV|-|F|-|M|-|1|-|1|-|1.0|-|1|-|1|-|2|-|1|-|2.0|-|2|-|2|-|1|-|1|-|1.0|-|1|-|1
WV|-|F|-|M|-|2|-|1|-|2.0|-|2|-|2|-|3|-|1|-|3.0|-|3|-|3|-|2|-|1|-|2.0|-|2|-|2
WV|-|F|-|M|-|3|-|1|-|3.0|-|3|-|3|-|0|-|1|-|0.0|-|0|-|0|-|1|-|1|-|1.0|-|1|-|1
WV|-|F|-|M|-|5|-|1|-|5.0|-|5|-|5|-|1|-|1|-|1.0|-|1|-|1|-|1|-|1|-|1.0|-|1|-|1
WV|-|F|-|M|-|5|-|1|-|5.0|-|5|-|5|-|3|-|1|-|3.0|-|3|-|3|-|4|-|1|-|4.0|-|4|-|4
WV|-|F|-|S|-|1|-|1|-|1.0|-|1|-|1|-|2|-|1|-|2.0|-|2|-|2|-|3|-|1|-|3.0|-|3|-|3
WV|-|F|-|S|-|1|-|1|-|1.0|-|1|-|1|-|3|-|1|-|3.0|-|3|-|3|-|4|-|1|-|4.0|-|4|-|4
WV|-|F|-|S|-|3|-|1|-|3.0|-|3|-|3|-|0|-|1|-|0.0|-|0|-|0|-|6|-|1|-|6.0|-|6|-|6
WV|-|F|-|S|-|3|-|1|-|3.0|-|3|-|3|-|2|-|1|-|2.0|-|2|-|2|-|6|-|1|-|6.0|-|6|-|6
WV|-|F|-|S|-|4|-|1|-|4.0|-|4|-|4|-|0|-|1|-|0.0|-|0|-|0|-|2|-|1|-|2.0|-|2|-|2
WV|-|F|-|S|-|4|-|1|-|4.0|-|4|-|4|-|2|-|1|-|2.0|-|2|-|2|-|1|-|1|-|1.0|-|1|-|1
WV|-|F|-|S|-|5|-|1|-|5.0|-|5|-|5|-|1|-|1|-|1.0|-|1|-|1|-|2|-|1|-|2.0|-|2|-|2
WV|-|F|-|S|-|5|-|1|-|5.0|-|5|-|5|-|5|-|1|-|5.0|-|5|-|5|-|5|-|1|-|5.0|-|5|-|5
WV|-|F|-|S|-|6|-|1|-|6.0|-|6|-|6|-|0|-|1|-|0.0|-|0|-|0|-|1|-|1|-|1.0|-|1|-|1
WV|-|F|-|S|-|6|-|1|-|6.0|-|6|-|6|-|3|-|1|-|3.0|-|3|-|3|-|4|-|1|-|4.0|-|4|-|4
WV|-|F|-|S|-|6|-|1|-|6.0|-|6|-|6|-|5|-|1|-|5.0|-|5|-|5|-|2|-|1|-|2.0|-|2|-|2
WV|-|F|-|S|-|6|-|1|-|6.0|-|6|-|6|-|6|-|1|-|6.0|-|6|-|6|-|6|-|1|-|6.0|-|6|-|6
WV|-|F|-|U|-|1|-|1|-|1.0|-|1|-|1|-|1|-|1|-|1.0|-|1|-|1|-|0|-|1|-|0.0|-|0|-|0
WV|-|F|-|U|-|1|-|1|-|1.0|-|1|-|1|-|5|-|1|-|5.0|-|5|-|5|-|0|-|1|-|0.0|-|0|-|0
WV|-|F|-|U|-|2|-|1|-|2.0|-|2|-|2|-|4|-|1|-|4.0|-|4|-|4|-|3|-|1|-|3.0|-|3|-|3
WV|-|F|-|U|-|3|-|1|-|3.0|-|3|-|3|-|4|-|1|-|4.0|-|4|-|4|-|0|-|1|-|0.0|-|0|-|0
WV|-|F|-|U|-|3|-|1|-|3.0|-|3|-|3|-|6|-|1|-|6.0|-|6|-|6|-|4|-|1|-|4.0|-|4|-|4
WV|-|F|-|U|-|4|-|1|-|4.0|-|4|-|4|-|0|-|1|-|0.0|-|0|-|0|-|1|-|1|-|1.0|-|1|-|1
WV|-|F|-|U|-|4|-|1|-|4.0|-|4|-|4|-|1|-|1|-|1.0|-|1|-|1|-|4|-|1|-|4.0|-|4|-|4
WV|-|F|-|U|-|4|-|1|-|4.0|-|4|-|4|-|2|-|1|-|2.0|-|2|-|2|-|3|-|1|-|3.0|-|3|-|3
WV|-|F|-|U|-|5|-|1|-|5.0|-|5|-|5|-|2|-|1|-|2.0|-|2|-|2|-|0|-|1|-|0.0|-|0|-|0
WV|-|F|-|U|-|5|-|1|-|5.0|-|5|-|5|-|4|-|1|-|4.0|-|4|-|4|-|1|-|1|-|1.0|-|1|-|1
WV|-|F|-|U|-|5|-|1|-|5.0|-|5|-|5|-|6|-|1|-|6.0|-|6|-|6|-|3|-|1|-|3.0|-|3|-|3
WV|-|F|-|U|-|6|-|1|-|6.0|-|6|-|6|-|0|-|1|-|0.0|-|0|-|0|-|1|-|1|-|1.0|-|1|-|1
WV|-|F|-|W|-|1|-|1|-|1.0|-|1|-|1|-|0|-|1|-|0.0|-|0|-|0|-|1|-|1|-|1.0|-|1|-|1
WV|-|F|-|W|-|1|-|1|-|1.0|-|1|-|1|-|1|-|1|-|1.0|-|1|-|1|-|0|-|1|-|0.0|-|0|-|0
WV|-|F|-|W|-|1|-|1|-|1.0|-|1|-|1|-|1|-|1|-|1.0|-|1|-|1|-|3|-|1|-|3.0|-|3|-|3
WV|-|F|-|W|-|2|-|1|-|2.0|-|2|-|2|-|0|-|1|-|0.0|-|0|-|0|-|1|-|1|-|1.0|-|1|-|1
WV|-|F|-|W|-|2|-|1|-|2.0|-|2|-|2|-|2|-|1|-|2.0|-|2|-|2|-|1|-|1|-|1.0|-|1|-|1
WV|-|F|-|W|-|2|-|1|-|2.0|-|2|-|2|-|6|-|1|-|6.0|-|6|-|6|-|1|-|1|-|1.0|-|1|-|1
WV|-|F|-|W|-|3|-|1|-|3.0|-|3|-|3|-|0|-|1|-|0.0|-|0|-|0|-|4|-|1|-|4.0|-|4|-|4
WV|-|F|-|W|-|4|-|1|-|4.0|-|4|-|4|-|4|-|1|-|4.0|-|4|-|4|-|2|-|1|-|2.0|-|2|-|2
WV|-|F|-|W|-|4|-|1|-|4.0|-|4|-|4|-|6|-|1|-|6.0|-|6|-|6|-|6|-|1|-|6.0|-|6|-|6
WV|-|M|-|D|-|0|-|1|-|0.0|-|0|-|0|-|0|-|1|-|0.0|-|0|-|0|-|4|-|1|-|4.0|-|4|-|4
WV|-|M|-|D|-|1|-|1|-|1.0|-|1|-|1|-|0|-|1|-|0.0|-|0|-|0|-|0|-|1|-|0.0|-|0|-|0
WV|-|M|-|D|-|1|-|1|-|1.0|-|1|-|1|-|1|-|1|-|1.0|-|1|-|1|-|0|-|1|-|0.0|-|0|-|0
WV|-|M|-|D|-|1|-|1|-|1.0|-|1|-|1|-|1|-|1|-|1.0|-|1|-|1|-|3|-|1|-|3.0|-|3|-|3
WV|-|M|-|D|-|1|-|1|-|1.0|-|1|-|1|-|3|-|1|-|3.0|-|3|-|3|-|5|-|1|-|5.0|-|5|-|5
WV|-|M|-|D|-|3|-|1|-|3.0|-|3|-|3|-|2|-|1|-|2.0|-|2|-|2|-|2|-|1|-|2.0|-|2|-|2
WV|-|M|-|D|-|3|-|1|-|3.0|-|3|-|3|-|5|-|1|-|5.0|-|5|-|5|-|3|-|1|-|3.0|-|3|-|3
WV|-|M|-|D|-|4|-|1|-|4.0|-|4|-|4|-|3|-|1|-|3.0|-|3|-|3|-|5|-|1|-|5.0|-|5|-|5
WV|-|M|-|D|-|4|-|1|-|4.0|-|4|-|4|-|6|-|1|-|6.0|-|6|-|6|-|1|-|1|-|1.0|-|1|-|1
WV|-|M|-|D|-|5|-|1|-|5.0|-|5|-|5|-|1|-|1|-|1.0|-|1|-|1|-|0|-|1|-|0.0|-|0|-|0
WV|-|M|-|M|-|0|-|1|-|0.0|-|0|-|0|-|2|-|1|-|2.0|-|2|-|2|-|0|-|1|-|0.0|-|0|-|0
WV|-|M|-|M|-|0|-|1|-|0.0|-|0|-|0|-|5|-|1|-|5.0|-|5|-|5|-|6|-|1|-|6.0|-|6|-|6
WV|-|M|-|M|-|1|-|1|-|1.0|-|1|-|1|-|6|-|1|-|6.0|-|6|-|6|-|6|-|1|-|6.0|-|6|-|6
WV|-|M|-|M|-|4|-|1|-|4.0|-|4|-|4|-|6|-|1|-|6.0|-|6|-|6|-|4|-|1|-|4.0|-|4|-|4
