1|-|12028|-|4|-|233.25|-|1.6679216953558442|-|1|-|12028|-|5|-|291.25|-|1.0601878864076697
5|-|4399|-|4|-|252.5|-|1.6715358080673026|-|5|-|4399|-|5|-|371.5|-|1.0422025666798196
5|-|9673|-|4|-|218.6|-|1.5743804026540222|-|5|-|9673|-|5|-|355.0|-|1.1187816083778792
