TN|-|AAAAAAAAAAEAAAAA|-|3.34|-|124.84
TN|-|AAAAAAAAABHCAAAA|-|0.00|-|55.75
TN|-|AAAAAAAAABLBAAAA|-|0.00|-|242.84
TN|-|AAAAAAAAABPAAAAA|-|74.39|-|3.57
TN|-|AAAAAAAAABPDAAAA|-|47.94|-|122.88
TN|-|AAAAAAAAACBEAAAA|-|8.00|-|59.13
TN|-|AAAAAAAAACKCAAAA|-|28.27|-|1.06
TN|-|AAAAAAAAADACAAAA|-|0.00|-|18.19
TN|-|AAAAAAAAADBBAAAA|-|64.01|-|45.13
TN|-|AAAAAAAAAEFCAAAA|-|91.76|-|203.77
TN|-|AAAAAAAAAEGEAAAA|-|0.00|-|247.16
TN|-|AAAAAAAAAEIBAAAA|-|3.69|-|181.76
TN|-|AAAAAAAAAELBAAAA|-|27.75|-|104.41
TN|-|AAAAAAAAAEPDAAAA|-|-16.55|-|119.11
TN|-|AAAAAAAAAFBBAAAA|-|137.62|-|6.34
TN|-|AAAAAAAAAFCDAAAA|-|0.00|-|153.36
TN|-|AAAAAAAAAFEBAAAA|-|46.09|-|7.04
TN|-|AAAAAAAAAFJDAAAA|-|99.86|-|23.68
TN|-|AAAAAAAAAGEBAAAA|-|75.84|-|44.05
TN|-|AAAAAAAAAGIDAAAA|-|-101.66|-|-236.43
TN|-|AAAAAAAAAGLDAAAA|-|150.03|-|5.46
TN|-|AAAAAAAAAGPCAAAA|-|-4.04|-|34.07
TN|-|AAAAAAAAAHBAAAAA|-|0.00|-|142.84
TN|-|AAAAAAAAAHDDAAAA|-|40.93|-|303.23
TN|-|AAAAAAAAAHKCAAAA|-|-177.02|-|41.91
TN|-|AAAAAAAAAHPBAAAA|-|90.78|-|22.95
TN|-|AAAAAAAAAIADAAAA|-|0.00|-|140.11
TN|-|AAAAAAAAAIGDAAAA|-|0.00|-|246.90
TN|-|AAAAAAAAAINCAAAA|-|0.00|-|21.15
TN|-|AAAAAAAAAJDEAAAA|-|161.49|-|0.00
TN|-|AAAAAAAAAJIDAAAA|-|12.23|-|20.95
TN|-|AAAAAAAAAJOAAAAA|-|162.08|-|104.42
TN|-|AAAAAAAAAKABAAAA|-|38.80|-|-1024.27
TN|-|AAAAAAAAAKDDAAAA|-|179.39|-|46.95
TN|-|AAAAAAAAALAAAAAA|-|-1877.48|-|17.98
TN|-|AAAAAAAAALFEAAAA|-|75.75|-|-286.71
TN|-|AAAAAAAAALLAAAAA|-|313.00|-|150.78
TN|-|AAAAAAAAALOBAAAA|-|64.21|-|131.17
TN|-|AAAAAAAAALPAAAAA|-|-1486.59|-|0.00
TN|-|AAAAAAAAAMBAAAAA|-|-1798.94|-|186.31
TN|-|AAAAAAAAAMDBAAAA|-|-60.02|-|131.15
TN|-|AAAAAAAAAMEAAAAA|-|0.00|-|-527.20
TN|-|AAAAAAAAANLCAAAA|-|20.94|-|251.26
TN|-|AAAAAAAAANMDAAAA|-|0.00|-|3.04
TN|-|AAAAAAAAAOIAAAAA|-|22.94|-|71.37
TN|-|AAAAAAAAAOKBAAAA|-|100.93|-|7.17
TN|-|AAAAAAAAAOMDAAAA|-|32.09|-|69.14
TN|-|AAAAAAAAAOODAAAA|-|56.76|-|166.10
TN|-|AAAAAAAAAPPBAAAA|-|0.00|-|367.41
TN|-|AAAAAAAABABCAAAA|-|25.09|-|0.00
TN|-|AAAAAAAABADAAAAA|-|-1236.14|-|56.04
TN|-|AAAAAAAABAGAAAAA|-|247.57|-|0.00
TN|-|AAAAAAAABCCCAAAA|-|53.74|-|86.84
TN|-|AAAAAAAABDCBAAAA|-|19.21|-|8.00
TN|-|AAAAAAAABECDAAAA|-|143.13|-|136.07
TN|-|AAAAAAAABEJCAAAA|-|82.37|-|0.00
TN|-|AAAAAAAABEMCAAAA|-|129.64|-|110.81
TN|-|AAAAAAAABGECAAAA|-|142.64|-|0.00
TN|-|AAAAAAAABGIBAAAA|-|7.09|-|0.00
TN|-|AAAAAAAABGNCAAAA|-|67.20|-|123.86
TN|-|AAAAAAAABHACAAAA|-|0.00|-|88.72
TN|-|AAAAAAAABHPCAAAA|-|17.26|-|-1455.06
TN|-|AAAAAAAABJFEAAAA|-|-410.82|-|0.62
TN|-|AAAAAAAABJMAAAAA|-|54.11|-|0.00
TN|-|AAAAAAAABKEBAAAA|-|21.11|-|0.00
TN|-|AAAAAAAABLBDAAAA|-|0.00|-|118.01
TN|-|AAAAAAAABLEDAAAA|-|25.96|-|49.07
TN|-|AAAAAAAABLOCAAAA|-|32.13|-|-168.03
TN|-|AAAAAAAABMCBAAAA|-|119.14|-|222.25
TN|-|AAAAAAAABMOBAAAA|-|31.92|-|0.00
TN|-|AAAAAAAABNEBAAAA|-|77.74|-|72.02
TN|-|AAAAAAAABONAAAAA|-|0.00|-|58.59
TN|-|AAAAAAAABPPAAAAA|-|9.91|-|10.34
TN|-|AAAAAAAACACEAAAA|-|55.61|-|60.27
TN|-|AAAAAAAACAEEAAAA|-|0.00|-|2.09
TN|-|AAAAAAAACAHCAAAA|-|-101.47|-|37.82
TN|-|AAAAAAAACALBAAAA|-|137.38|-|95.10
TN|-|AAAAAAAACBBAAAAA|-|157.03|-|140.43
TN|-|AAAAAAAACBGEAAAA|-|115.39|-|18.93
TN|-|AAAAAAAACBHBAAAA|-|0.00|-|77.27
TN|-|AAAAAAAACBICAAAA|-|23.04|-|65.40
TN|-|AAAAAAAACBJCAAAA|-|39.04|-|0.00
TN|-|AAAAAAAACBMCAAAA|-|203.78|-|105.42
TN|-|AAAAAAAACBNAAAAA|-|67.83|-|120.29
TN|-|AAAAAAAACCABAAAA|-|112.70|-|37.58
TN|-|AAAAAAAACCFBAAAA|-|-103.17|-|39.45
TN|-|AAAAAAAACDCDAAAA|-|105.60|-|11.43
TN|-|AAAAAAAACDECAAAA|-|23.56|-|43.84
TN|-|AAAAAAAACDIBAAAA|-|0.00|-|34.35
TN|-|AAAAAAAACEACAAAA|-|0.00|-|135.24
TN|-|AAAAAAAACECCAAAA|-|175.54|-|22.39
TN|-|AAAAAAAACEODAAAA|-|81.13|-|116.32
TN|-|AAAAAAAACFGAAAAA|-|23.77|-|196.81
TN|-|AAAAAAAACFKDAAAA|-|0.00|-|-119.79
TN|-|AAAAAAAACFLCAAAA|-|49.40|-|69.81
TN|-|AAAAAAAACFPAAAAA|-|38.35|-|0.00
TN|-|AAAAAAAACGCBAAAA|-|14.07|-|-685.72
TN|-|AAAAAAAACGEBAAAA|-|-74.85|-|98.19
TN|-|AAAAAAAACGFAAAAA|-|214.30|-|36.26
TN|-|AAAAAAAACGJDAAAA|-|115.88|-|71.43
