1998|-|9|-|Books|-|488579.25
1998|-|7|-|Home|-|484334.96
1998|-|4|-|Shoes|-|437304.21
1998|-|2|-|Men|-|436460.33
1998|-|10|-|Electronics|-|365465.16
1998|-|8|-|Sports|-|332795.16
1998|-|3|-|Children|-|315831.76
1998|-|1|-|Women|-|298898.26
1998|-|6|-|Jewelry|-|237834.62
1998|-|5|-|Music|-|178420.91
1998|-|null|-|null|-|41837.87
