able|-|1|-|666|-|Cedar Spruce|-|Avenue|-|Suite 10|-|Midway|-|Williamson County|-|TN|-|31904|-|95|-|88|-|62|-|57|-|99
ation|-|1|-|405|-|3rd |-|Wy|-|Suite 220|-|Fairview|-|Williamson County|-|TN|-|35709|-|115|-|95|-|52|-|59|-|116
bar|-|1|-|71|-|Cedar |-|Blvd|-|Suite B|-|Midway|-|Williamson County|-|TN|-|31904|-|107|-|68|-|34|-|55|-|91
eing|-|1|-|914|-|Lake 11th|-|Road|-|Suite T|-|Midway|-|Williamson County|-|TN|-|31904|-|124|-|89|-|47|-|49|-|105
ese|-|1|-|120|-|6th |-|Lane|-|Suite B|-|Midway|-|Williamson County|-|TN|-|31904|-|111|-|83|-|64|-|51|-|95
ought|-|1|-|32|-|3rd |-|Street|-|Suite 220|-|Midway|-|Williamson County|-|TN|-|31904|-|116|-|98|-|54|-|46|-|128
