9|-|2001-01-20|-|155.31|-|null|-|155.31|-|4.26
9|-|2001-02-01|-|168.10|-|28.81|-|168.10|-|28.81
9|-|2001-02-04|-|null|-|34.51|-|168.10|-|34.51
9|-|2001-02-15|-|null|-|144.79|-|168.10|-|144.79
9|-|2001-04-02|-|249.70|-|null|-|249.70|-|181.21
9|-|2001-04-09|-|null|-|183.64|-|249.70|-|183.64
9|-|2001-04-17|-|260.21|-|230.47|-|260.21|-|230.47
29|-|2001-01-07|-|145.14|-|null|-|145.14|-|12.18
29|-|2001-01-10|-|null|-|53.52|-|145.14|-|53.52
29|-|2001-01-11|-|null|-|55.81|-|145.14|-|55.81
29|-|2001-02-05|-|null|-|88.85|-|145.14|-|88.85
29|-|2001-02-08|-|null|-|140.80|-|145.14|-|140.80
29|-|2001-02-28|-|215.28|-|null|-|215.28|-|212.84
29|-|2001-03-30|-|340.91|-|null|-|340.91|-|279.82
29|-|2001-04-07|-|null|-|306.91|-|340.91|-|306.91
29|-|2001-05-26|-|392.06|-|389.83|-|392.06|-|389.83
29|-|2001-06-12|-|null|-|391.96|-|392.06|-|391.96
29|-|2001-06-29|-|580.42|-|null|-|580.42|-|407.31
29|-|2001-07-08|-|null|-|429.12|-|580.42|-|429.12
29|-|2001-07-12|-|null|-|444.37|-|580.42|-|444.37
29|-|2001-07-26|-|null|-|501.13|-|580.42|-|501.13
29|-|2001-07-28|-|null|-|523.55|-|580.42|-|523.55
29|-|2001-07-31|-|null|-|547.65|-|580.42|-|547.65
29|-|2001-09-15|-|755.81|-|null|-|755.81|-|710.20
29|-|2001-09-16|-|null|-|742.83|-|755.81|-|742.83
31|-|2001-01-23|-|160.83|-|143.12|-|160.83|-|143.12
31|-|2001-01-24|-|247.53|-|null|-|247.53|-|143.12
31|-|2001-02-04|-|null|-|143.12|-|247.53|-|143.12
31|-|2001-02-07|-|null|-|166.46|-|247.53|-|166.46
31|-|2001-02-15|-|null|-|224.58|-|247.53|-|224.58
31|-|2001-02-22|-|null|-|243.99|-|247.53|-|243.99
31|-|2001-02-26|-|null|-|245.24|-|247.53|-|245.24
33|-|2001-02-06|-|143.86|-|null|-|143.86|-|100.10
33|-|2001-03-06|-|260.39|-|null|-|260.39|-|100.10
33|-|2001-03-08|-|311.65|-|null|-|311.65|-|100.10
33|-|2001-03-17|-|null|-|166.59|-|311.65|-|166.59
33|-|2001-04-04|-|null|-|195.94|-|311.65|-|195.94
33|-|2001-04-11|-|null|-|218.41|-|311.65|-|218.41
33|-|2001-04-15|-|null|-|258.16|-|311.65|-|258.16
33|-|2001-04-26|-|null|-|260.73|-|311.65|-|260.73
35|-|2001-04-11|-|218.63|-|null|-|218.63|-|175.11
35|-|2001-04-13|-|null|-|200.14|-|218.63|-|200.14
35|-|2001-04-15|-|null|-|213.01|-|218.63|-|213.01
35|-|2001-04-21|-|236.74|-|null|-|236.74|-|213.01
35|-|2001-05-12|-|250.14|-|null|-|250.14|-|213.01
35|-|2001-06-03|-|315.73|-|null|-|315.73|-|213.01
35|-|2001-06-09|-|null|-|213.01|-|315.73|-|213.01
35|-|2001-06-12|-|350.47|-|null|-|350.47|-|213.01
35|-|2001-06-16|-|null|-|240.39|-|350.47|-|240.39
35|-|2001-06-29|-|null|-|251.30|-|350.47|-|251.30
35|-|2001-07-03|-|null|-|251.62|-|350.47|-|251.62
35|-|2001-07-06|-|null|-|279.62|-|350.47|-|279.62
35|-|2001-07-10|-|null|-|281.30|-|350.47|-|281.30
35|-|2001-07-19|-|null|-|285.09|-|350.47|-|285.09
35|-|2001-07-22|-|null|-|306.31|-|350.47|-|306.31
35|-|2001-07-28|-|421.29|-|null|-|421.29|-|306.31
35|-|2001-07-29|-|434.60|-|null|-|434.60|-|306.31
37|-|2001-03-07|-|104.29|-|null|-|104.29|-|100.87
47|-|2001-01-01|-|7.00|-|5.55|-|7.00|-|5.55
47|-|2001-01-15|-|72.85|-|null|-|72.85|-|48.96
47|-|2001-01-22|-|null|-|58.39|-|72.85|-|58.39
47|-|2001-02-17|-|139.16|-|null|-|139.16|-|119.31
49|-|2001-05-05|-|361.90|-|null|-|361.90|-|340.45
49|-|2001-05-21|-|397.02|-|null|-|397.02|-|340.45
49|-|2001-05-25|-|479.86|-|null|-|479.86|-|340.45
49|-|2001-06-03|-|null|-|350.29|-|479.86|-|350.29
49|-|2001-06-10|-|488.44|-|null|-|488.44|-|350.29
49|-|2001-06-20|-|null|-|362.21|-|488.44|-|362.21
49|-|2001-06-28|-|527.37|-|null|-|527.37|-|362.21
49|-|2001-07-19|-|null|-|490.09|-|527.37|-|490.09
49|-|2001-07-23|-|532.83|-|null|-|532.83|-|490.09
49|-|2001-07-26|-|null|-|511.76|-|532.83|-|511.76
49|-|2001-07-31|-|556.70|-|null|-|556.70|-|511.76
51|-|2001-03-24|-|142.03|-|null|-|142.03|-|141.46
51|-|2001-04-11|-|221.62|-|null|-|221.62|-|208.13
53|-|2001-02-01|-|150.99|-|null|-|150.99|-|15.99
53|-|2001-02-03|-|null|-|92.68|-|150.99|-|92.68
53|-|2001-02-09|-|null|-|96.53|-|150.99|-|96.53
53|-|2001-02-18|-|null|-|98.68|-|150.99|-|98.68
53|-|2001-02-20|-|null|-|129.22|-|150.99|-|129.22
57|-|2001-03-15|-|147.84|-|null|-|147.84|-|108.81
65|-|2001-01-07|-|null|-|7.39|-|143.43|-|7.39
65|-|2001-01-08|-|null|-|21.35|-|143.43|-|21.35
65|-|2001-01-16|-|null|-|102.46|-|143.43|-|102.46
67|-|2001-02-02|-|120.54|-|13.19|-|120.54|-|13.19
67|-|2001-02-19|-|219.36|-|null|-|219.36|-|120.94
67|-|2001-03-12|-|null|-|203.25|-|219.36|-|203.25
67|-|2001-04-13|-|330.07|-|null|-|330.07|-|277.79
67|-|2001-04-23|-|null|-|284.23|-|330.07|-|284.23
67|-|2001-04-27|-|null|-|290.21|-|330.07|-|290.21
67|-|2001-04-28|-|null|-|320.26|-|330.07|-|320.26
69|-|2001-02-22|-|54.17|-|null|-|54.17|-|36.00
69|-|2001-02-27|-|null|-|45.08|-|54.17|-|45.08
73|-|2001-01-18|-|184.35|-|null|-|184.35|-|178.75
73|-|2001-01-19|-|185.11|-|null|-|185.11|-|178.75
73|-|2001-02-09|-|null|-|180.42|-|185.11|-|180.42
75|-|2001-01-15|-|null|-|9.11|-|19.68|-|9.11
75|-|2001-01-31|-|36.37|-|null|-|36.37|-|9.11
75|-|2001-02-03|-|null|-|14.06|-|36.37|-|14.06
83|-|2001-02-03|-|72.95|-|null|-|72.95|-|55.10
