AAAAAAAAAGGFBAAA|-|Dr.|-|Frank|-|Butler|-|225|-|Oak Hickory|-|Wy|-|Suite K|-|Summerville|-|Warren County|-|IL|-|62033|-|United States|-|-6.00|-|apartment|-|1588.20
AAAAAAAAAIDKAAAA|-|Miss|-|Tisha|-|Brown|-|37|-|Sixth Lake|-|Wy|-|Suite D|-|Liberty|-|Stephenson County|-|IL|-|63451|-|United States|-|-6.00|-|condo|-|4200.88
AAAAAAAAAKDBBAAA|-|Dr.|-|Christopher|-|Sullivan|-|111|-|Madison |-|Drive|-|Suite 30|-|Edwards|-|Henderson County|-|IL|-|61409|-|United States|-|-6.00|-|apartment|-|3782.03
AAAAAAAAANFEBAAA|-|Dr.|-|Rodney|-|Banks|-|9|-|Seventh |-|Lane|-|Suite D|-|Valley View|-|McLean County|-|IL|-|65124|-|United States|-|-6.00|-|apartment|-|15759.01
AAAAAAAAAPCDBAAA|-|Dr.|-|Marvin|-|Iverson|-|302|-|Walnut 2nd|-|Pkwy|-|Suite X|-|White Oak|-|Marion County|-|IL|-|66668|-|United States|-|-6.00|-|single family|-|2916.20
AAAAAAAABAEIBAAA|-|Dr.|-|Nicholas|-|Woodard|-|74|-|13th 6th|-|Blvd|-|Suite 390|-|Cedar Grove|-|Grundy County|-|IL|-|60411|-|United States|-|-6.00|-|single family|-|2384.51
AAAAAAAABFGFAAAA|-|Ms.|-|Cheryl|-|Sturgis|-|566|-|Third Railroad|-|Drive|-|Suite N|-|Oakdale|-|Fulton County|-|IL|-|69584|-|United States|-|-6.00|-|single family|-|3338.73
AAAAAAAABFNHBAAA|-|Sir|-|James|-|Bird|-|26|-|East Main|-|Circle|-|Suite 400|-|Mount Vernon|-|Brown County|-|IL|-|68482|-|United States|-|-6.00|-|apartment|-|3171.08
AAAAAAAABGLPAAAA|-|Sir|-|Maurice|-|Woodward|-|31|-|Lake |-|Cir.|-|Suite 130|-|Greenville|-|Pope County|-|IL|-|61387|-|United States|-|-6.00|-|condo|-|2335.02
AAAAAAAABHKDBAAA|-|Dr.|-|Michael|-|Johnston|-|99|-|Johnson |-|Drive|-|Suite Q|-|Fairview|-|Rock Island County|-|IL|-|65709|-|United States|-|-6.00|-|condo|-|1612.11
AAAAAAAABJNHAAAA|-|Ms.|-|Olga|-|Williams|-|181|-|Center |-|Wy|-|Suite 140|-|Oak Grove|-|Tazewell County|-|IL|-|68370|-|United States|-|-6.00|-|condo|-|3872.28
AAAAAAAACAKJAAAA|-|Mr.|-|Frank|-|null|-|null|-|Sixth |-|null|-|null|-|null|-|Fulton County|-|IL|-|66060|-|null|-|-6.00|-|null|-|5995.62
AAAAAAAACEEJAAAA|-|Mr.|-|Dennis|-|Haskell|-|993|-|Lincoln |-|Ln|-|Suite E|-|Sulphur Springs|-|Effingham County|-|IL|-|68354|-|United States|-|-6.00|-|single family|-|2202.76
AAAAAAAACIGCAAAA|-|Sir|-|Patrick|-|Tipton|-|156|-|Ridge Willow|-|Avenue|-|Suite 430|-|White Hall|-|Winnebago County|-|IL|-|66955|-|United States|-|-6.00|-|condo|-|6138.11
AAAAAAAACJMDBAAA|-|Miss|-|Stacie|-|Thacker|-|390|-|Green Franklin|-|RD|-|Suite B|-|Florence|-|Rock Island County|-|IL|-|63394|-|United States|-|-6.00|-|single family|-|14729.27
AAAAAAAACMHDAAAA|-|Miss|-|Anna|-|Mcdowell|-|790|-|North Lincoln|-|Street|-|Suite 290|-|Lakeside|-|Mercer County|-|IL|-|69532|-|United States|-|-6.00|-|condo|-|2119.15
AAAAAAAACNKFAAAA|-|Mr.|-|Dennis|-|Kelly|-|315|-|Spruce East|-|Court|-|Suite 50|-|Maple Grove|-|McDonough County|-|IL|-|68252|-|United States|-|-6.00|-|single family|-|5534.55
AAAAAAAACNODAAAA|-|Mr.|-|Henry|-|Coleman|-|61|-|Cedar |-|Avenue|-|Suite V|-|Jamestown|-|Montgomery County|-|IL|-|66867|-|United States|-|-6.00|-|condo|-|1705.76
AAAAAAAADCHAAAAA|-|Sir|-|Steve|-|Martin|-|555|-|15th Johnson|-|Parkway|-|Suite 70|-|Kingston|-|Monroe County|-|IL|-|64975|-|United States|-|-6.00|-|single family|-|2147.60
AAAAAAAADDAKAAAA|-|Sir|-|David|-|Kirby|-|332|-|10th Madison|-|Ln|-|Suite 440|-|Highland|-|De Witt County|-|IL|-|69454|-|United States|-|-6.00|-|single family|-|2695.19
AAAAAAAADGGHBAAA|-|Mrs.|-|Kathryn|-|Jordan|-|254|-|null|-|RD|-|Suite P|-|Mount Pleasant|-|Pike County|-|IL|-|61933|-|United States|-|-6.00|-|null|-|8010.44
AAAAAAAAEAIGBAAA|-|Ms.|-|Majorie|-|Hill|-|109|-|12th |-|Pkwy|-|Suite 130|-|Mount Zion|-|Brown County|-|IL|-|68054|-|United States|-|-6.00|-|single family|-|3221.40
AAAAAAAAEELAAAAA|-|Ms.|-|Dessie|-|Thompson|-|203|-|Sycamore |-|Boulevard|-|Suite 330|-|Deerfield|-|Madison County|-|IL|-|69840|-|United States|-|-6.00|-|single family|-|2515.29
AAAAAAAAEFOAAAAA|-|Sir|-|Matthew|-|Martin|-|472|-|Johnson |-|Drive|-|Suite I|-|Mount Zion|-|Kankakee County|-|IL|-|68054|-|United States|-|-6.00|-|single family|-|2405.32
AAAAAAAAEGGFAAAA|-|Miss|-|Eleanor|-|Frey|-|937|-|Third Third|-|Drive|-|Suite R|-|Greenwood|-|Morgan County|-|IL|-|68828|-|United States|-|-6.00|-|condo|-|2090.49
AAAAAAAAEGPAAAAA|-|Ms.|-|Laurel|-|Smart|-|701|-|Meadow |-|Road|-|Suite 190|-|Kingston|-|Grundy County|-|IL|-|64975|-|United States|-|-6.00|-|apartment|-|3695.26
AAAAAAAAELFBAAAA|-|Dr.|-|Annie|-|Mathews|-|49|-|Williams |-|Boulevard|-|Suite Y|-|Shady Grove|-|Jackson County|-|IL|-|62812|-|United States|-|-6.00|-|condo|-|6742.72
AAAAAAAAELIOAAAA|-|Dr.|-|Barbara|-|Davis|-|847|-|Church 9th|-|Circle|-|Suite 110|-|Waterloo|-|Wayne County|-|IL|-|61675|-|United States|-|-6.00|-|single family|-|3206.59
AAAAAAAAEPPEAAAA|-|Mrs.|-|Claire|-|Drake|-|431|-|Fourth |-|Way|-|Suite X|-|Liberty|-|Wabash County|-|IL|-|63451|-|United States|-|-6.00|-|apartment|-|2448.25
AAAAAAAAFCDFBAAA|-|Ms.|-|Anthony|-|Owen|-|734|-|Elm |-|RD|-|Suite C|-|Walnut Grove|-|Johnson County|-|IL|-|67752|-|United States|-|-6.00|-|single family|-|9663.84
AAAAAAAAFFOOAAAA|-|Ms.|-|Amy|-|Mccoy|-|137|-|Fifth View|-|Avenue|-|Suite L|-|Greenville|-|Scott County|-|IL|-|61387|-|United States|-|-6.00|-|apartment|-|4680.53
AAAAAAAAFGGEBAAA|-|Mr.|-|David|-|Kelly|-|10|-|Madison |-|ST|-|Suite 430|-|Pleasant Hill|-|Edgar County|-|IL|-|63604|-|United States|-|-6.00|-|single family|-|3468.52
AAAAAAAAFIHEBAAA|-|Ms.|-|Ruth|-|Powell|-|262|-|College |-|RD|-|Suite 290|-|Bunker Hill|-|Franklin County|-|IL|-|60150|-|United States|-|-6.00|-|single family|-|9148.65
AAAAAAAAFLPDAAAA|-|Dr.|-|Charles|-|Woody|-|754|-|Hill Main|-|Way|-|Suite 50|-|Wildwood|-|DuPage County|-|IL|-|66871|-|United States|-|-6.00|-|condo|-|3457.36
AAAAAAAAFNIPAAAA|-|Miss|-|Jeanette|-|Martinez|-|774|-|Williams Oak|-|Drive|-|Suite K|-|Lincoln|-|Tazewell County|-|IL|-|61289|-|United States|-|-6.00|-|apartment|-|3857.77
AAAAAAAAFOOABAAA|-|Mrs.|-|Lonna|-|Leggett|-|293|-|Main |-|Road|-|Suite 330|-|Bridgeport|-|Piatt County|-|IL|-|65817|-|United States|-|-6.00|-|apartment|-|2320.84
AAAAAAAAFPFJAAAA|-|Sir|-|Raymond|-|Glenn|-|567|-|Chestnut Laurel|-|Ln|-|Suite 160|-|Oakdale|-|DuPage County|-|IL|-|69584|-|United States|-|-6.00|-|single family|-|9939.36
AAAAAAAAFPGNAAAA|-|Sir|-|Robert|-|Shaffer|-|535|-|Fourth |-|ST|-|Suite T|-|Newport|-|Livingston County|-|IL|-|61521|-|United States|-|-6.00|-|single family|-|4070.35
AAAAAAAAGBHFBAAA|-|Dr.|-|Neil|-|Mayberry|-|350|-|Poplar Main|-|Pkwy|-|Suite E|-|Hopewell|-|Pope County|-|IL|-|60587|-|United States|-|-6.00|-|condo|-|9071.04
AAAAAAAAGBNKAAAA|-|Sir|-|Thomas|-|Tennant|-|338|-|Forest |-|Lane|-|Suite F|-|Deerfield|-|Tazewell County|-|IL|-|69840|-|United States|-|-6.00|-|apartment|-|1683.46
AAAAAAAAGDKGAAAA|-|Dr.|-|Lowell|-|Perez|-|997|-|Pine |-|ST|-|Suite E|-|Maple Grove|-|Coles County|-|IL|-|68252|-|United States|-|-6.00|-|apartment|-|8735.61
AAAAAAAAGEGEAAAA|-|Mrs.|-|Terra|-|Villa|-|937|-|8th |-|Ct.|-|Suite 110|-|Rutland|-|Williamson County|-|IL|-|68375|-|United States|-|-6.00|-|apartment|-|2216.62
AAAAAAAAGFIGAAAA|-|Miss|-|Priscilla|-|Verdin|-|988|-|Mill 13th|-|Blvd|-|Suite V|-|Providence|-|Mason County|-|IL|-|66614|-|United States|-|-6.00|-|condo|-|3337.71
AAAAAAAAGIPDBAAA|-|Dr.|-|Matthew|-|Boyd|-|201|-|Sycamore Maple|-|Ln|-|Suite 470|-|Wilson|-|Massac County|-|IL|-|66971|-|United States|-|-6.00|-|apartment|-|5135.38
AAAAAAAAGJKPAAAA|-|Mrs.|-|Jennifer|-|Bellamy|-|84|-|4th Highland|-|Cir.|-|Suite M|-|Bunker Hill|-|Champaign County|-|IL|-|60150|-|United States|-|-6.00|-|condo|-|2026.95
AAAAAAAAGMAKAAAA|-|Dr.|-|David|-|Barron|-|338|-|Forest |-|Lane|-|Suite F|-|Deerfield|-|Tazewell County|-|IL|-|69840|-|United States|-|-6.00|-|apartment|-|1840.22
AAAAAAAAHAOPAAAA|-|Dr.|-|David|-|Gordon|-|156|-|Elm North|-|Cir.|-|Suite Y|-|Newport|-|Grundy County|-|IL|-|61521|-|United States|-|-6.00|-|condo|-|2233.76
AAAAAAAAHCIHBAAA|-|Sir|-|Frank|-|Mendez|-|763|-|Hickory Wilson|-|Drive|-|Suite 190|-|Yorktown|-|Moultrie County|-|IL|-|60732|-|United States|-|-6.00|-|single family|-|5579.44
AAAAAAAAHDGFAAAA|-|Dr.|-|Melissa|-|Mckinley|-|75|-|Oak |-|Parkway|-|Suite A|-|Antioch|-|Gallatin County|-|IL|-|68605|-|United States|-|-6.00|-|apartment|-|1354.09
AAAAAAAAHDHFAAAA|-|Miss|-|Holly|-|Horn|-|895|-|South |-|Dr.|-|Suite S|-|Unionville|-|Mason County|-|IL|-|61711|-|United States|-|-6.00|-|single family|-|4783.71
AAAAAAAAHFOBAAAA|-|Mrs.|-|Kristin|-|Brady|-|650|-|Seventh |-|Boulevard|-|Suite M|-|Crossroads|-|Bond County|-|IL|-|60534|-|United States|-|-6.00|-|single family|-|3310.78
AAAAAAAAIDLDBAAA|-|Dr.|-|Ella|-|Joiner|-|938|-|Ninth Poplar|-|Drive|-|Suite 320|-|Oak Ridge|-|DeKalb County|-|IL|-|68371|-|United States|-|-6.00|-|single family|-|3570.77
AAAAAAAAIEHPAAAA|-|Dr.|-|Jaime|-|Meeks|-|635|-|Fourteenth 2nd|-|Parkway|-|Suite 230|-|Lone Oak|-|Warren County|-|IL|-|66893|-|United States|-|-6.00|-|single family|-|3971.18
AAAAAAAAIJAEBAAA|-|Dr.|-|Mike|-|Williams|-|684|-|Church Broadway|-|Ave|-|Suite 200|-|Sunnyside|-|Bureau County|-|IL|-|61952|-|United States|-|-6.00|-|single family|-|1834.73
AAAAAAAAILEHBAAA|-|Sir|-|Rudolph|-|Farr|-|866|-|Ridge |-|Blvd|-|Suite D|-|Brownsville|-|Williamson County|-|IL|-|69310|-|United States|-|-6.00|-|single family|-|4192.67
AAAAAAAAJBCCAAAA|-|Miss|-|Teri|-|Gallagher|-|198|-|Hillcrest |-|Ct.|-|Suite T|-|Stringtown|-|Clay County|-|IL|-|60162|-|United States|-|-6.00|-|apartment|-|6391.56
AAAAAAAAJDHEBAAA|-|null|-|null|-|Smith|-|632|-|4th 4th|-|Way|-|Suite 10|-|Spring Hill|-|Greene County|-|IL|-|66787|-|United States|-|-6.00|-|condo|-|3341.68
AAAAAAAAJFBJAAAA|-|Dr.|-|Michael|-|Underwood|-|981|-|Jackson Walnut|-|Boulevard|-|Suite C|-|Mount Olive|-|Massac County|-|IL|-|68059|-|United States|-|-6.00|-|condo|-|4441.28
AAAAAAAAJFNEBAAA|-|Dr.|-|Jarrod|-|Williams|-|802|-|Maple |-|RD|-|Suite 250|-|Liberty|-|Wabash County|-|IL|-|63451|-|United States|-|-6.00|-|single family|-|2198.85
AAAAAAAAJJDIAAAA|-|Mrs.|-|Elizabeth|-|Bailey|-|963|-|Fifth |-|Ln|-|Suite F|-|Marion|-|Wabash County|-|IL|-|60399|-|United States|-|-6.00|-|condo|-|2906.93
AAAAAAAAJJKFAAAA|-|Mrs.|-|Janet|-|Carroll|-|229|-|11th Hillcrest|-|Ln|-|Suite C|-|Williamsville|-|Washington County|-|IL|-|68754|-|United States|-|-6.00|-|condo|-|3078.07
AAAAAAAAJKMBAAAA|-|Ms.|-|Andrew|-|Jones|-|350|-|Poplar Main|-|Pkwy|-|Suite E|-|Hopewell|-|Pope County|-|IL|-|60587|-|United States|-|-6.00|-|condo|-|2055.72
AAAAAAAAKBHGAAAA|-|null|-|Glenda|-|Valencia|-|361|-|Oak College|-|Circle|-|Suite H|-|Hillcrest|-|Carroll County|-|IL|-|63003|-|United States|-|-6.00|-|single family|-|2467.37
AAAAAAAAKGJFAAAA|-|Dr.|-|Anthony|-|Patton|-|691|-|9th Church|-|RD|-|Suite F|-|Wilson|-|Jo Daviess County|-|IL|-|66971|-|United States|-|-6.00|-|single family|-|2929.40
AAAAAAAAKPJMAAAA|-|Dr.|-|James|-|Young|-|66|-|Elm |-|Cir.|-|Suite 80|-|Oakland|-|Lake County|-|IL|-|69843|-|United States|-|-6.00|-|condo|-|2469.99
AAAAAAAAKPLBBAAA|-|Dr.|-|Lynn|-|Bell|-|953|-|Ash |-|Court|-|Suite A|-|Buena Vista|-|Logan County|-|IL|-|65752|-|United States|-|-6.00|-|condo|-|1588.73
AAAAAAAALDGHAAAA|-|Mrs.|-|Cynthia|-|Wicker|-|92|-|West Fourth|-|Boulevard|-|Suite 320|-|Franklin|-|Kendall County|-|IL|-|69101|-|United States|-|-6.00|-|apartment|-|1900.67
AAAAAAAALGFHAAAA|-|Ms.|-|Kathy|-|Smith|-|196|-|View |-|Ave|-|Suite H|-|Lebanon|-|Stark County|-|IL|-|62898|-|United States|-|-6.00|-|condo|-|5348.47
AAAAAAAALGHLAAAA|-|Ms.|-|Marjorie|-|Gordon|-|102|-|5th |-|Wy|-|Suite 370|-|Wildwood|-|Ford County|-|IL|-|66871|-|United States|-|-6.00|-|single family|-|4803.39
AAAAAAAALIPCBAAA|-|Mrs.|-|Hannah|-|Armstrong|-|838|-|1st |-|Drive|-|Suite 260|-|Hopewell|-|Warren County|-|IL|-|60587|-|United States|-|-6.00|-|single family|-|8884.78
AAAAAAAALNPCAAAA|-|Miss|-|Belinda|-|Hodgson|-|418|-|Spring Fifth|-|Ct.|-|Suite 360|-|Jamestown|-|Marshall County|-|IL|-|66867|-|United States|-|-6.00|-|single family|-|1766.80
AAAAAAAAMAIHBAAA|-|Sir|-|Rodger|-|Rivers|-|990|-|8th River|-|Drive|-|Suite 330|-|Five Points|-|De Witt County|-|IL|-|66098|-|United States|-|-6.00|-|condo|-|2405.96
AAAAAAAAMGIGAAAA|-|Dr.|-|Barry|-|Ross|-|477|-|Franklin |-|Avenue|-|Suite 320|-|White Oak|-|McDonough County|-|IL|-|66668|-|United States|-|-6.00|-|single family|-|3265.26
AAAAAAAAMGJOAAAA|-|Dr.|-|Tiffany|-|Harlow|-|916|-|North Jefferson|-|Lane|-|Suite 240|-|Deerfield|-|Fayette County|-|IL|-|69840|-|United States|-|-6.00|-|condo|-|11331.98
AAAAAAAAMLNMAAAA|-|Ms.|-|Graciela|-|Lancaster|-|623|-|South Smith|-|Street|-|Suite 320|-|Arlington|-|Vermilion County|-|IL|-|66557|-|United States|-|-6.00|-|condo|-|2236.85
AAAAAAAAMNGEAAAA|-|Mrs.|-|Eunice|-|Howard|-|982|-|Main 14th|-|Blvd|-|Suite 410|-|Liberty|-|Kendall County|-|IL|-|63451|-|United States|-|-6.00|-|single family|-|5535.99
AAAAAAAANFBPAAAA|-|Dr.|-|Loren|-|Coleman|-|141|-|6th |-|Pkwy|-|Suite 10|-|Plainview|-|Ford County|-|IL|-|63683|-|United States|-|-6.00|-|condo|-|1907.00
AAAAAAAANFMAAAAA|-|Miss|-|Joann|-|Rogers|-|82|-|Pine |-|Blvd|-|Suite 380|-|Wildwood|-|Union County|-|IL|-|66871|-|United States|-|-6.00|-|single family|-|1806.16
AAAAAAAANFMAAAAA|-|Miss|-|Joann|-|Rogers|-|82|-|Pine |-|Blvd|-|Suite 380|-|Wildwood|-|Union County|-|IL|-|66871|-|United States|-|-6.00|-|single family|-|9076.27
AAAAAAAANJFJAAAA|-|Miss|-|Ruth|-|Headley|-|436|-|Miller Main|-|Dr.|-|Suite E|-|Clinton|-|Winnebago County|-|IL|-|68222|-|United States|-|-6.00|-|apartment|-|9910.63
AAAAAAAANJMGAAAA|-|Dr.|-|William|-|Helm|-|760|-|Davis |-|Avenue|-|Suite N|-|Pleasant Grove|-|Carroll County|-|IL|-|64136|-|United States|-|-6.00|-|condo|-|8952.28
AAAAAAAANLBJAAAA|-|Sir|-|Kevin|-|Hawthorne|-|652|-|Sycamore Wilson|-|Wy|-|Suite O|-|Jamestown|-|Lake County|-|IL|-|66867|-|United States|-|-6.00|-|apartment|-|1745.91
AAAAAAAANLEAAAAA|-|Sir|-|Micheal|-|Bell|-|908|-|Center |-|Lane|-|Suite 400|-|Riverside|-|Champaign County|-|IL|-|69231|-|United States|-|-6.00|-|condo|-|5822.16
AAAAAAAANOCFBAAA|-|Mr.|-|Henry|-|Head|-|748|-|Davis |-|Ln|-|Suite U|-|Springfield|-|McLean County|-|IL|-|69303|-|United States|-|-6.00|-|apartment|-|2234.23
AAAAAAAAODCPAAAA|-|Mr.|-|Melvin|-|Johnson|-|935|-|Forest Woodland|-|Circle|-|Suite S|-|Elkton|-|Pulaski County|-|IL|-|63481|-|United States|-|-6.00|-|condo|-|2664.64
AAAAAAAAOFCHAAAA|-|Dr.|-|Jorge|-|Steed|-|587|-|Park 4th|-|Ave|-|Suite B|-|Hazelwood|-|Christian County|-|IL|-|61206|-|United States|-|-6.00|-|condo|-|10644.42
AAAAAAAAOFLFAAAA|-|Ms.|-|Caitlin|-|Huffman|-|591|-|5th |-|Boulevard|-|Suite B|-|Highland Park|-|Brown County|-|IL|-|66534|-|United States|-|-6.00|-|condo|-|1627.76
AAAAAAAAOHPHAAAA|-|Sir|-|David|-|Mcneal|-|750|-|Main |-|Circle|-|Suite 380|-|Oakland|-|Warren County|-|IL|-|69843|-|United States|-|-6.00|-|apartment|-|2137.22
AAAAAAAAONOKAAAA|-|Mr.|-|Mohammad|-|Gaines|-|460|-|Jackson |-|Ave|-|Suite 30|-|Cedar|-|Edwards County|-|IL|-|61229|-|United States|-|-6.00|-|single family|-|1834.99
AAAAAAAAOOCFBAAA|-|Sir|-|Everett|-|Smith|-|788|-|Meadow 1st|-|Circle|-|Suite 160|-|Stringtown|-|Montgomery County|-|IL|-|60162|-|United States|-|-6.00|-|apartment|-|1960.44
AAAAAAAAOOEFAAAA|-|Dr.|-|Gabriel|-|Raymond|-|84|-|4th Highland|-|Cir.|-|Suite M|-|Bunker Hill|-|Champaign County|-|IL|-|60150|-|United States|-|-6.00|-|condo|-|6728.45
AAAAAAAAPDCGAAAA|-|Ms.|-|Audrey|-|Spooner|-|481|-|Oak |-|Court|-|Suite D|-|Oak Grove|-|Washington County|-|IL|-|68370|-|United States|-|-6.00|-|apartment|-|4275.84
AAAAAAAAPIJJAAAA|-|Dr.|-|Robert|-|Evans|-|140|-|Oak |-|Boulevard|-|Suite K|-|Shady Grove|-|Coles County|-|IL|-|62812|-|United States|-|-6.00|-|single family|-|4347.34
AAAAAAAAPJJCBAAA|-|Dr.|-|Kimberly|-|Jenkins|-|196|-|View |-|Ave|-|Suite H|-|Lebanon|-|Stark County|-|IL|-|62898|-|United States|-|-6.00|-|condo|-|1887.85
AAAAAAAAPKOGAAAA|-|Dr.|-|Kathleen|-|Peterson|-|890|-|Woodland Second|-|ST|-|Suite 470|-|Georgetown|-|Piatt County|-|IL|-|67057|-|United States|-|-6.00|-|condo|-|4573.61
AAAAAAAAPLLHBAAA|-|Mr.|-|Neil|-|Mooney|-|816|-|2nd |-|Road|-|Suite J|-|Oakdale|-|Effingham County|-|IL|-|69584|-|United States|-|-6.00|-|single family|-|2265.59
AAAAAAAAPNFIBAAA|-|Miss|-|Catherine|-|Moore|-|85|-|Woodland Lee|-|Lane|-|Suite H|-|Woodville|-|Wayne County|-|IL|-|64289|-|United States|-|-6.00|-|apartment|-|8101.55
AAAAAAAAPNKHAAAA|-|Dr.|-|Janett|-|Huskey|-|110|-|Mill |-|Blvd|-|Suite G|-|Macedonia|-|Jasper County|-|IL|-|61087|-|United States|-|-6.00|-|condo|-|7737.16
