AAAAAAAAAPCCAAAA|-|1|-|0.5847953216374269|-|54|-|31.57894736842105|-|2|-|1.1695906432748537|-|19.000000
AAAAAAAABBEBAAAA|-|23|-|19.166666666666664|-|4|-|3.3333333333333335|-|13|-|10.833333333333334|-|13.333333
AAAAAAAABHODAAAA|-|35|-|16.666666666666664|-|1|-|0.47619047619047616|-|34|-|16.19047619047619|-|23.333333
