AAAAAAAAAMHBAAAA|-|Guerin, Florine
AAAAAAAAANGABAAA|-|Cleary, George
AAAAAAAABFKIAAAA|-|Frasier, Joseph
AAAAAAAACJNCAAAA|-|Thomas, Jack
AAAAAAAADAIHBAAA|-|Samuels, Ronald
AAAAAAAAEDHLAAAA|-|German, Joyce
AAAAAAAAEPABBAAA|-|Maxwell, Delia
AAAAAAAAFLEEBAAA|-|Bernard, Diane
AAAAAAAAFPKHAAAA|-|Payton, Ali
AAAAAAAAGKGFBAAA|-|Wills, Gary
AAAAAAAAGKIBBAAA|-|Brooks, Jeff
AAAAAAAAGKIBBAAA|-|Brooks, Jeff
AAAAAAAAGMKDBAAA|-|Williams, 
AAAAAAAAIAHPAAAA|-|Thompson, Stuart
AAAAAAAAICGFAAAA|-|Cottrell, Adam
AAAAAAAAIEDFAAAA|-|Elkins, Brenda
AAAAAAAAIMJFAAAA|-|Wolford, Gertrude
AAAAAAAAJJLGBAAA|-|Murray, Heather
AAAAAAAAJOADAAAA|-|Harden, Mitchell
AAAAAAAAKFFHBAAA|-|Rodriguez, Ernest
AAAAAAAAKIGFAAAA|-|Gonzales, Brian
AAAAAAAALLHEAAAA|-|Williams, James
AAAAAAAANAOCBAAA|-|Durkin, Jack
AAAAAAAANJIJAAAA|-|Reeves, Pauline
AAAAAAAAOILHBAAA|-|Atwood, Thomas
AAAAAAAAOJHPAAAA|-|Bollinger, Jerry
AAAAAAAAPLDFBAAA|-|Wallace, Kenneth
AAAAAAAAPLDFBAAA|-|Wallace, Kenneth
