AAAAAAAAABHCAAAA|-|Level children shall exist finally other, patient costs. Adequate values come very children. Reforms ought to profit too as black troops. Nev|-|Books|-|arts|-|6.23|-|252.45|-|0.33962346392524817
AAAAAAAAADDBAAAA|-|Resulting, great occasions ought to expe|-|Books|-|arts|-|5.06|-|2230.46|-|3.0006597399354686
AAAAAAAAALAAAAAA|-|Large affairs assume. Contents sign only; heavy areas disturb local areas; drivers turn profits. Home early children obtain prime, old instruments. Advantages shall not announce gently |-|Books|-|arts|-|7.09|-|3674.01|-|4.942681729831654
AAAAAAAAAMJBAAAA|-|Expected, high classes expect; thus wooden values exclude probably below norma|-|Books|-|arts|-|1.15|-|820.04|-|1.1032078643583303
AAAAAAAABGDAAAAA|-|Newly national rights head curiously all electrical cells. Chinese, long values might not pull bad lines. High fun clothes ough|-|Books|-|arts|-|3.28|-|461.61|-|0.6210084657656321
AAAAAAAABKLDAAAA|-|Forward psychological plants establish closely yet eastern changes. Likewise necessary techniques might drop. Pleasant operations like lonely things; dogs let regions. Forces might not result clearl|-|Books|-|arts|-|2.43|-|1316.48|-|1.771073471136109
AAAAAAAACBDEAAAA|-|Banks might learn so. Governments fight subject, technical nations. Only original scholars would work merely experts. Hands lodge socially special, large armies. Small, full days arise to a y|-|Books|-|arts|-|8.93|-|249.48|-|0.3356278937614217
AAAAAAAACCPDAAAA|-|Here african objectives will not know good times. Leaders must sell yet in the developments. |-|Books|-|arts|-|1.14|-|1236.06|-|1.6628836554543167
AAAAAAAACEGCAAAA|-|Democratic days waste so. Books walk futur|-|Books|-|arts|-|0.6|-|4238.06|-|5.701503733503812
AAAAAAAACIKAAAAA|-|Big, necessary countries arise furt|-|Books|-|arts|-|1.48|-|8596.27|-|11.564646441816965
AAAAAAAACMPCAAAA|-|Even new adults shall resume in a hands. New boys grasp. Clear, bad firms ought to participate of course upon a opportunities. Sometimes hard options ought to admit actually within|-|Books|-|arts|-|3.13|-|10403.58|-|13.996038331643625
AAAAAAAADLLDAAAA|-|Black, following services justify by a investors; dirty, different charts will fly however prizes. Temporary, l|-|Books|-|arts|-|5.56|-|575.01|-|0.773566599293551
AAAAAAAAEIPCAAAA|-|Public, geographical methods may choke responsi|-|Books|-|arts|-|4.91|-|3420.0|-|4.6009595825880325
AAAAAAAAELBDAAAA|-|Metres sell low men. At least other|-|Books|-|arts|-|9.73|-|1595.07|-|2.145863333742308
AAAAAAAAFCIBAAAA|-|United, important objectives put similarly large, previous phenomena; old, present days receive. Happy detectives assi|-|Books|-|arts|-|1.26|-|4822.68|-|6.487998760162471
AAAAAAAAFJGCAAAA|-|Ago correct profits must not handle else. Healthy children may not go only ancient words. Later just characters ought to drink about. British parts must watch soon ago other clients. So vital d|-|Books|-|arts|-|4.03|-|5235.2|-|7.0429659668903115
AAAAAAAAFLNCAAAA|-|Much new waters |-|Books|-|arts|-|1.85|-|606.51|-|0.8159438586068618
AAAAAAAAGEJAAAAA|-|Hands might not make; good, different advertisements bear top, far facilities. Women could persuade yet. Copies lie long markets. Particular places could not ask. Numerous, old count|-|Books|-|arts|-|9.99|-|824.15|-|1.108737087716353
AAAAAAAAHHEBAAAA|-|Powerful walls will find; there scottish decades must not|-|Books|-|arts|-|4.16|-|1282.12|-|1.7248486257391131
AAAAAAAAHMCEAAAA|-|Too executive doors progress mainly seemingly possible parts; hundreds stay virtually simple workers. Sola|-|Books|-|arts|-|34.32|-|69.72|-|0.09379500061346129
AAAAAAAAIBPCAAAA|-|Able issues bother however political services. French teachers will act voices. Pregnant, existing cases make by th|-|Books|-|arts|-|84.47|-|4752.59|-|6.3937059949158055
AAAAAAAAINLAAAAA|-|Children come. Bad kinds love then also old owners. Never long effects come other, responsible words. Very particular iss|-|Books|-|arts|-|8.27|-|938.37|-|1.2623983752962373
AAAAAAAAJGHDAAAA|-|Circumstances would not use. Principles seem writers. Times go from a hands. Members find grounds. Central, only teachers pursue properly into a p|-|Books|-|arts|-|5.95|-|76.36|-|0.10272785781474332
AAAAAAAALCFBAAAA|-|More than key reasons should remain. Words used to offer slowly british|-|Books|-|arts|-|0.28|-|3188.58|-|4.289627984166242
AAAAAAAAMBABAAAA|-|Just late patients shall not go hard very able models. In addition exclusive resources go dirty standards. Continuous, good concepts might know much du|-|Books|-|arts|-|1.18|-|1379.84|-|1.8563123012977398
AAAAAAAAMMICAAAA|-|Real scales get just features. Controls describe political interests. Devices lie. |-|Books|-|arts|-|0.89|-|1977.58|-|2.6604577927878483
AAAAAAAANABCAAAA|-|Likely states feel astonishingly working roads. Parents put so somewhere able policies. Others may rely shortly instead interesting bodies; bri|-|Books|-|arts|-|7.5|-|8573.94|-|11.534605673548196
AAAAAAAANMECAAAA|-|Floors could not go only for a years. Special reasons shape consequently black, concerned instances. Mutual depths encourage both simple teachers. Cards favour massive |-|Books|-|arts|-|1.83|-|178.24|-|0.23978802222236575
AAAAAAAAOKHDAAAA|-|Responsible arts permit. Fresh, elderly figures refer much long certain prayers. Almost romantic assumptions date however european, innocent cou|-|Books|-|arts|-|7.86|-|1357.86|-|1.8267423914657852
AAAAAAAAAADEAAAA|-|Later national activities wake yet expenses. Variable days choose typically light, final feet. So scottish pro|-|Books|-|business|-|0.9|-|114.72|-|0.06595555933729383
AAAAAAAAADKBAAAA|-|Primary, past authorities say well at a teeth; stores want much usually important sites; late |-|Books|-|business|-|0.26|-|3557.34|-|2.0452087644083754
AAAAAAAACEHDAAAA|-|Catholic men understand new conditions; he|-|Books|-|business|-|1.48|-|253.82|-|0.14592782488661016
AAAAAAAACMIBAAAA|-|Most good days may continue images. Most human lives must reject thus quietly legitimate pounds. More senior schools concentrate more than prime hours. No doubt normal|-|Books|-|business|-|6.58|-|3743.0699999999997|-|2.151989849099062
AAAAAAAADEDAAAAA|-|Junior, severe restrictions ought to want principles. Sure,|-|Books|-|business|-|9.77|-|4055.45|-|2.3315853653628684
AAAAAAAAEDKDAAAA|-|Minor, single things could cry too profits. Examples focus material, young observations. Existing tensions would stop away. Facilities reply most thoroughly small|-|Books|-|business|-|1.24|-|4403.14|-|2.531481533650732
AAAAAAAAELBAAAAA|-|Immense panels take just. Small workers ignore home. Professionals must not show prime, difficult complaints; finally royal documents must ef|-|Books|-|business|-|1.72|-|765.8100000000001|-|0.44028440460332097
AAAAAAAAEMMBAAAA|-|Polls may not change in order logical shoulders. Left times leave|-|Books|-|business|-|3.01|-|2178.42|-|1.2524312201146062
AAAAAAAAFDLAAAAA|-|Popular, different parameters might take open, used modules. Prisoners use pretty alternative lovers. Annual, professional others spend once true men. Other, small subsidies seem politically|-|Books|-|business|-|7.25|-|2220.24|-|1.276474643157542
AAAAAAAAFEGEAAAA|-|Supreme, free uses handle even in the customers. Other minutes might not make of course social neighbours. So environmental rights come other, able sales|-|Books|-|business|-|8.08|-|3116.1|-|1.7915282291748718
AAAAAAAAFHFCAAAA|-|Sound, original activities consider quite to a attitudes. In order weak improvements marry available, hard studie|-|Books|-|business|-|71.27|-|13195.04|-|7.5861771589780815
AAAAAAAAGANDAAAA|-|Simple functions contain then wide |-|Books|-|business|-|9.71|-|10164.849999999999|-|5.844040858871087
AAAAAAAAGCJCAAAA|-|Careful universities may find cultural methods; artificial, apparent sections ought to tell highly reforms. Medical, glorious studies shall not agree straight almost actual states. Enough n|-|Books|-|business|-|5.7|-|6924.9|-|3.9813079921097105
AAAAAAAAGDBDAAAA|-|Safe, strong houses could find. Customers will exploit useful, old views. National, internal paintings must use normally p|-|Books|-|business|-|5.16|-|3402.4|-|1.956129664306211
AAAAAAAAGGHBAAAA|-|Big calculations may find quickly. Separate, unemployed languages choose never. Really red regulations could not remem|-|Books|-|business|-|6.23|-|6854.46|-|3.9408101748178788
AAAAAAAAGIKBAAAA|-|Shows say though new months. D|-|Books|-|business|-|3.66|-|2716.42|-|1.5617416361141188
AAAAAAAAGJODAAAA|-|Therefore gay reserves increase political po|-|Books|-|business|-|2.86|-|2157.52|-|1.240415257857376
AAAAAAAAGMDBAAAA|-|Settlements relocate colleagues. Well |-|Books|-|business|-|8.18|-|13935.62|-|8.011956169909158
AAAAAAAAGPBAAAAA|-|Members aid ago. Blind trends used to get actions. Important notes might suffer rarely moral others. Members make. Just full rivals say elsewhere. Small factors may abandon; im|-|Books|-|business|-|1.46|-|1044.0|-|0.6002231864377158
AAAAAAAAHAADAAAA|-|British instructions will not distinguish blue results; great periods fill delicious, big years. Emotions cannot go results. Quick,|-|Books|-|business|-|5.91|-|353.7|-|0.2033514760948468
AAAAAAAAHDKCAAAA|-|Visual fragments |-|Books|-|business|-|6.77|-|3747.52|-|2.1545482716849316
AAAAAAAAHDLBAAAA|-|Classic issues will draw as european, engl|-|Books|-|business|-|75.64|-|6261.0|-|3.599614339354922
AAAAAAAAHJAAAAAA|-|Again british shareholders see shares. American lives ought to establish horses. Then ideal conservatives might charge even nec|-|Books|-|business|-|2.44|-|281.07|-|0.1615945699349126
AAAAAAAAHKACAAAA|-|Critical cases tell anywhere to the circumstances. Dependent, new numbers must not|-|Books|-|business|-|3.72|-|4957.65|-|2.850283984907032
AAAAAAAAHLKAAAAA|-|Confident, video-tape|-|Books|-|business|-|3.17|-|2151.24|-|1.2368047199159689
AAAAAAAAIAAAAAAA|-|International countries might not steal more. Differences will give devices. New, naval eyes c|-|Books|-|business|-|4.22|-|5759.26|-|3.311150755482068
AAAAAAAAILOBAAAA|-|New cr|-|Books|-|business|-|5.44|-|637.8|-|0.3666880730938459
AAAAAAAAJFBEAAAA|-|Paintings must not know primary, royal stands; similar, available others ough|-|Books|-|business|-|0.39|-|3857.56|-|2.217813175358884
AAAAAAAAJJGBAAAA|-|Most present eyes restore fat, central relationships; again considerable habits must face in a discussions. Engineers help at all direct occasions. Curiously del|-|Books|-|business|-|80.1|-|176.61|-|0.10153775570571358
AAAAAAAAKCMBAAAA|-|Tra|-|Books|-|business|-|1.64|-|2.92|-|0.0016787851574694731
AAAAAAAAKIMCAAAA|-|However dangerous jobs deserve much continuing, magnetic cards. Today key drugs happe|-|Books|-|business|-|82.91|-|5349.08|-|3.07532743497151
AAAAAAAAKIPCAAAA|-|Young countries should restore increasingly others. Combined, large activities match in a cases. Positions can |-|Books|-|business|-|1.02|-|182.4|-|0.10486657969946299
AAAAAAAAKKLBAAAA|-|Great, valid factors should not say able centres. Lazily cu|-|Books|-|business|-|5.02|-|290.4|-|0.16695863346888185
AAAAAAAAKNCBAAAA|-|Slowly alternative items would portray perfectly boys; for example hard items treat hence appropriate wea|-|Books|-|business|-|1.88|-|1275.0|-|0.7330311903334172
AAAAAAAAKPGAAAAA|-|Hard genuine samples can create. Services arrive. Human, vast years should love on a surveys. Excellent, essential numbers result more historical, social actions. There exciting things join so|-|Books|-|business|-|3.72|-|4750.25|-|2.7310442446127965
AAAAAAAALAJCAAAA|-|Asleep children invite more. Wealthy forms could expect as. Indeed statistical examinations could la|-|Books|-|business|-|3.71|-|1712.58|-|0.9846074948558461
AAAAAAAALDHBAAAA|-|Most new weeks go yet members. Also encouraging delegates make publications. Different competitors run resources; somehow common views m|-|Books|-|business|-|1.07|-|1581.58|-|0.9092921333392361
AAAAAAAALHMBAAAA|-|Local, bloody names |-|Books|-|business|-|4.4|-|5021.52|-|2.887004535594558
AAAAAAAAMGABAAAA|-|Huge, ancient problems survive much outstanding, important lawyers. Complete styles would say unlikely, natural children. Western relations get precious prisoners. Large, able techniq|-|Books|-|business|-|29.84|-|2404.55|-|1.3824393323264461
AAAAAAAAMKKDAAAA|-|Long years sl|-|Books|-|business|-|9.91|-|1024.29|-|0.5888913866247968
AAAAAAAAMMNAAAAA|-|Shops see enough then light views; near chief insects may thank so ever orange products. Advantages settle surely. Still female re|-|Books|-|business|-|4.64|-|8709.68|-|5.007425174763261
AAAAAAAANKCAAAAA|-|Low, large clouds will not visit for example as the notions. Small, unacceptable drugs might not negotiate environmental, happy keys.|-|Books|-|business|-|3.11|-|3137.66|-|1.803923642871804
AAAAAAAAODCAAAAA|-|Things shall make really high, financial poles. Physical, formal metres forget probably comfortab|-|Books|-|business|-|0.42|-|274.32|-|0.15771381657432393
AAAAAAAAOEFDAAAA|-|Then presidential |-|Books|-|business|-|52.62|-|2882.86|-|1.6574323900898786
AAAAAAAAOGBEAAAA|-|Efforts will look far available rivers. For example standard police used to perform so profound excessive seats. Wet, substantial minutes live special, available fans. Reliable, electoral m|-|Books|-|business|-|51.5|-|1983.52|-|1.1403780601177567
AAAAAAAAOGNBAAAA|-|Arguably other beans suggest then useful events. Gener|-|Books|-|business|-|9.91|-|12194.76|-|7.011089755788505
AAAAAAAAOHDEAAAA|-|Creatures ought to tell |-|Books|-|business|-|0.47|-|3050.77|-|1.7539682859086112
AAAAAAAAOICCAAAA|-|Practices would not alter secret, international subjects; democratic, old hours |-|Books|-|business|-|8.09|-|445.47|-|0.2561124740061391
AAAAAAAAOJADAAAA|-|Working, economic organizations can ensure rather friends. New women should not close thus traditional gaps. Old effects cannot hear already firms. Essential, s|-|Books|-|business|-|30.03|-|3404.0699999999997|-|1.9570897914339418
AAAAAAAAOKDBAAAA|-|Easily expensive developments will ensure still potential sorry solicitors. Different, post-war folk must not strengthen |-|Books|-|business|-|4.65|-|1270.89|-|0.7306682427316367
AAAAAAAAAMGBAAAA|-|Very social engineers ask facilities. Numerous, stupid |-|Books|-|computers|-|1.93|-|4466.22|-|3.9567290182541877
AAAAAAAABEBEAAAA|-|Cheap, desirable members take immediate, estimated debts; months must track typica|-|Books|-|computers|-|3.26|-|756.96|-|0.6706086125756657
AAAAAAAABHOAAAAA|-|Expert, scottish terms will ask quiet demands; poor bits attempt northern, dangerous si|-|Books|-|computers|-|2.66|-|3840.2|-|3.402123221851976
AAAAAAAACAMDAAAA|-|Wooden eyes will visit possible, theoretical reasons. Circumstances die very throughout the feelings. Friends might not est|-|Books|-|computers|-|6.32|-|19023.78|-|16.85361275595104
AAAAAAAACFAEAAAA|-|Bad, domestic parts |-|Books|-|computers|-|1.32|-|4853.429999999999|-|4.299767436235881
AAAAAAAACKEAAAAA|-|Previous feet would not find pubs. Unexpectedly dead|-|Books|-|computers|-|2.63|-|2232.78|-|1.9780721543895254
AAAAAAAADAHAAAAA|-|Ga|-|Books|-|computers|-|5.53|-|2299.44|-|2.0371278113783937
AAAAAAAAEEIDAAAA|-|Papers may die details. Men force also old, major stones. Wrong, central arms used to get as concre|-|Books|-|computers|-|0.53|-|707.16|-|0.6264896249062141
AAAAAAAAEKJAAAAA|-|Scientific hands should not stem. Psychological matters must add rather top groups. Deaths would identify conve|-|Books|-|computers|-|4.55|-|4188.06|-|3.7103005521872268
AAAAAAAAFDPCAAAA|-|Limited, capable cities shall try during the bodies. Specially economic services ought to prevent old area|-|Books|-|computers|-|2.93|-|1940.0|-|1.718691487524825
AAAAAAAAFHNAAAAA|-|Legs throw then. Old-fashioned develo|-|Books|-|computers|-|2.66|-|24.84|-|0.02200633842789518
AAAAAAAAHHFDAAAA|-|Multiple, dark feet mean more complex girls; schools may not answer frequently blue assets. Spiritual, dry patients may reply personnel|-|Books|-|computers|-|2.04|-|2833.73|-|2.510467849970991
AAAAAAAAIBDBAAAA|-|Valid resources ought to say still tears. M|-|Books|-|computers|-|3.81|-|8228.68|-|7.289980551322565
AAAAAAAAICGEAAAA|-|Possible incentives can call other, british police. Modern|-|Books|-|computers|-|5.57|-|917.28|-|0.8126398596272018
AAAAAAAAIHEBAAAA|-|Only, civil persons avoid early to a terms. Then u|-|Books|-|computers|-|7.97|-|218.4|-|0.19348568086361947
AAAAAAAAIKEDAAAA|-|Primary, total origins help with the levels. Human, possible structures alter tomorrow to a wages. Proud interests see seriously further proper insects. Others fin|-|Books|-|computers|-|1.89|-|1276.58|-|1.1309521541981655
AAAAAAAAJJFCAAAA|-|Effective females must answer too english projects. Firm, political experiments see in terms of |-|Books|-|computers|-|0.76|-|80.79|-|0.07157375529749002
AAAAAAAAJPBDAAAA|-|Of course responsible fears tell. Now clear substances might develop at least independent civil tourists.|-|Books|-|computers|-|4.95|-|70.0|-|0.06201464130244214
AAAAAAAAKFBDAAAA|-|Women used to seek ready organisation|-|Books|-|computers|-|1.89|-|128.52|-|0.11385888143128378
AAAAAAAAKGCBAAAA|-|Goods go only. Accountants may unite. Almost agricultural muscles go just regional police. Real samples used to build auditors; following women can believe. Very concerned tonnes would fit there|-|Books|-|computers|-|3.02|-|1252.44|-|1.1095659621832947
AAAAAAAALBNAAAAA|-|Male levels shall reduce else high, local conditions; further personal agencies control. Successful days wake eve|-|Books|-|computers|-|6.55|-|1495.84|-|1.3251997292263578
