AAAAAAAADOCAAAAA|-|Little, national services will buy young molecules. In part video-taped activities join now|-|TN|-|1|-|24.0|-|null|-|null|-|1|-|11.0|-|null|-|null|-|1|-|49.0|-|null|-|null
AAAAAAAAEBOBAAAA|-|Special words should tell by a follower|-|TN|-|1|-|66.0|-|null|-|null|-|1|-|38.0|-|null|-|null|-|1|-|56.0|-|null|-|null
