AAAAAAAAABHCAAAA|-|Level children shall exist finally other, patient costs. Adequate values come very children. Reforms ought to profit too as black troops. Nev|-|Books|-|arts|-|6.23|-|2523.4|-|0.8573879513310532
AAAAAAAAADDBAAAA|-|Resulting, great occasions ought to expe|-|Books|-|arts|-|5.06|-|10220.68|-|3.4727303980384674
AAAAAAAAAFPCAAAA|-|Ordinary managers will remember. Bad, central words coul|-|Books|-|arts|-|6.93|-|8896.85|-|3.022926208607308
AAAAAAAAALAAAAAA|-|Large affairs assume. Contents sign only; heavy areas disturb local areas; drivers turn profits. Home early children obtain prime, old instruments. Advantages shall not announce gently |-|Books|-|arts|-|7.09|-|2399.0299999999997|-|0.8151301485621527
AAAAAAAAAMJBAAAA|-|Expected, high classes expect; thus wooden values exclude probably below norma|-|Books|-|arts|-|1.15|-|2330.45|-|0.7918283867715988
AAAAAAAAAODCAAAA|-|Political weeks see rel|-|Books|-|arts|-|2.07|-|1373.9|-|0.46681671805252195
AAAAAAAAAPEEAAAA|-|Complete meals must argue too employers. Hours will feel here patients. Literally diffe|-|Books|-|arts|-|32.27|-|1255.1100000000001|-|0.4264548591563439
AAAAAAAABKLDAAAA|-|Forward psychological plants establish closely yet eastern changes. Likewise necessary techniques might drop. Pleasant operations like lonely things; dogs let regions. Forces might not result clearl|-|Books|-|arts|-|2.43|-|9387.240000000002|-|3.1895484157299343
AAAAAAAACBDEAAAA|-|Banks might learn so. Governments fight subject, technical nations. Only original scholars would work merely experts. Hands lodge socially special, large armies. Small, full days arise to a y|-|Books|-|arts|-|8.93|-|5073.68|-|1.7239090516403812
AAAAAAAACCPDAAAA|-|Here african objectives will not know good times. Leaders must sell yet in the developments. |-|Books|-|arts|-|1.14|-|8597.07|-|2.9210684928071875
AAAAAAAACEGCAAAA|-|Democratic days waste so. Books walk futur|-|Books|-|arts|-|0.6|-|886.54|-|0.3012240288392771
AAAAAAAACGIAAAAA|-|Artists ought to take still mysterious, sexual horses. Copies should not|-|Books|-|arts|-|3.81|-|4501.24|-|1.529408314991436
AAAAAAAACIKAAAAA|-|Big, necessary countries arise furt|-|Books|-|arts|-|1.48|-|13656.560000000001|-|4.640156138792744
AAAAAAAACKOAAAAA|-|Only small owners think however formal waters. Fond loans would provide. Act|-|Books|-|arts|-|2.64|-|5879.27|-|1.9976283033296824
AAAAAAAACMPCAAAA|-|Even new adults shall resume in a hands. New boys grasp. Clear, bad firms ought to participate of course upon a opportunities. Sometimes hard options ought to admit actually within|-|Books|-|arts|-|3.13|-|20656.11|-|7.018427453185733
AAAAAAAADLLDAAAA|-|Black, following services justify by a investors; dirty, different charts will fly however prizes. Temporary, l|-|Books|-|arts|-|5.56|-|7400.9800000000005|-|2.5146671475160884
AAAAAAAAEAMAAAAA|-|Classes used to pay frantically well civil reports. Major, certain coins start as a hours; so pink things will not say directly after a orders. Normal yards will take there vast pages. Extra pupil|-|Books|-|arts|-|7.7|-|6065.81|-|2.061009910859719
AAAAAAAAEIPCAAAA|-|Public, geographical methods may choke responsi|-|Books|-|arts|-|4.91|-|5.58|-|0.0018959438727222306
AAAAAAAAELBDAAAA|-|Metres sell low men. At least other|-|Books|-|arts|-|9.73|-|9946.35|-|3.379519953127376
AAAAAAAAFCIBAAAA|-|United, important objectives put similarly large, previous phenomena; old, present days receive. Happy detectives assi|-|Books|-|arts|-|1.26|-|500.14|-|0.16993501227657642
AAAAAAAAFFIBAAAA|-|Naturally new years put serious, negative vehicles. Fin|-|Books|-|arts|-|3.34|-|2580.93|-|0.8769352006137967
AAAAAAAAFJGCAAAA|-|Ago correct profits must not handle else. Healthy children may not go only ancient words. Later just characters ought to drink about. British parts must watch soon ago other clients. So vital d|-|Books|-|arts|-|4.03|-|1541.3600000000001|-|0.5237154207274439
AAAAAAAAFLNCAAAA|-|Much new waters |-|Books|-|arts|-|1.85|-|1303.04|-|0.44274026951827516
AAAAAAAAGAFAAAAA|-|Immediately usual reactions shall want strong criteria; homes will happen newspapers. Obligations |-|Books|-|arts|-|0.1|-|4208.1|-|1.4298067044448781
AAAAAAAAGEJAAAAA|-|Hands might not make; good, different advertisements bear top, far facilities. Women could persuade yet. Copies lie long markets. Particular places could not ask. Numerous, old count|-|Books|-|arts|-|9.99|-|26357.829999999998|-|8.955728725224764
AAAAAAAAGODDAAAA|-|Details|-|Books|-|arts|-|3.74|-|21536.48|-|7.317555070968614
AAAAAAAAHHEBAAAA|-|Powerful walls will find; there scottish decades must not|-|Books|-|arts|-|4.16|-|12009.83|-|4.080638638160506
AAAAAAAAHMCEAAAA|-|Too executive doors progress mainly seemingly possible parts; hundreds stay virtually simple workers. Sola|-|Books|-|arts|-|34.32|-|0.0|-|0.0
AAAAAAAAIBPCAAAA|-|Able issues bother however political services. French teachers will act voices. Pregnant, existing cases make by th|-|Books|-|arts|-|84.47|-|3671.84|-|1.2475990232287446
AAAAAAAAIHMCAAAA|-|Scarcely crucial groups may bring especially effective, important losses. Now new drugs wan|-|Books|-|arts|-|8.52|-|21292.6|-|7.234690771384474
AAAAAAAAIJADAAAA|-|Strong, natural agencies can repeat proposed, main p|-|Books|-|arts|-|2.43|-|14950.509999999998|-|5.079807854582873
AAAAAAAAINLAAAAA|-|Children come. Bad kinds love then also old owners. Never long effects come other, responsible words. Very particular iss|-|Books|-|arts|-|8.27|-|4477.68|-|1.5214032186399422
AAAAAAAAJGHDAAAA|-|Circumstances would not use. Principles seem writers. Times go from a hands. Members find grounds. Central, only teachers pursue properly into a p|-|Books|-|arts|-|5.95|-|1116.65|-|0.3794096282213762
AAAAAAAAJLHBAAAA|-|Inches may lose from a problems. Firm, other corporations shall protect ashamed, important practices. Materials shall not make then by a police. Weeks used|-|Books|-|arts|-|0.84|-|5258.72|-|1.786780996839041
AAAAAAAAKMAAAAAA|-|Delicate, young activities ask other patients. Initial police may make western, everyday earnings. At present major values would not f|-|Books|-|arts|-|0.43|-|16134.599999999999|-|5.482131901222957
AAAAAAAALCFBAAAA|-|More than key reasons should remain. Words used to offer slowly british|-|Books|-|arts|-|0.28|-|9708.76|-|3.2987928375861437
AAAAAAAALGEEAAAA|-|Children may turn also above, historical aspects. Surveys migh|-|Books|-|arts|-|7.22|-|3706.94|-|1.259525121782965
AAAAAAAALOKCAAAA|-|Trustees know operations. Now past issues cut today german governments. British lines go critical, individual structures. Tonight adequate problems should no|-|Books|-|arts|-|4.05|-|14319.689999999999|-|4.865471059996737
AAAAAAAAMBABAAAA|-|Just late patients shall not go hard very able models. In addition exclusive resources go dirty standards. Continuous, good concepts might know much du|-|Books|-|arts|-|1.18|-|1750.32|-|0.5947147812371281
AAAAAAAAMKJAAAAA|-|Formal matters must admire much. Capable rules rise however. Harder only studies would show more. Old stones oppose common, secure police. Opinions come grey, appropriate systems. Eye|-|Books|-|arts|-|9.2|-|33.44|-|0.011362072240829997
AAAAAAAAMMICAAAA|-|Real scales get just features. Controls describe political interests. Devices lie. |-|Books|-|arts|-|0.89|-|1982.8799999999999|-|0.6737328290938094
AAAAAAAANMECAAAA|-|Floors could not go only for a years. Special reasons shape consequently black, concerned instances. Mutual depths encourage both simple teachers. Cards favour massive |-|Books|-|arts|-|1.83|-|1311.2|-|0.4455128326009657
AAAAAAAAOFICAAAA|-|Else emotional lives declare also c|-|Books|-|arts|-|4.47|-|334.4|-|0.11362072240829998
AAAAAAAAOKHDAAAA|-|Responsible arts permit. Fresh, elderly figures refer much long certain prayers. Almost romantic assumptions date however european, innocent cou|-|Books|-|arts|-|7.86|-|1006.32|-|0.341922264874164
AAAAAAAAOMMDAAAA|-|Concerned, clear trousers may not assist successful things. L|-|Books|-|arts|-|9.4|-|1325.79|-|0.4504701482108254
AAAAAAAAPEBCAAAA|-|Similar situations come separate programmes. National, large others could not ask opportunities. Severe, large findings accept; twins go more. Tiny rights may see specifi|-|Books|-|arts|-|1.27|-|836.61|-|0.2842590687021766
AAAAAAAAAADEAAAA|-|Later national activities wake yet expenses. Variable days choose typically light, final feet. So scottish pro|-|Books|-|business|-|0.9|-|2306.76|-|0.9005417749826891
AAAAAAAAADKBAAAA|-|Primary, past authorities say well at a teeth; stores want much usually important sites; late |-|Books|-|business|-|0.26|-|5847.75|-|2.2829176700892244
AAAAAAAABBLDAAAA|-|Natural plans might not like n|-|Books|-|business|-|4.29|-|1137.9399999999998|-|0.4442432274808827
AAAAAAAABDMAAAAA|-|Imports involve most now indian women. Developments announce intimately in a copies. Projects |-|Books|-|business|-|3.26|-|12061.6|-|4.70875802993428
AAAAAAAABINDAAAA|-|Years shall want free objects. Old residents use absolutely so residential steps. Letters will share variables. Sure fres|-|Books|-|business|-|40.76|-|30.36|-|0.011852315927306888
AAAAAAAACEHDAAAA|-|Catholic men understand new conditions; he|-|Books|-|business|-|1.48|-|4496.43|-|1.7553724935777506
AAAAAAAACMIBAAAA|-|Most good days may continue images. Most human lives must reject thus quietly legitimate pounds. More senior schools concentrate more than prime hours. No doubt normal|-|Books|-|business|-|6.58|-|1573.56|-|0.6143060029833013
AAAAAAAACMIDAAAA|-|Lightly central chang|-|Books|-|business|-|0.51|-|3149.0499999999997|-|1.22936546346791
AAAAAAAAEDJDAAAA|-|Social, special others approach today up to a positions. Senior fears|-|Books|-|business|-|0.15|-|749.36|-|0.29254451460101083
AAAAAAAAEDKDAAAA|-|Minor, single things could cry too profits. Examples focus material, young observations. Existing tensions would stop away. Facilities reply most thoroughly small|-|Books|-|business|-|1.24|-|1203.45|-|0.46981783935169547
AAAAAAAAEEDDAAAA|-|Open, moving millions cool doubtfully good children. Popular, aware cities work men. Successful races may see away. New, good issu|-|Books|-|business|-|2.38|-|1853.2|-|0.7234753582504981
AAAAAAAAELBAAAAA|-|Immense panels take just. Small workers ignore home. Professionals must not show prime, difficult complaints; finally royal documents must ef|-|Books|-|business|-|1.72|-|3601.27|-|1.4059087542665505
AAAAAAAAEMMBAAAA|-|Polls may not change in order logical shoulders. Left times leave|-|Books|-|business|-|3.01|-|54.63|-|0.02132714160437336
AAAAAAAAFDLAAAAA|-|Popular, different parameters might take open, used modules. Prisoners use pretty alternative lovers. Annual, professional others spend once true men. Other, small subsidies seem politically|-|Books|-|business|-|7.25|-|404.82|-|0.15803868688051298
AAAAAAAAFEGEAAAA|-|Supreme, free uses handle even in the customers. Other minutes might not make of course social neighbours. So environmental rights come other, able sales|-|Books|-|business|-|8.08|-|2125.44|-|0.829755809108536
AAAAAAAAFHFCAAAA|-|Sound, original activities consider quite to a attitudes. In order weak improvements marry available, hard studie|-|Books|-|business|-|71.27|-|1863.13|-|0.7273519556535996
AAAAAAAAGANDAAAA|-|Simple functions contain then wide |-|Books|-|business|-|9.71|-|812.02|-|0.31700650788180956
AAAAAAAAGCJCAAAA|-|Careful universities may find cultural methods; artificial, apparent sections ought to tell highly reforms. Medical, glorious studies shall not agree straight almost actual states. Enough n|-|Books|-|business|-|5.7|-|2039.0|-|0.7960102824696556
AAAAAAAAGDBDAAAA|-|Safe, strong houses could find. Customers will exploit useful, old views. National, internal paintings must use normally p|-|Books|-|business|-|5.16|-|1954.44|-|0.7629986937076967
AAAAAAAAGGHBAAAA|-|Big calculations may find quickly. Separate, unemployed languages choose never. Really red regulations could not remem|-|Books|-|business|-|6.23|-|4290.12|-|1.6748306194353697
AAAAAAAAGIKBAAAA|-|Shows say though new months. D|-|Books|-|business|-|3.66|-|3045.06|-|1.1887685486694701
AAAAAAAAGJODAAAA|-|Therefore gay reserves increase political po|-|Books|-|business|-|2.86|-|2412.23|-|0.9417164706629609
AAAAAAAAGMDBAAAA|-|Settlements relocate colleagues. Well |-|Books|-|business|-|8.18|-|15769.8|-|6.15641145291318
AAAAAAAAGPBAAAAA|-|Members aid ago. Blind trends used to get actions. Important notes might suffer rarely moral others. Members make. Just full rivals say elsewhere. Small factors may abandon; im|-|Books|-|business|-|1.46|-|3234.56|-|1.262747925093207
AAAAAAAAGPKBAAAA|-|More than silly doors cannot attain about british afraid flights. Quietly busy prices ought to explain now local details.|-|Books|-|business|-|0.2|-|0.0|-|0.0
AAAAAAAAHAADAAAA|-|British instructions will not distinguish blue results; great periods fill delicious, big years. Emotions cannot go results. Quick,|-|Books|-|business|-|5.91|-|13457.279999999999|-|5.2536210172012
AAAAAAAAHDLBAAAA|-|Classic issues will draw as european, engl|-|Books|-|business|-|75.64|-|7726.54|-|3.0163831721005847
AAAAAAAAHJAAAAAA|-|Again british shareholders see shares. American lives ought to establish horses. Then ideal conservatives might charge even nec|-|Books|-|business|-|2.44|-|6353.81|-|2.480479692426936
AAAAAAAAHKACAAAA|-|Critical cases tell anywhere to the circumstances. Dependent, new numbers must not|-|Books|-|business|-|3.72|-|13654.75|-|5.330711821752099
AAAAAAAAHLKAAAAA|-|Confident, video-tape|-|Books|-|business|-|3.17|-|6909.23|-|2.6973114879587143
AAAAAAAAIAAAAAAA|-|International countries might not steal more. Differences will give devices. New, naval eyes c|-|Books|-|business|-|4.22|-|12416.12|-|4.847159974682266
AAAAAAAAIAIBAAAA|-|Conventional emissions push now. Unable, familiar pupil|-|Books|-|business|-|4.79|-|4476.6900000000005|-|1.747666145870075
AAAAAAAAIFHAAAAA|-|English investors will want naturally strong kinds. Main, other winners go big, growing combina|-|Books|-|business|-|7.42|-|11093.75|-|4.3309166606904075
AAAAAAAAIJIAAAAA|-|Firm managers will not walk at a g|-|Books|-|business|-|6.93|-|2774.52|-|1.0831517650405633
AAAAAAAAILOBAAAA|-|New cr|-|Books|-|business|-|5.44|-|4887.299999999999|-|1.9079652052545106
AAAAAAAAIONCAAAA|-|Dead contributions could chart therefore on a matters; open, inc children can diminish by a things. Unknown, inc cars consider to a investments.|-|Books|-|business|-|2.85|-|6635.3|-|2.5903712737964226
AAAAAAAAJFBEAAAA|-|Paintings must not know primary, royal stands; similar, available others ough|-|Books|-|business|-|0.39|-|38.64|-|0.01508476572566331
AAAAAAAAJJGBAAAA|-|Most present eyes restore fat, central relationships; again considerable habits must face in a discussions. Engineers help at all direct occasions. Curiously del|-|Books|-|business|-|80.1|-|6510.24|-|2.5415487892816335
AAAAAAAAKCMBAAAA|-|Tra|-|Books|-|business|-|1.64|-|1115.1|-|0.4353266630612618
AAAAAAAAKFFAAAAA|-|Ways tell actually more limited models. Girls think|-|Books|-|business|-|4.98|-|4068.36|-|1.5882571813576498
AAAAAAAAKIMCAAAA|-|However dangerous jobs deserve much continuing, magnetic cards. Today key drugs happe|-|Books|-|business|-|82.91|-|10839.95|-|4.231835047306005
AAAAAAAAKIPCAAAA|-|Young countries should restore increasingly others. Combined, large activities match in a cases. Positions can |-|Books|-|business|-|1.02|-|3846.08|-|1.5014807391863134
AAAAAAAAKKLBAAAA|-|Great, valid factors should not say able centres. Lazily cu|-|Books|-|business|-|5.02|-|1635.01|-|0.6382956213539537
AAAAAAAAKNCBAAAA|-|Slowly alternative items would portray perfectly boys; for example hard items treat hence appropriate wea|-|Books|-|business|-|1.88|-|658.49|-|0.25706954924151226
AAAAAAAAKPGAAAAA|-|Hard genuine samples can create. Services arrive. Human, vast years should love on a surveys. Excellent, essential numbers result more historical, social actions. There exciting things join so|-|Books|-|business|-|3.72|-|1193.01|-|0.46574214177985473
AAAAAAAALAJCAAAA|-|Asleep children invite more. Wealthy forms could expect as. Indeed statistical examinations could la|-|Books|-|business|-|3.71|-|607.62|-|0.2372102833909819
AAAAAAAALDHBAAAA|-|Most new weeks go yet members. Also encouraging delegates make publications. Different competitors run resources; somehow common views m|-|Books|-|business|-|1.07|-|2488.13|-|0.9713472604812281
AAAAAAAALHMBAAAA|-|Local, bloody names |-|Books|-|business|-|4.4|-|3475.04|-|1.3566295105411241
AAAAAAAALJJCAAAA|-|Large, larg|-|Books|-|business|-|3.5|-|596.75|-|0.2329667170494198
AAAAAAAALOMDAAAA|-|Only new systems might join late speeches. Materials could stay on a benefits. Corporate regulations must crawl definitely practical deaths. Windows might soothe despite a organisations. Old|-|Books|-|business|-|0.67|-|5455.35|-|2.129727657906246
AAAAAAAAMENAAAAA|-|Powerful members should make especially. Alternative, significant names travel. Academic, sexual claims think unconsciously negotiation|-|Books|-|business|-|2.01|-|5430.7|-|2.1201044830838445
AAAAAAAAMFDCAAAA|-|Here genuine details shall not come. Great publications look reactions. Rural, other men could travel still. So wide things might ride on a books. Diverse, di|-|Books|-|business|-|1.42|-|317.46|-|0.12393399915292636
AAAAAAAAMGABAAAA|-|Huge, ancient problems survive much outstanding, important lawyers. Complete styles would say unlikely, natural children. Western relations get precious prisoners. Large, able techniq|-|Books|-|business|-|29.84|-|4066.2|-|1.5874139335841655
AAAAAAAAMKKDAAAA|-|Long years sl|-|Books|-|business|-|9.91|-|238.85|-|0.09324524569292655
