null|-|null|-|1|-|49.916138404648706|-|75.42522204599523|-|191.10944752841675|-|37.89684989429171
AAAAAAAAAAABAAAA|-|null|-|1|-|67.0|-|37.52|-|0.0|-|24.01
AAAAAAAAAAABAAAA|-|TN|-|0|-|67.0|-|37.52|-|0.0|-|24.01
AAAAAAAAAAACAAAA|-|null|-|1|-|34.0|-|89.61|-|186.4|-|32.25
AAAAAAAAAAACAAAA|-|TN|-|0|-|34.0|-|89.61|-|186.4|-|32.25
AAAAAAAAAACCAAAA|-|null|-|1|-|69.0|-|31.085|-|0.0|-|7.824999999999999
AAAAAAAAAACCAAAA|-|TN|-|0|-|69.0|-|31.085|-|0.0|-|7.824999999999999
AAAAAAAAAACDAAAA|-|null|-|1|-|36.0|-|107.28|-|0.0|-|54.06333333333333
AAAAAAAAAACDAAAA|-|TN|-|0|-|36.0|-|107.28|-|0.0|-|54.06333333333333
AAAAAAAAAADBAAAA|-|null|-|1|-|21.0|-|74.47|-|0.0|-|44.68
AAAAAAAAAADBAAAA|-|TN|-|0|-|21.0|-|74.47|-|0.0|-|44.68
AAAAAAAAAAEBAAAA|-|null|-|1|-|47.0|-|30.54|-|125.01|-|20.46
AAAAAAAAAAEBAAAA|-|TN|-|0|-|47.0|-|30.54|-|125.01|-|20.46
AAAAAAAAAAEEAAAA|-|null|-|1|-|26.5|-|100.84|-|362.865|-|44.03
AAAAAAAAAAEEAAAA|-|TN|-|0|-|26.5|-|100.84|-|362.865|-|44.03
AAAAAAAAAAFCAAAA|-|null|-|1|-|50.0|-|37.055|-|0.0|-|7.555
AAAAAAAAAAFCAAAA|-|TN|-|0|-|50.0|-|37.055|-|0.0|-|7.555
AAAAAAAAAAGBAAAA|-|null|-|1|-|14.0|-|55.13|-|0.0|-|50.16
AAAAAAAAAAGBAAAA|-|TN|-|0|-|14.0|-|55.13|-|0.0|-|50.16
AAAAAAAAAAHBAAAA|-|null|-|1|-|50.0|-|106.065|-|0.0|-|29.695
AAAAAAAAAAHBAAAA|-|TN|-|0|-|50.0|-|106.065|-|0.0|-|29.695
AAAAAAAAAAIAAAAA|-|null|-|1|-|67.0|-|68.61|-|0.0|-|26.405
AAAAAAAAAAIAAAAA|-|TN|-|0|-|67.0|-|68.61|-|0.0|-|26.405
AAAAAAAAAAIDAAAA|-|null|-|1|-|37.333333333333336|-|78.44000000000001|-|0.0|-|51.86333333333334
AAAAAAAAAAIDAAAA|-|TN|-|0|-|37.333333333333336|-|78.44000000000001|-|0.0|-|51.86333333333334
AAAAAAAAAAJBAAAA|-|null|-|1|-|55.0|-|131.29|-|0.0|-|36.76
AAAAAAAAAAJBAAAA|-|TN|-|0|-|55.0|-|131.29|-|0.0|-|36.76
AAAAAAAAAAKBAAAA|-|null|-|1|-|70.0|-|66.12|-|0.0|-|21.15
AAAAAAAAAAKBAAAA|-|TN|-|0|-|70.0|-|66.12|-|0.0|-|21.15
AAAAAAAAAALCAAAA|-|null|-|1|-|93.0|-|104.2|-|0.0|-|6.25
AAAAAAAAAALCAAAA|-|TN|-|0|-|93.0|-|104.2|-|0.0|-|6.25
AAAAAAAAAALDAAAA|-|null|-|1|-|61.5|-|150.645|-|0.0|-|57.335
AAAAAAAAAALDAAAA|-|TN|-|0|-|61.5|-|150.645|-|0.0|-|57.335
AAAAAAAAAANAAAAA|-|null|-|1|-|52.0|-|2.51|-|0.0|-|2.28
AAAAAAAAAANAAAAA|-|TN|-|0|-|52.0|-|2.51|-|0.0|-|2.28
AAAAAAAAAAOAAAAA|-|null|-|1|-|23.5|-|17.59|-|0.0|-|12.129999999999999
AAAAAAAAAAOAAAAA|-|TN|-|0|-|23.5|-|17.59|-|0.0|-|12.129999999999999
AAAAAAAAAAOCAAAA|-|null|-|1|-|30.0|-|22.38|-|0.0|-|4.69
AAAAAAAAAAOCAAAA|-|TN|-|0|-|30.0|-|22.38|-|0.0|-|4.69
AAAAAAAAAAPCAAAA|-|null|-|1|-|92.0|-|75.63|-|0.0|-|64.28
AAAAAAAAAAPCAAAA|-|TN|-|0|-|92.0|-|75.63|-|0.0|-|64.28
AAAAAAAAABAAAAAA|-|null|-|1|-|10.0|-|45.79|-|0.0|-|43.95
AAAAAAAAABAAAAAA|-|TN|-|0|-|10.0|-|45.79|-|0.0|-|43.95
AAAAAAAAABABAAAA|-|null|-|1|-|63.0|-|21.89|-|0.0|-|19.7
AAAAAAAAABABAAAA|-|TN|-|0|-|63.0|-|21.89|-|0.0|-|19.7
AAAAAAAAABBAAAAA|-|null|-|1|-|26.5|-|78.785|-|0.0|-|35.615
AAAAAAAAABBAAAAA|-|TN|-|0|-|26.5|-|78.785|-|0.0|-|35.615
AAAAAAAAABBDAAAA|-|null|-|1|-|14.0|-|67.91|-|0.0|-|36.67
AAAAAAAAABBDAAAA|-|TN|-|0|-|14.0|-|67.91|-|0.0|-|36.67
AAAAAAAAABCBAAAA|-|null|-|1|-|42.5|-|72.9|-|0.0|-|44.685
AAAAAAAAABCBAAAA|-|TN|-|0|-|42.5|-|72.9|-|0.0|-|44.685
AAAAAAAAABCCAAAA|-|null|-|1|-|50.0|-|90.835|-|0.0|-|42.605000000000004
AAAAAAAAABCCAAAA|-|TN|-|0|-|50.0|-|90.835|-|0.0|-|42.605000000000004
AAAAAAAAABDBAAAA|-|null|-|1|-|40.0|-|10.1|-|0.0|-|4.24
AAAAAAAAABDBAAAA|-|TN|-|0|-|40.0|-|10.1|-|0.0|-|4.24
AAAAAAAAABDEAAAA|-|null|-|1|-|67.0|-|85.42|-|0.0|-|31.6
AAAAAAAAABDEAAAA|-|TN|-|0|-|67.0|-|85.42|-|0.0|-|31.6
AAAAAAAAABECAAAA|-|null|-|1|-|78.5|-|36.28|-|1673.32|-|25.17
AAAAAAAAABECAAAA|-|TN|-|0|-|78.5|-|36.28|-|1673.32|-|25.17
AAAAAAAAABEDAAAA|-|null|-|1|-|60.0|-|92.41|-|2270.19|-|58.21
AAAAAAAAABEDAAAA|-|TN|-|0|-|60.0|-|92.41|-|2270.19|-|58.21
AAAAAAAAABGAAAAA|-|null|-|1|-|57.0|-|11.39|-|201.9|-|3.98
AAAAAAAAABGAAAAA|-|TN|-|0|-|57.0|-|11.39|-|201.9|-|3.98
AAAAAAAAABGDAAAA|-|null|-|1|-|74.0|-|174.75|-|232.65|-|5.24
AAAAAAAAABGDAAAA|-|TN|-|0|-|74.0|-|174.75|-|232.65|-|5.24
AAAAAAAAABHDAAAA|-|null|-|1|-|34.5|-|120.72999999999999|-|0.0|-|61.46
AAAAAAAAABHDAAAA|-|TN|-|0|-|34.5|-|120.72999999999999|-|0.0|-|61.46
AAAAAAAAABIBAAAA|-|null|-|1|-|4.0|-|12.68|-|5.04|-|10.52
AAAAAAAAABIBAAAA|-|TN|-|0|-|4.0|-|12.68|-|5.04|-|10.52
AAAAAAAAABICAAAA|-|null|-|1|-|20.5|-|22.42|-|0.0|-|20.3
AAAAAAAAABICAAAA|-|TN|-|0|-|20.5|-|22.42|-|0.0|-|20.3
AAAAAAAAABJBAAAA|-|null|-|1|-|38.0|-|2.85|-|0.0|-|0.88
AAAAAAAAABJBAAAA|-|TN|-|0|-|38.0|-|2.85|-|0.0|-|0.88
AAAAAAAAABKCAAAA|-|null|-|1|-|8.0|-|73.98|-|0.0|-|51.78
AAAAAAAAABKCAAAA|-|TN|-|0|-|8.0|-|73.98|-|0.0|-|51.78
AAAAAAAAABLCAAAA|-|null|-|1|-|49.0|-|96.58|-|0.0|-|28.97
AAAAAAAAABLCAAAA|-|TN|-|0|-|49.0|-|96.58|-|0.0|-|28.97
AAAAAAAAABMAAAAA|-|null|-|1|-|50.0|-|136.99|-|838.32|-|69.86
AAAAAAAAABMAAAAA|-|TN|-|0|-|50.0|-|136.99|-|838.32|-|69.86
AAAAAAAAABMBAAAA|-|null|-|1|-|76.0|-|120.52|-|0.0|-|83.15
AAAAAAAAABMBAAAA|-|TN|-|0|-|76.0|-|120.52|-|0.0|-|83.15
AAAAAAAAABNAAAAA|-|null|-|1|-|17.0|-|91.19|-|0.0|-|16.41
AAAAAAAAABNAAAAA|-|TN|-|0|-|17.0|-|91.19|-|0.0|-|16.41
AAAAAAAAABNCAAAA|-|null|-|1|-|61.0|-|13.08|-|16.65|-|0.65
AAAAAAAAABNCAAAA|-|TN|-|0|-|61.0|-|13.08|-|16.65|-|0.65
AAAAAAAAABPAAAAA|-|null|-|1|-|30.0|-|118.38|-|623.16|-|46.16
AAAAAAAAABPAAAAA|-|TN|-|0|-|30.0|-|118.38|-|623.16|-|46.16
AAAAAAAAABPBAAAA|-|null|-|1|-|30.0|-|null|-|null|-|17.35
AAAAAAAAABPBAAAA|-|TN|-|0|-|30.0|-|null|-|null|-|17.35
AAAAAAAAACAAAAAA|-|null|-|1|-|20.0|-|3.71|-|0.0|-|0.25
AAAAAAAAACAAAAAA|-|TN|-|0|-|20.0|-|3.71|-|0.0|-|0.25
AAAAAAAAACACAAAA|-|null|-|1|-|66.0|-|117.59|-|0.0|-|34.1
AAAAAAAAACACAAAA|-|TN|-|0|-|66.0|-|117.59|-|0.0|-|34.1
AAAAAAAAACADAAAA|-|null|-|1|-|79.0|-|171.85|-|0.0|-|127.16
AAAAAAAAACADAAAA|-|TN|-|0|-|79.0|-|171.85|-|0.0|-|127.16
AAAAAAAAACBBAAAA|-|null|-|1|-|81.0|-|88.7|-|0.0|-|13.3
AAAAAAAAACBBAAAA|-|TN|-|0|-|81.0|-|88.7|-|0.0|-|13.3
AAAAAAAAACBCAAAA|-|null|-|1|-|26.0|-|62.78|-|1311.6|-|61.52
AAAAAAAAACBCAAAA|-|TN|-|0|-|26.0|-|62.78|-|1311.6|-|61.52
AAAAAAAAACBEAAAA|-|null|-|1|-|60.0|-|84.015|-|0.0|-|33.495
