null|-|null|-|null|-|Y|-|47915|-|15
null|-|null|-|null|-|Y|-|49177|-|16
null|-|null|-|null|-|Y|-|103365|-|16
null|-|null|-|null|-|null|-|12942|-|15
null|-|null|-|null|-|null|-|46297|-|15
null|-|null|-|null|-|null|-|178680|-|15
null|-|null|-|null|-|null|-|215293|-|15
null|-|null|-|Dr.|-|Y|-|116515|-|15
null|-|null|-|Dr.|-|null|-|169003|-|15
null|-|Andrew|-|null|-|Y|-|44786|-|15
null|-|Brad|-|null|-|null|-|26720|-|16
null|-|Carl|-|Dr.|-|null|-|169953|-|15
null|-|Jeanne|-|Dr.|-|null|-|200088|-|15
null|-|Joe|-|null|-|null|-|24308|-|15
null|-|Joyce|-|Miss|-|Y|-|224685|-|15
null|-|Mike|-|null|-|Y|-|80205|-|16
null|-|Rubin|-|Sir|-|null|-|30056|-|15
null|-|Teddy|-|Mr.|-|null|-|76497|-|15
null|-|Teri|-|Dr.|-|null|-|135830|-|15
Adams|-|Jonathan|-|Sir|-|N|-|152866|-|15
Adkins|-|Clyde|-|Dr.|-|Y|-|92611|-|15
Adler|-|Justin|-|Sir|-|Y|-|226187|-|15
Allen|-|Rose|-|Mrs.|-|N|-|179476|-|16
Allen|-|Tony|-|Mr.|-|Y|-|17947|-|15
Anderson|-|Debra|-|Ms.|-|N|-|194775|-|15
Anderson|-|Randy|-|Sir|-|N|-|156935|-|15
Anderson|-|William|-|Sir|-|N|-|225914|-|15
Andrews|-|Jacob|-|Mr.|-|N|-|67111|-|16
Andrews|-|Samuel|-|Dr.|-|Y|-|139993|-|16
Angel|-|Kevin|-|Mr.|-|Y|-|106628|-|15
Armijo|-|Madeline|-|Ms.|-|Y|-|160816|-|15
Armstrong|-|Jillian|-|Mrs.|-|N|-|101896|-|15
Ashley|-|Rudolph|-|Mr.|-|N|-|207648|-|15
Austin|-|Loyd|-|Sir|-|N|-|175913|-|16
Baca|-|Dorothy|-|Mrs.|-|N|-|64890|-|15
Bailey|-|Gertrude|-|Mrs.|-|N|-|170310|-|16
Baker|-|Jamie|-|Dr.|-|Y|-|9916|-|15
Baker|-|Melissa|-|Ms.|-|Y|-|167033|-|15
Ball|-|Branden|-|Mr.|-|Y|-|194897|-|15
Barnes|-|Ruth|-|Dr.|-|N|-|84038|-|15
Barnes|-|Walter|-|Sir|-|N|-|4828|-|15
Barney|-|Samuel|-|Sir|-|N|-|15288|-|15
Barnhart|-|Charley|-|Mr.|-|Y|-|166576|-|15
Barone|-|Seth|-|Mr.|-|Y|-|162374|-|15
Barrett|-|David|-|Sir|-|N|-|189879|-|15
Bays|-|Roger|-|Sir|-|N|-|22701|-|15
Beach|-|Paul|-|Sir|-|Y|-|30120|-|15
Bean|-|Margaret|-|Dr.|-|Y|-|122174|-|15
Bear|-|Scott|-|Sir|-|Y|-|82291|-|15
Beck|-|Ron|-|Mr.|-|N|-|221964|-|16
Belanger|-|Maximo|-|Dr.|-|N|-|176474|-|16
Belcher|-|James|-|Sir|-|Y|-|239470|-|16
Bell|-|Carrie|-|Miss|-|N|-|5527|-|15
Bell|-|Matthew|-|Dr.|-|N|-|20400|-|15
Bender|-|Danielle|-|Miss|-|Y|-|151345|-|15
Benjamin|-|Consuelo|-|Ms.|-|Y|-|201086|-|15
Benoit|-|Matthew|-|Mr.|-|N|-|223772|-|15
Benton|-|Douglas|-|Mr.|-|N|-|201453|-|15
Bergman|-|Joann|-|Miss|-|N|-|177052|-|15
Berry|-|Lottie|-|Ms.|-|Y|-|224144|-|15
Billings|-|Peter|-|Sir|-|N|-|46162|-|15
Bird|-|Nancy|-|Dr.|-|N|-|87176|-|15
Blake|-|Heather|-|Ms.|-|N|-|116761|-|16
Bledsoe|-|Donald|-|Dr.|-|Y|-|165813|-|15
Bollinger|-|Sophie|-|Ms.|-|Y|-|219022|-|16
Boone|-|Linda|-|Ms.|-|N|-|24309|-|16
Bray|-|Letitia|-|Miss|-|Y|-|177447|-|16
Breen|-|Sarah|-|Ms.|-|Y|-|181204|-|15
Briggs|-|Bruce|-|Mr.|-|N|-|158405|-|15
Briley|-|Willie|-|Sir|-|Y|-|103103|-|15
Brooks|-|Angie|-|Mrs.|-|Y|-|22180|-|15
Brooks|-|Robert|-|Sir|-|N|-|155576|-|16
Brooks|-|Tony|-|Mr.|-|N|-|211993|-|15
Brown|-|Annie|-|Mrs.|-|Y|-|226546|-|15
Brown|-|Cathey|-|Mrs.|-|N|-|202489|-|16
Brown|-|Charlene|-|Dr.|-|N|-|233475|-|16
Brown|-|Christina|-|null|-|null|-|220010|-|15
Brown|-|Kelly|-|Dr.|-|N|-|225134|-|16
Brown|-|Mark|-|Mr.|-|Y|-|127416|-|15
Buchanan|-|Kathleen|-|Ms.|-|N|-|107611|-|15
Burgess|-|Colleen|-|Miss|-|Y|-|1180|-|15
Burkhart|-|Laura|-|Miss|-|Y|-|102023|-|15
Bynum|-|Elaine|-|Mrs.|-|N|-|36706|-|15
Byrd|-|Kelly|-|Sir|-|N|-|165115|-|16
Cagle|-|Jennifer|-|Miss|-|N|-|163129|-|15
Caldwell|-|Minnie|-|Ms.|-|N|-|120422|-|15
Campbell|-|Kelsey|-|Dr.|-|N|-|156868|-|15
Cardona|-|Robert|-|Mr.|-|N|-|200501|-|15
Cardwell|-|Tressa|-|Dr.|-|N|-|44716|-|16
Carter|-|Wendy|-|Ms.|-|N|-|96439|-|15
Carver|-|Bernard|-|Mr.|-|Y|-|194943|-|16
Casey|-|Claudia|-|Mrs.|-|N|-|143367|-|15
Chavarria|-|Luz|-|Dr.|-|Y|-|149423|-|15
Christensen|-|Larry|-|Dr.|-|Y|-|58094|-|15
Churchill|-|Susie|-|Dr.|-|N|-|68459|-|15
Clough|-|Susie|-|Ms.|-|N|-|150795|-|15
Cochran|-|Daniel|-|Dr.|-|N|-|191978|-|16
Coleman|-|Inez|-|Dr.|-|Y|-|88249|-|16
Coleman|-|John|-|Mr.|-|N|-|49444|-|15
Colon|-|Anna|-|Dr.|-|Y|-|143694|-|15
Colon|-|Lorraine|-|Mrs.|-|Y|-|187586|-|15
Combs|-|Belinda|-|Mrs.|-|N|-|225385|-|15
Conley|-|Roxie|-|Dr.|-|N|-|196663|-|15
Cook|-|Adam|-|Ms.|-|Y|-|167339|-|15
Cooper|-|Mildred|-|Mrs.|-|N|-|44542|-|15
Cooper|-|Tim|-|Sir|-|N|-|74488|-|16
Cooper|-|Trevor|-|Dr.|-|N|-|76499|-|15
Cordero|-|Andrew|-|null|-|null|-|150937|-|15
Cote|-|Justin|-|Dr.|-|N|-|93466|-|15
Cotton|-|Glenda|-|Ms.|-|N|-|151588|-|15
Cox|-|Teresa|-|Miss|-|Y|-|52749|-|16
Cramer|-|Linda|-|Ms.|-|N|-|126628|-|15
Crittenden|-|Amie|-|Ms.|-|N|-|138787|-|15
Cruz|-|Martha|-|Miss|-|N|-|86683|-|16
Cuellar|-|Oscar|-|Mr.|-|Y|-|86781|-|16
Cullen|-|Larry|-|Mr.|-|Y|-|221242|-|16
Curry|-|null|-|Ms.|-|null|-|86462|-|15
Curtis|-|Joseph|-|Mr.|-|N|-|70623|-|15
Davis|-|Erminia|-|Dr.|-|N|-|151167|-|15
Davis|-|Lisa|-|Mrs.|-|N|-|32527|-|15
Davis|-|Marilyn|-|Mrs.|-|N|-|170442|-|16
Davis|-|Myrtle|-|Dr.|-|Y|-|37430|-|15
Davis|-|Norberto|-|Sir|-|N|-|37525|-|15
Dejesus|-|Donna|-|Ms.|-|N|-|171477|-|15
Diamond|-|Fernando|-|Dr.|-|N|-|216391|-|15
Diaz|-|Denis|-|Sir|-|Y|-|148996|-|15
Diaz|-|Walton|-|Mr.|-|N|-|131135|-|16
Dickey|-|Manuel|-|Dr.|-|Y|-|155865|-|15
Douglas|-|Janet|-|Miss|-|Y|-|73424|-|15
Douglas|-|Sierra|-|Mrs.|-|Y|-|27283|-|16
Dove|-|Garry|-|Dr.|-|N|-|152171|-|16
Drake|-|Rosetta|-|Dr.|-|Y|-|238040|-|15
Dumas|-|Travis|-|Mr.|-|Y|-|94154|-|15
Durham|-|Andrea|-|Dr.|-|Y|-|144734|-|15
Dykes|-|Sue|-|Ms.|-|N|-|135362|-|16
Elkins|-|William|-|Dr.|-|Y|-|17666|-|15
Engle|-|John|-|Mr.|-|N|-|224697|-|15
Ervin|-|Charlene|-|Mrs.|-|N|-|44494|-|16
Estrada|-|Jessica|-|Miss|-|N|-|187030|-|15
Estrada|-|Tawanna|-|Mrs.|-|N|-|48597|-|15
Evans|-|Bertha|-|Ms.|-|N|-|62343|-|16
Evans|-|Timothy|-|Mr.|-|N|-|192168|-|16
Evers|-|Amelia|-|Dr.|-|Y|-|69525|-|16
Farrow|-|Kathy|-|Miss|-|Y|-|200078|-|15
Faulkner|-|Robert|-|Dr.|-|N|-|109423|-|15
Felton|-|null|-|null|-|null|-|134966|-|15
Felton|-|David|-|Mr.|-|N|-|97807|-|16
Figueroa|-|Kathleen|-|Mrs.|-|Y|-|86027|-|15
Finn|-|Robert|-|Mr.|-|N|-|38057|-|15
Fischer|-|Tamara|-|Mrs.|-|N|-|66790|-|15
Fletcher|-|Judy|-|Mrs.|-|Y|-|140355|-|16
Floyd|-|Rosa|-|Dr.|-|Y|-|52698|-|15
Foreman|-|Autumn|-|Mrs.|-|Y|-|164060|-|15
Fox|-|Charles|-|Dr.|-|N|-|132924|-|15
Franco|-|Jerome|-|Dr.|-|Y|-|167102|-|15
Freeman|-|Pedro|-|Sir|-|N|-|20510|-|16
Frost|-|Rose|-|Miss|-|Y|-|218026|-|16
Funk|-|Erika|-|Mrs.|-|N|-|20647|-|16
Garcia|-|Carl|-|Mr.|-|N|-|83021|-|15
Garcia|-|Christopher|-|Sir|-|Y|-|181616|-|16
Garcia|-|Karen|-|Miss|-|N|-|236987|-|15
Garcia|-|Robert|-|Dr.|-|N|-|172185|-|16
Garcia|-|Vivian|-|Ms.|-|N|-|151169|-|16
Garner|-|Michael|-|Mr.|-|Y|-|170830|-|16
Garner|-|Paula|-|Ms.|-|N|-|153665|-|15
Garner|-|Stella|-|Miss|-|N|-|130778|-|15
Garrison|-|null|-|null|-|Y|-|19056|-|16
Garza|-|null|-|Dr.|-|null|-|108823|-|15
Garza|-|Sophie|-|Dr.|-|Y|-|10449|-|15
Gaskin|-|Katherine|-|Ms.|-|Y|-|50865|-|15
Gibbons|-|Joanne|-|Miss|-|N|-|200738|-|15
Gifford|-|Mark|-|Mr.|-|N|-|225973|-|16
Gill|-|Ronald|-|Dr.|-|Y|-|49896|-|16
Gilmer|-|Ted|-|Mr.|-|Y|-|94254|-|15
Gilmore|-|Austin|-|Dr.|-|Y|-|239871|-|15
Goins|-|Joshua|-|Dr.|-|N|-|33404|-|16
Goldsmith|-|Bernice|-|Ms.|-|Y|-|2347|-|15
Goodman|-|null|-|null|-|N|-|71903|-|15
Gower|-|Nettie|-|Miss|-|N|-|10576|-|15
Graff|-|Anita|-|Mrs.|-|Y|-|124800|-|15
Gray|-|Jacqueline|-|Mrs.|-|Y|-|76697|-|15
Gray|-|Paul|-|Sir|-|Y|-|115380|-|16
Green|-|Annette|-|Miss|-|Y|-|130087|-|15
Griggs|-|Larry|-|Mr.|-|N|-|228997|-|15
Guillory|-|Antonio|-|Mrs.|-|N|-|80580|-|16
Hall|-|Ella|-|Mrs.|-|Y|-|8711|-|16
Hall|-|James|-|Sir|-|N|-|227015|-|15
Hamilton|-|Ana|-|Mrs.|-|Y|-|35761|-|15
Hammond|-|Roger|-|Sir|-|Y|-|54884|-|16
Hannan|-|Jimmy|-|Sir|-|Y|-|202615|-|15
Hardin|-|Kimberly|-|Dr.|-|N|-|192424|-|16
Harris|-|Tammy|-|Dr.|-|N|-|217761|-|16
Harrison|-|Jason|-|Sir|-|N|-|17498|-|16
Hartmann|-|Joey|-|Dr.|-|N|-|230915|-|15
Hawk|-|Victoria|-|Mrs.|-|N|-|205431|-|16
Hawkins|-|Robert|-|Mr.|-|N|-|98809|-|15
Hawley|-|Milton|-|Sir|-|Y|-|71841|-|16
Hayes|-|David|-|Sir|-|N|-|82274|-|15
Haynes|-|Sara|-|Miss|-|Y|-|139168|-|16
Headley|-|Heidi|-|Ms.|-|Y|-|1498|-|15
Hennessey|-|Debbie|-|Dr.|-|Y|-|79256|-|15
Herbert|-|Pedro|-|Dr.|-|Y|-|40362|-|15
Hernandez|-|Dolly|-|Miss|-|Y|-|189987|-|15
Hill|-|Barbara|-|Mrs.|-|Y|-|87061|-|16
Hill|-|Harriet|-|Mrs.|-|N|-|13699|-|15
Hill|-|James|-|Dr.|-|N|-|13846|-|15
Hill|-|John|-|Sir|-|N|-|48688|-|15
Hill|-|Robert|-|Mr.|-|N|-|54945|-|15
Hill|-|Sandra|-|Miss|-|N|-|128190|-|16
Hill|-|Sarah|-|Mrs.|-|Y|-|51108|-|15
Holcomb|-|Bonnie|-|Ms.|-|N|-|101172|-|16
Holland|-|Jeremiah|-|Dr.|-|N|-|95938|-|16
Hollis|-|Adelina|-|Miss|-|Y|-|151685|-|15
Horvath|-|Dana|-|Sir|-|Y|-|36487|-|15
House|-|Frederick|-|Dr.|-|N|-|179224|-|16
Howell|-|James|-|Sir|-|N|-|230533|-|15
Huffman|-|Caitlin|-|Ms.|-|Y|-|218589|-|16
Hughes|-|Ella|-|Mrs.|-|Y|-|38262|-|15
Hughes|-|Marie|-|Ms.|-|N|-|49156|-|15
Hull|-|Evelyn|-|Miss|-|N|-|210486|-|16
Hussey|-|Charles|-|Dr.|-|N|-|236807|-|15
Jacobs|-|Florence|-|Dr.|-|N|-|175826|-|16
Jameson|-|Miguel|-|Dr.|-|N|-|9181|-|16
Jean|-|James|-|Dr.|-|N|-|133261|-|16
John|-|John|-|Dr.|-|Y|-|229104|-|16
Johnson|-|Flora|-|Dr.|-|Y|-|103095|-|15
Johnson|-|Julia|-|Dr.|-|N|-|27560|-|15
Jones|-|Ella|-|Mrs.|-|Y|-|84685|-|15
Jones|-|Irene|-|Mrs.|-|Y|-|60745|-|15
Jones|-|Jeffrey|-|Sir|-|N|-|203136|-|15
Jones|-|Melinda|-|Miss|-|Y|-|88831|-|16
Jones|-|Theresa|-|Ms.|-|N|-|219765|-|16
Jones|-|Timothy|-|Dr.|-|Y|-|146429|-|15
Juarez|-|Gloria|-|Ms.|-|Y|-|11419|-|15
Julian|-|Eva|-|Ms.|-|N|-|92314|-|15
Kelly|-|Charles|-|Dr.|-|Y|-|197526|-|15
Kenney|-|Richard|-|Dr.|-|Y|-|141753|-|15
Kersey|-|Nellie|-|Mrs.|-|Y|-|197210|-|16
Khan|-|Hank|-|Mr.|-|N|-|177803|-|15
Kim|-|Charlotte|-|Dr.|-|Y|-|7208|-|16
Kimmel|-|Tammy|-|Ms.|-|N|-|34503|-|15
King|-|Samantha|-|Dr.|-|Y|-|176060|-|15
Knudsen|-|David|-|Dr.|-|N|-|175836|-|15
Kunz|-|Sarah|-|Dr.|-|N|-|74568|-|15
Landry|-|Rudolph|-|Sir|-|N|-|117581|-|15
Lane|-|Luis|-|Sir|-|N|-|232302|-|16
Langford|-|Darlene|-|Mrs.|-|N|-|214891|-|15
Larson|-|Barbara|-|Dr.|-|Y|-|39608|-|15
Larson|-|Kevin|-|Mr.|-|Y|-|35053|-|15
Lavigne|-|Barbara|-|Dr.|-|N|-|215682|-|15
Lawson|-|Ronald|-|Dr.|-|N|-|130932|-|16
Lee|-|Ingrid|-|Miss|-|Y|-|190873|-|15
Lee|-|Malik|-|Dr.|-|N|-|20122|-|16
Lemons|-|Latasha|-|Miss|-|N|-|109935|-|15
Lester|-|Lewis|-|Mr.|-|N|-|215058|-|15
Lewis|-|Peter|-|Dr.|-|Y|-|191829|-|15
Lincoln|-|Anthony|-|Miss|-|Y|-|1407|-|16
Little|-|Catherine|-|Ms.|-|Y|-|227989|-|15
Little|-|Randall|-|Mr.|-|N|-|21323|-|15
Logan|-|Cameron|-|Sir|-|N|-|18368|-|16
Lopez|-|Karen|-|Dr.|-|Y|-|136008|-|15
Luna|-|Joann|-|Dr.|-|Y|-|82208|-|15
Lunsford|-|Kevin|-|Dr.|-|N|-|159120|-|16
Lyle|-|Michael|-|Dr.|-|N|-|108405|-|15
Lynch|-|Sylvia|-|Ms.|-|Y|-|115438|-|15
Lyon|-|Michael|-|Mr.|-|N|-|140323|-|15
Maas|-|null|-|null|-|null|-|210343|-|16
Marr|-|Nelson|-|Dr.|-|Y|-|202134|-|16
Marshall|-|Felipe|-|Sir|-|N|-|138890|-|15
Martin|-|null|-|null|-|N|-|145206|-|16
Martin|-|Linda|-|Mrs.|-|N|-|68011|-|16
Martinez|-|Curtis|-|Mr.|-|Y|-|210116|-|15
Martinez|-|Earl|-|Sir|-|N|-|108982|-|15
Masterson|-|Barbara|-|Mrs.|-|N|-|231070|-|15
Mata|-|Deborah|-|Miss|-|Y|-|4323|-|15
Matthews|-|Ellen|-|Dr.|-|Y|-|232888|-|16
Mayfield|-|Christal|-|Ms.|-|N|-|148917|-|15
Mccann|-|Thomas|-|Dr.|-|Y|-|88874|-|16
Mccoy|-|Debbie|-|Dr.|-|N|-|91552|-|15
Mcdonald|-|Lazaro|-|Mr.|-|Y|-|196148|-|15
Mcgill|-|Tony|-|Sir|-|N|-|110030|-|15
Mcginnis|-|Geraldine|-|Ms.|-|N|-|123137|-|15
Mckee|-|Edward|-|Dr.|-|N|-|229313|-|15
Mckenzie|-|Alice|-|Dr.|-|Y|-|127018|-|16
Mckenzie|-|Alice|-|Dr.|-|Y|-|192414|-|15
Mckeon|-|Christina|-|Dr.|-|N|-|26190|-|15
Mcknight|-|Linda|-|Miss|-|N|-|21070|-|15
Mcnamara|-|Linda|-|Dr.|-|Y|-|7957|-|15
Means|-|Michael|-|Mr.|-|Y|-|226164|-|16
Medina|-|Joseph|-|Sir|-|Y|-|110246|-|15
Meeks|-|Anthony|-|Dr.|-|Y|-|40881|-|16
Meeks|-|Ted|-|Dr.|-|N|-|52611|-|16
Meyer|-|null|-|null|-|N|-|83275|-|15
Meyers|-|Zachary|-|Mr.|-|Y|-|59549|-|15
Michael|-|Christopher|-|Sir|-|Y|-|10751|-|15
Michaud|-|Mildred|-|Ms.|-|N|-|86472|-|16
Mitchell|-|Jon|-|Dr.|-|N|-|146205|-|15
Mohr|-|Alice|-|Dr.|-|N|-|71540|-|15
Moody|-|Miranda|-|Ms.|-|Y|-|171671|-|15
Moore|-|Carlos|-|Mr.|-|N|-|222173|-|15
Moore|-|Nicole|-|Mrs.|-|N|-|150840|-|15
Morales|-|Barbara|-|Dr.|-|Y|-|195587|-|16
Morales|-|June|-|Miss|-|Y|-|193986|-|15
Moran|-|Celia|-|Ms.|-|Y|-|200691|-|15
Morris|-|Joanne|-|Ms.|-|N|-|138172|-|15
Muir|-|Susan|-|Dr.|-|N|-|74823|-|15
Musser|-|Victoria|-|Ms.|-|Y|-|110948|-|15
Myers|-|Heather|-|Mrs.|-|Y|-|208047|-|15
Myers|-|James|-|Mr.|-|N|-|74609|-|16
Nadeau|-|Derek|-|Sir|-|N|-|104546|-|15
Nagy|-|Enedina|-|Ms.|-|N|-|14683|-|15
Nash|-|Luis|-|Mr.|-|Y|-|65873|-|15
Neel|-|Audrey|-|Ms.|-|Y|-|193308|-|15
Neff|-|Sheri|-|Mrs.|-|Y|-|52556|-|15
Negron|-|Dean|-|Dr.|-|N|-|148058|-|15
Nelson|-|Brenda|-|Mrs.|-|Y|-|162479|-|15
Nelson|-|James|-|Mr.|-|N|-|20934|-|16
Nelson|-|Katherine|-|Mrs.|-|N|-|110232|-|15
New|-|Suzanne|-|Miss|-|N|-|5120|-|16
Newsome|-|Scott|-|Sir|-|N|-|1113|-|16
Nichols|-|Jessica|-|Ms.|-|Y|-|15369|-|15
Nielsen|-|Veronica|-|Mrs.|-|N|-|23905|-|15
Noble|-|Minerva|-|Dr.|-|N|-|55533|-|16
Norman|-|Deborah|-|Dr.|-|N|-|86315|-|15
Nowak|-|Martha|-|Mrs.|-|N|-|21859|-|15
Oconnell|-|Claire|-|Dr.|-|N|-|88108|-|15
Oconnor|-|Paul|-|Dr.|-|N|-|85955|-|15
Ortiz|-|Barbara|-|Dr.|-|N|-|217482|-|15
Osburn|-|Ronald|-|Mr.|-|N|-|221673|-|15
Overstreet|-|Kathleen|-|Miss|-|Y|-|41977|-|15
Parker|-|Jeff|-|Sir|-|N|-|213566|-|16
Parker|-|Michelle|-|Dr.|-|N|-|101256|-|15
Paulk|-|Simon|-|Dr.|-|Y|-|189595|-|15
Paz|-|Lisa|-|Mrs.|-|Y|-|57939|-|15
Pemberton|-|Jennifer|-|Mrs.|-|Y|-|49875|-|16
Pena|-|James|-|Sir|-|Y|-|39488|-|16
Perry|-|Robert|-|Mr.|-|Y|-|153147|-|16
Phillips|-|David|-|Dr.|-|N|-|148883|-|15
Phillips|-|Stanley|-|Sir|-|N|-|31989|-|15
Porter|-|Alisa|-|Dr.|-|N|-|99782|-|16
Posey|-|Rosemary|-|Mrs.|-|N|-|100871|-|15
Price|-|null|-|Sir|-|N|-|159904|-|15
Price|-|Anna|-|Miss|-|N|-|208497|-|15
Quarles|-|Todd|-|Dr.|-|N|-|95359|-|16
Quintero|-|Jose|-|Mr.|-|Y|-|145225|-|15
Ramey|-|Delores|-|Mrs.|-|N|-|196062|-|15
Raymond|-|Alfreda|-|Mrs.|-|Y|-|74381|-|16
Reed|-|null|-|Miss|-|null|-|226073|-|15
Reed|-|Sherry|-|Dr.|-|Y|-|48521|-|15
Reed|-|William|-|Dr.|-|N|-|145002|-|15
Reynolds|-|Amelia|-|Ms.|-|Y|-|68440|-|15
Richard|-|Michael|-|Mr.|-|N|-|24381|-|15
Richardson|-|Quincy|-|Dr.|-|Y|-|160433|-|15
Roark|-|Fairy|-|null|-|null|-|86803|-|16
Roberson|-|Jeremiah|-|Mr.|-|Y|-|65600|-|15
Rodriguez|-|James|-|Dr.|-|Y|-|73600|-|15
Rodriguez|-|Myrtis|-|Dr.|-|N|-|82132|-|15
Rogers|-|Evelyn|-|Mrs.|-|N|-|219584|-|15
Rogers|-|Janice|-|Miss|-|Y|-|216154|-|15
Rosenberg|-|Elliott|-|Dr.|-|Y|-|109306|-|15
Ross|-|James|-|Mr.|-|Y|-|230200|-|15
Russell|-|Siobhan|-|Ms.|-|N|-|386|-|15
Russo|-|Cheryl|-|Miss|-|N|-|81123|-|15
Saenz|-|Bert|-|Mr.|-|Y|-|157622|-|16
Sanchez|-|Bruce|-|Sir|-|Y|-|124479|-|15
Schmidt|-|George|-|Dr.|-|N|-|189318|-|15
Schmitz|-|Kaitlyn|-|Miss|-|N|-|105162|-|15
Schroeder|-|Martha|-|Ms.|-|N|-|122147|-|15
Schultz|-|Cassie|-|Ms.|-|N|-|46284|-|16
Selby|-|Janice|-|Mrs.|-|Y|-|105678|-|16
Sena|-|Kevin|-|Mr.|-|Y|-|210345|-|15
Sexton|-|Jerry|-|Sir|-|N|-|91446|-|15
Shah|-|Allison|-|Ms.|-|N|-|135623|-|16
Sharpe|-|Robert|-|Mr.|-|N|-|118801|-|15
Sheridan|-|Ben|-|Sir|-|N|-|184902|-|16
Short|-|Thomas|-|Sir|-|N|-|33217|-|15
Sierra|-|Christopher|-|Sir|-|Y|-|203083|-|15
Sierra|-|David|-|Sir|-|Y|-|61810|-|15
Simmons|-|Brice|-|Dr.|-|N|-|210991|-|15
Simmons|-|Timothy|-|Mr.|-|Y|-|218092|-|16
Simpson|-|Michael|-|Sir|-|Y|-|186613|-|16
Simpson|-|Shalanda|-|Dr.|-|Y|-|181123|-|15
Singleton|-|Andrew|-|Ms.|-|N|-|45464|-|15
Smith|-|null|-|Mr.|-|Y|-|5126|-|16
Smith|-|Carolyn|-|Miss|-|N|-|108082|-|15
Smith|-|Edward|-|Sir|-|Y|-|81178|-|16
Smith|-|Eugene|-|Sir|-|Y|-|83267|-|15
Smith|-|Hung|-|Sir|-|N|-|44710|-|15
Smith|-|Joyce|-|Dr.|-|Y|-|62866|-|16
Smith|-|Kathe|-|Mrs.|-|null|-|151522|-|15
Smith|-|Kimberly|-|Mrs.|-|Y|-|174638|-|15
Snyder|-|Sandra|-|Dr.|-|N|-|183443|-|16
Sosa|-|Leah|-|Ms.|-|Y|-|77106|-|16
Sparks|-|Erick|-|Dr.|-|N|-|220337|-|15
Spear|-|Christina|-|Mrs.|-|Y|-|201577|-|16
Spencer|-|Sandra|-|Ms.|-|Y|-|188113|-|15
Stevens|-|Donna|-|Mrs.|-|Y|-|118806|-|15
Stevens|-|Megan|-|Ms.|-|Y|-|118593|-|15
Stiltner|-|Josette|-|Miss|-|Y|-|206818|-|16
Stitt|-|Derek|-|Mr.|-|Y|-|226642|-|16
Stoker|-|James|-|Mr.|-|Y|-|157193|-|15
Stone|-|Amber|-|Ms.|-|N|-|9217|-|15
Story|-|Richard|-|Dr.|-|Y|-|2679|-|15
Summers|-|Guy|-|Mr.|-|N|-|25289|-|15
Taylor|-|Eric|-|Dr.|-|Y|-|233679|-|16
Thomas|-|Ila|-|Mrs.|-|N|-|24039|-|16
Thomas|-|Patrick|-|Mr.|-|Y|-|106865|-|15
Thomas|-|Robert|-|Mr.|-|Y|-|161849|-|15
Thompson|-|Peter|-|Dr.|-|Y|-|34341|-|15
Tillman|-|James|-|Dr.|-|N|-|211402|-|15
Todd|-|Linda|-|Ms.|-|Y|-|235816|-|15
Trahan|-|null|-|Dr.|-|null|-|134137|-|15
Turner|-|Candice|-|Miss|-|N|-|40079|-|16
Turner|-|Caroline|-|Ms.|-|Y|-|88530|-|15
Tuttle|-|Irma|-|Mrs.|-|Y|-|50413|-|16
Vail|-|Joseph|-|Mr.|-|N|-|221064|-|15
Vance|-|Richard|-|Mr.|-|N|-|217256|-|15
Varner|-|Elsie|-|Ms.|-|N|-|199602|-|16
Vasquez|-|Mike|-|Sir|-|N|-|8445|-|15
Vazquez|-|Bill|-|Dr.|-|Y|-|62049|-|15
Wagner|-|Barbara|-|Ms.|-|Y|-|233595|-|15
Walker|-|Gloria|-|Miss|-|N|-|2017|-|15
Wallis|-|Serena|-|Dr.|-|N|-|204116|-|16
Ward|-|Anna|-|Miss|-|N|-|52941|-|16
Washington|-|Jose|-|Dr.|-|N|-|99248|-|15
Watkins|-|Rosa|-|Miss|-|Y|-|152190|-|16
Weller|-|Lilian|-|Ms.|-|N|-|14085|-|15
Wells|-|Louise|-|null|-|N|-|198380|-|16
Wheatley|-|Amy|-|Ms.|-|Y|-|194766|-|15
Whitcomb|-|Felicia|-|Miss|-|Y|-|219840|-|15
White|-|Maurice|-|Mr.|-|N|-|10107|-|15
White|-|Thomas|-|Sir|-|Y|-|214617|-|15
Whitney|-|Alberto|-|Sir|-|Y|-|177711|-|16
Williams|-|null|-|null|-|null|-|14156|-|16
Williams|-|Ernestine|-|Dr.|-|Y|-|161001|-|16
Williams|-|James|-|Sir|-|Y|-|99720|-|15
Williams|-|Robert|-|Mr.|-|Y|-|41233|-|15
Williamson|-|Ruth|-|Mrs.|-|Y|-|86369|-|15
Wills|-|John|-|Sir|-|Y|-|14245|-|15
Wilson|-|Edward|-|Dr.|-|Y|-|45609|-|15
Wilson|-|Evelyn|-|Miss|-|N|-|89587|-|15
Wilson|-|Joel|-|Sir|-|Y|-|91826|-|16
Wilson|-|John|-|Sir|-|Y|-|26543|-|15
Winkler|-|Jose|-|Dr.|-|Y|-|78400|-|15
Winter|-|Cora|-|Mrs.|-|N|-|8978|-|16
Wong|-|null|-|null|-|null|-|58143|-|15
Wood|-|Marcia|-|Ms.|-|Y|-|219276|-|16
Wood|-|Michelle|-|Mrs.|-|N|-|39560|-|15
Wright|-|Kenneth|-|Dr.|-|N|-|82948|-|15
Wright|-|Richie|-|Sir|-|Y|-|106818|-|15
Wright|-|Tracy|-|Sir|-|Y|-|156757|-|16
Young|-|George|-|Dr.|-|Y|-|7750|-|16
Young|-|William|-|Mr.|-|Y|-|51127|-|15
