-0.4318416315400865|-|null|-|null|-|2|-|1
-0.4710335285617612|-|null|-|null|-|1|-|1
-0.44117750023673175|-|Shoes|-|null|-|1|-|2
-0.43759213430308275|-|Children|-|null|-|1|-|3
-0.43483736571454346|-|Jewelry|-|null|-|1|-|4
-0.43319582764816494|-|Music|-|null|-|1|-|5
-0.4314282070709341|-|Sports|-|null|-|1|-|6
-0.42968322499805234|-|Women|-|null|-|1|-|7
-0.42951294270134754|-|Home|-|null|-|1|-|8
-0.42898150567569715|-|Men|-|null|-|1|-|9
-0.4261560110141166|-|Books|-|null|-|1|-|10
-0.4255169425712806|-|Electronics|-|null|-|1|-|11
-2.0055212126344313|-|null|-|reference|-|0|-|1
-1.7134338024375078|-|null|-|semi-precious|-|0|-|2
-0.6757097802186947|-|null|-|shirts|-|0|-|3
-0.6721642790454367|-|null|-|baseball|-|0|-|4
-0.6547335897804404|-|null|-|guns|-|0|-|5
-0.6119372520662125|-|null|-|accessories|-|0|-|6
-0.6096944947747583|-|null|-|dresses|-|0|-|7
-0.5981468487839458|-|null|-|lighting|-|0|-|8
-0.4957012841007906|-|null|-|mens|-|0|-|9
-0.4342219015249973|-|null|-|athletic|-|0|-|10
-0.4229445093264302|-|null|-|null|-|0|-|11
-0.4205468873496925|-|null|-|country|-|0|-|12
-0.3430678910130965|-|null|-|swimwear|-|0|-|13
-0.32757743506571446|-|null|-|infants|-|0|-|14
-0.4486332857538605|-|Books|-|reference|-|0|-|1
-0.4459657276560796|-|Books|-|home repair|-|0|-|2
-0.44440646828469804|-|Books|-|travel|-|0|-|3
-0.4390672495124092|-|Books|-|entertainments|-|0|-|4
-0.4360332580566689|-|Books|-|sports|-|0|-|5
-0.4347821264032317|-|Books|-|business|-|0|-|6
-0.4247806056996549|-|Books|-|science|-|0|-|7
-0.42343643650510066|-|Books|-|self-help|-|0|-|8
-0.42322126929255316|-|Books|-|arts|-|0|-|9
-0.4223633184412551|-|Books|-|parenting|-|0|-|10
-0.42217172895797944|-|Books|-|fiction|-|0|-|11
-0.41812153235077626|-|Books|-|computers|-|0|-|12
-0.41537815608639106|-|Books|-|mystery|-|0|-|13
-0.41230594383805114|-|Books|-|history|-|0|-|14
-0.4102929853251009|-|Books|-|romance|-|0|-|15
-0.4016634005504873|-|Books|-|cooking|-|0|-|16
-0.31153132327561806|-|Books|-|null|-|0|-|17
-0.5671436772937969|-|Children|-|null|-|0|-|1
-0.44210784593153923|-|Children|-|infants|-|0|-|2
-0.43861082538909507|-|Children|-|newborn|-|0|-|3
-0.43730156455093305|-|Children|-|toddlers|-|0|-|4
-0.43148695819315025|-|Children|-|school-uniforms|-|0|-|5
-0.45368939312771295|-|Electronics|-|musical|-|0|-|1
-0.44992680118292877|-|Electronics|-|personal|-|0|-|2
-0.4445647117720971|-|Electronics|-|monitors|-|0|-|3
-0.4423217057091429|-|Electronics|-|wireless|-|0|-|4
-0.4407055593260903|-|Electronics|-|automotive|-|0|-|5
-0.4376298657578407|-|Electronics|-|cameras|-|0|-|6
-0.4289872730081808|-|Electronics|-|portable|-|0|-|7
-0.4248162891685746|-|Electronics|-|disk drives|-|0|-|8
-0.42439758221039164|-|Electronics|-|televisions|-|0|-|9
-0.4199860863573478|-|Electronics|-|camcorders|-|0|-|10
-0.4191385472222511|-|Electronics|-|dvd/vcr players|-|0|-|11
-0.4158509856611083|-|Electronics|-|scanners|-|0|-|12
-0.41260312731991483|-|Electronics|-|karoke|-|0|-|13
-0.4107515368287023|-|Electronics|-|memory|-|0|-|14
-0.4064267703117535|-|Electronics|-|stereo|-|0|-|15
-0.38420169270572996|-|Electronics|-|audio|-|0|-|16
-0.6313983631944755|-|Home|-|null|-|0|-|1
-0.4538584321773959|-|Home|-|tables|-|0|-|2
-0.45295569846387634|-|Home|-|decor|-|0|-|3
-0.4447852685118774|-|Home|-|furniture|-|0|-|4
-0.44152551073203056|-|Home|-|kids|-|0|-|5
-0.44057956611313953|-|Home|-|accent|-|0|-|6
-0.4364928942906628|-|Home|-|flatware|-|0|-|7
-0.43636640315770886|-|Home|-|paint|-|0|-|8
-0.434302423626298|-|Home|-|mattresses|-|0|-|9
-0.4302226451381463|-|Home|-|curtains/drapes|-|0|-|10
-0.42813089917742453|-|Home|-|blinds/shades|-|0|-|11
-0.4269430224055525|-|Home|-|wallpaper|-|0|-|12
-0.42457422043224347|-|Home|-|rugs|-|0|-|13
-0.4129853452256325|-|Home|-|bedding|-|0|-|14
-0.4081121242084385|-|Home|-|bathroom|-|0|-|15
-0.40600963812770535|-|Home|-|glassware|-|0|-|16
-0.4046010998410272|-|Home|-|lighting|-|0|-|17
-0.49670757919983866|-|Jewelry|-|jewelry boxes|-|0|-|1
-0.4668248334033866|-|Jewelry|-|semi-precious|-|0|-|2
-0.46622354753756934|-|Jewelry|-|gold|-|0|-|3
-0.46097445072273724|-|Jewelry|-|mens watch|-|0|-|4
-0.45682691510276435|-|Jewelry|-|custom|-|0|-|5
-0.4463001203574757|-|Jewelry|-|earings|-|0|-|6
-0.430896145089828|-|Jewelry|-|costume|-|0|-|7
-0.4278424730572043|-|Jewelry|-|consignment|-|0|-|8
-0.4256386419332189|-|Jewelry|-|loose stones|-|0|-|9
-0.42165515432109635|-|Jewelry|-|rings|-|0|-|10
-0.4184113525135485|-|Jewelry|-|diamonds|-|0|-|11
-0.4171488609855121|-|Jewelry|-|womens watch|-|0|-|12
-0.4146626345786945|-|Jewelry|-|estate|-|0|-|13
-0.41433140043674005|-|Jewelry|-|bracelets|-|0|-|14
-0.4079563561518501|-|Jewelry|-|pendants|-|0|-|15
-0.40520808544420067|-|Jewelry|-|birdal|-|0|-|16
-0.44452621203344805|-|Men|-|accessories|-|0|-|1
-0.4280870373465826|-|Men|-|sports-apparel|-|0|-|2
-0.42479440095500903|-|Men|-|pants|-|0|-|3
