AAAAAAAABACEAAAA|-|1052.98|-|95.63474643746991|-|1149.4|-|104.3918949602347|-|1100.75|-|99.9733586022954|-|1101.0433333333333
