-4.3565617779999995E8|-|null|-|null|-|2|-|1
-4.3565617779999995E8|-|TN|-|null|-|1|-|1
-4.3565617779999995E8|-|TN|-|Williamson County|-|0|-|1
