Men|-|pants|-|exportiimporto #2|-|ation|-|Unknown|-|2|-|2014.2399999999996|-|5058.423333333333
Men|-|pants|-|exportiimporto #2|-|bar|-|Unknown|-|2|-|2303.51|-|5284.808333333333
Men|-|pants|-|exportiimporto #2|-|ese|-|Unknown|-|7|-|2189.3100000000004|-|4977.830833333333
Men|-|pants|-|exportiimporto #2|-|bar|-|Unknown|-|5|-|2525.689999999999|-|5284.808333333333
Men|-|pants|-|exportiimporto #2|-|eing|-|Unknown|-|2|-|2262.18|-|4985.788333333333
Men|-|pants|-|exportiimporto #2|-|ese|-|Unknown|-|2|-|2325.6300000000006|-|4977.830833333333
Men|-|pants|-|exportiimporto #2|-|able|-|Unknown|-|2|-|2578.33|-|5175.055
Men|-|pants|-|exportiimporto #2|-|able|-|Unknown|-|5|-|2679.0900000000006|-|5175.055
Men|-|pants|-|exportiimporto #2|-|ation|-|Unknown|-|6|-|2575.43|-|5058.423333333333
Men|-|pants|-|exportiimporto #2|-|ese|-|Unknown|-|4|-|2568.5199999999995|-|4977.830833333333
Men|-|pants|-|exportiimporto #2|-|ought|-|Unknown|-|6|-|2487.69|-|4885.635833333334
Men|-|pants|-|exportiimporto #2|-|able|-|Unknown|-|4|-|2796.8900000000003|-|5175.055
Men|-|pants|-|exportiimporto #2|-|bar|-|Unknown|-|3|-|2915.99|-|5284.808333333333
Men|-|pants|-|exportiimporto #2|-|ought|-|Unknown|-|1|-|2520.07|-|4885.635833333334
Shoes|-|womens|-|amalgedu pack #2|-|bar|-|Unknown|-|2|-|1647.77|-|4008.8724999999995
Shoes|-|womens|-|amalgedu pack #2|-|able|-|Unknown|-|2|-|1895.5899999999997|-|4207.778333333333
Shoes|-|womens|-|amalgedu pack #2|-|eing|-|Unknown|-|7|-|1527.25|-|3836.786666666667
Men|-|pants|-|exportiimporto #2|-|bar|-|Unknown|-|6|-|2982.36|-|5284.808333333333
Shoes|-|womens|-|amalgedu pack #2|-|bar|-|Unknown|-|4|-|1741.31|-|4008.8724999999995
Men|-|pants|-|exportiimporto #2|-|eing|-|Unknown|-|5|-|2718.34|-|4985.788333333333
Shoes|-|womens|-|amalgedu pack #2|-|ese|-|Unknown|-|7|-|2081.1200000000003|-|4337.474166666667
Men|-|pants|-|exportiimporto #2|-|ought|-|Unknown|-|7|-|2654.62|-|4885.635833333334
Shoes|-|womens|-|amalgedu pack #2|-|ought|-|Unknown|-|6|-|2042.69|-|4269.0216666666665
Shoes|-|womens|-|amalgedu pack #2|-|ought|-|Unknown|-|3|-|2050.91|-|4269.0216666666665
Shoes|-|womens|-|amalgedu pack #2|-|ought|-|Unknown|-|1|-|2057.9100000000003|-|4269.0216666666665
Shoes|-|womens|-|amalgedu pack #2|-|bar|-|Unknown|-|3|-|1801.2500000000002|-|4008.8724999999995
Shoes|-|womens|-|amalgedu pack #2|-|ation|-|Unknown|-|2|-|2204.78|-|4383.693333333333
Men|-|pants|-|exportiimporto #2|-|ought|-|Unknown|-|2|-|2775.6200000000003|-|4885.635833333334
Shoes|-|womens|-|amalgedu pack #2|-|ese|-|Unknown|-|6|-|2243.25|-|4337.474166666667
Men|-|pants|-|exportiimporto #2|-|eing|-|Unknown|-|4|-|2919.9500000000003|-|4985.788333333333
Men|-|pants|-|exportiimporto #2|-|able|-|Unknown|-|3|-|3118.84|-|5175.055
Shoes|-|womens|-|amalgedu pack #2|-|able|-|Unknown|-|5|-|2197.690000000001|-|4207.778333333333
Men|-|pants|-|exportiimporto #2|-|eing|-|Unknown|-|1|-|2985.1300000000006|-|4985.788333333333
Men|-|pants|-|exportiimporto #2|-|ese|-|Unknown|-|6|-|2979.0300000000007|-|4977.830833333333
Shoes|-|womens|-|amalgedu pack #2|-|bar|-|Unknown|-|5|-|2050.1299999999997|-|4008.8724999999995
Men|-|pants|-|exportiimporto #2|-|able|-|Unknown|-|1|-|3218.3699999999994|-|5175.055
Men|-|pants|-|exportiimporto #2|-|ation|-|Unknown|-|5|-|3109.9900000000002|-|5058.423333333333
Men|-|pants|-|exportiimporto #2|-|eing|-|Unknown|-|7|-|3050.4399999999996|-|4985.788333333333
Men|-|pants|-|exportiimporto #2|-|eing|-|Unknown|-|6|-|3051.87|-|4985.788333333333
Men|-|pants|-|exportiimporto #2|-|bar|-|Unknown|-|7|-|3354.57|-|5284.808333333333
Men|-|pants|-|exportiimporto #2|-|ese|-|Unknown|-|3|-|3051.59|-|4977.830833333333
Shoes|-|womens|-|amalgedu pack #2|-|ation|-|Unknown|-|5|-|2476.9999999999995|-|4383.693333333333
Men|-|pants|-|exportiimporto #2|-|ought|-|Unknown|-|3|-|2982.1399999999994|-|4885.635833333334
Men|-|pants|-|exportiimporto #2|-|able|-|Unknown|-|6|-|3281.9899999999993|-|5175.055
Men|-|pants|-|exportiimporto #2|-|ese|-|Unknown|-|5|-|3085.3599999999997|-|4977.830833333333
Men|-|pants|-|exportiimporto #2|-|ought|-|Unknown|-|4|-|2999.3099999999995|-|4885.635833333334
Men|-|pants|-|exportiimporto #2|-|bar|-|Unknown|-|4|-|3406.1799999999994|-|5284.808333333333
Shoes|-|womens|-|amalgedu pack #2|-|eing|-|Unknown|-|1|-|1974.0600000000004|-|3836.786666666667
Men|-|pants|-|exportiimporto #2|-|ation|-|Unknown|-|3|-|3207.3399999999997|-|5058.423333333333
Shoes|-|womens|-|amalgedu pack #2|-|ese|-|Unknown|-|2|-|2507.1000000000004|-|4337.474166666667
Men|-|pants|-|exportiimporto #2|-|bar|-|Unknown|-|1|-|3457.3500000000004|-|5284.808333333333
Shoes|-|womens|-|amalgedu pack #2|-|ought|-|Unknown|-|7|-|2484.2|-|4269.0216666666665
Shoes|-|womens|-|amalgedu pack #2|-|bar|-|Unknown|-|6|-|2229.0399999999995|-|4008.8724999999995
Men|-|pants|-|exportiimporto #2|-|able|-|Unknown|-|7|-|3409.94|-|5175.055
Shoes|-|womens|-|amalgedu pack #2|-|able|-|Unknown|-|7|-|2471.8199999999993|-|4207.778333333333
Shoes|-|womens|-|amalgedu pack #2|-|ese|-|Unknown|-|5|-|2609.8900000000003|-|4337.474166666667
Shoes|-|womens|-|amalgedu pack #2|-|ation|-|Unknown|-|1|-|2656.7300000000005|-|4383.693333333333
Shoes|-|womens|-|amalgedu pack #2|-|bar|-|Unknown|-|7|-|2283.13|-|4008.8724999999995
Shoes|-|womens|-|amalgedu pack #2|-|ought|-|Unknown|-|2|-|2551.130000000001|-|4269.0216666666665
Men|-|pants|-|exportiimporto #1|-|bar|-|Unknown|-|6|-|957.9500000000002|-|2606.385
Shoes|-|womens|-|amalgedu pack #2|-|eing|-|Unknown|-|4|-|2225.5100000000007|-|3836.786666666667
Shoes|-|womens|-|amalgedu pack #2|-|eing|-|Unknown|-|6|-|2226.4500000000007|-|3836.786666666667
Shoes|-|womens|-|amalgedu pack #2|-|ese|-|Unknown|-|1|-|2734.0299999999993|-|4337.474166666667
Men|-|pants|-|exportiimporto #2|-|ation|-|Unknown|-|7|-|3454.9900000000007|-|5058.423333333333
Shoes|-|womens|-|amalgedu pack #1|-|eing|-|Unknown|-|4|-|767.86|-|2358.8141666666666
Men|-|pants|-|exportiimporto #2|-|eing|-|Unknown|-|3|-|3395.22|-|4985.788333333333
Men|-|pants|-|exportiimporto #2|-|ation|-|Unknown|-|4|-|3475.6600000000003|-|5058.423333333333
Men|-|pants|-|exportiimporto #2|-|ation|-|Unknown|-|1|-|3503.21|-|5058.423333333333
Shoes|-|womens|-|amalgedu pack #2|-|bar|-|Unknown|-|1|-|2463.38|-|4008.8724999999995
Shoes|-|womens|-|amalgedu pack #2|-|ation|-|Unknown|-|7|-|2857.9200000000005|-|4383.693333333333
Men|-|pants|-|exportiimporto #1|-|ought|-|Unknown|-|5|-|1208.6899999999998|-|2729.43
Shoes|-|womens|-|amalgedu pack #2|-|ought|-|Unknown|-|5|-|2755.7999999999997|-|4269.0216666666665
Men|-|pants|-|exportiimporto #1|-|eing|-|Unknown|-|7|-|1188.8799999999999|-|2692.1616666666664
Men|-|pants|-|exportiimporto #1|-|able|-|Unknown|-|4|-|1292.81|-|2793.3925
Shoes|-|womens|-|amalgedu pack #2|-|able|-|Unknown|-|4|-|2725.19|-|4207.778333333333
Men|-|pants|-|exportiimporto #1|-|ese|-|Unknown|-|3|-|1125.09|-|2606.7850000000003
Men|-|pants|-|exportiimporto #1|-|able|-|Unknown|-|6|-|1313.8100000000002|-|2793.3925
Men|-|pants|-|exportiimporto #1|-|ese|-|Unknown|-|7|-|1133.1199999999997|-|2606.7850000000003
Shoes|-|womens|-|amalgedu pack #2|-|able|-|Unknown|-|3|-|2770.9299999999994|-|4207.778333333333
Shoes|-|womens|-|amalgedu pack #1|-|ese|-|Unknown|-|1|-|1149.96|-|2568.6083333333336
Men|-|pants|-|exportiimporto #1|-|ation|-|Unknown|-|6|-|1402.5299999999997|-|2811.4925000000003
Shoes|-|womens|-|amalgedu pack #2|-|ese|-|Unknown|-|3|-|2929.3899999999994|-|4337.474166666667
Men|-|pants|-|exportiimporto #1|-|ought|-|Unknown|-|2|-|1321.7700000000002|-|2729.43
Men|-|pants|-|exportiimporto #1|-|bar|-|Unknown|-|5|-|1206.9|-|2606.385
Men|-|pants|-|exportiimporto #1|-|able|-|Unknown|-|7|-|1414.45|-|2793.3925
Shoes|-|womens|-|amalgedu pack #1|-|ation|-|Unknown|-|5|-|884.9299999999998|-|2247.0125000000003
Men|-|pants|-|exportiimporto #1|-|ation|-|Unknown|-|4|-|1451.85|-|2811.4925000000003
Men|-|pants|-|exportiimporto #1|-|able|-|Unknown|-|2|-|1444.81|-|2793.3925
Shoes|-|womens|-|amalgedu pack #1|-|able|-|Unknown|-|7|-|1256.84|-|2577.0349999999994
Shoes|-|womens|-|amalgedu pack #2|-|ation|-|Unknown|-|4|-|3064.4299999999994|-|4383.693333333333
Men|-|pants|-|exportiimporto #1|-|ese|-|Unknown|-|4|-|1291.15|-|2606.7850000000003
Men|-|pants|-|exportiimporto #1|-|ese|-|Unknown|-|6|-|1294.2899999999997|-|2606.7850000000003
Men|-|pants|-|exportiimporto #1|-|bar|-|Unknown|-|3|-|1303.19|-|2606.385
Shoes|-|womens|-|amalgedu pack #2|-|able|-|Unknown|-|6|-|2913.7400000000002|-|4207.778333333333
Shoes|-|womens|-|amalgedu pack #1|-|eing|-|Unknown|-|2|-|1069.63|-|2358.8141666666666
Shoes|-|womens|-|amalgedu pack #1|-|bar|-|Unknown|-|2|-|1064.91|-|2349.949166666667
Shoes|-|womens|-|amalgedu pack #2|-|eing|-|Unknown|-|3|-|2553.5000000000005|-|3836.786666666667
Men|-|pants|-|exportiimporto #1|-|eing|-|Unknown|-|3|-|1421.5000000000002|-|2692.1616666666664
Men|-|pants|-|exportiimporto #1|-|eing|-|Unknown|-|2|-|1429.96|-|2692.1616666666664
Shoes|-|womens|-|amalgedu pack #2|-|ought|-|Unknown|-|4|-|3018.8299999999995|-|4269.0216666666665
