AAAAAAAAAABBAAAA|-|88.0|-|201.380000|-|0.000000|-|106.730000
AAAAAAAAAABEAAAA|-|42.5|-|91.745000|-|0.000000|-|39.970000
AAAAAAAAAACAAAAA|-|61.0|-|84.630000|-|0.000000|-|78.700000
AAAAAAAAAACDAAAA|-|30.0|-|34.150000|-|0.000000|-|3.070000
AAAAAAAAAADBAAAA|-|80.0|-|193.010000|-|0.000000|-|36.670000
AAAAAAAAAADCAAAA|-|1.0|-|121.310000|-|0.000000|-|86.130000
AAAAAAAAAAEBAAAA|-|54.0|-|2.770000|-|40.090000|-|0.990000
AAAAAAAAAAEDAAAA|-|44.0|-|99.810000|-|0.000000|-|34.930000
AAAAAAAAAAFCAAAA|-|45.5|-|56.665000|-|0.000000|-|35.565000
AAAAAAAAAAFDAAAA|-|84.0|-|70.060000|-|0.000000|-|58.140000
AAAAAAAAAAGBAAAA|-|51.0|-|137.390000|-|0.000000|-|60.450000
AAAAAAAAAAGCAAAA|-|41.5|-|96.695000|-|21.035000|-|62.310000
AAAAAAAAAAGEAAAA|-|49.0|-|94.500000|-|0.000000|-|87.880000
AAAAAAAAAAICAAAA|-|65.0|-|8.430000|-|0.000000|-|5.050000
AAAAAAAAAAJBAAAA|-|90.0|-|118.990000|-|0.000000|-|102.330000
AAAAAAAAAAJCAAAA|-|49.0|-|77.020000|-|0.000000|-|39.280000
AAAAAAAAAAKAAAAA|-|42.0|-|254.820000|-|0.000000|-|7.640000
AAAAAAAAAALAAAAA|-|94.0|-|66.660000|-|309.330000|-|8.660000
AAAAAAAAAALDAAAA|-|81.0|-|54.080000|-|0.000000|-|2.160000
AAAAAAAAAAMBAAAA|-|31.0|-|28.110000|-|204.340000|-|14.330000
AAAAAAAAAANAAAAA|-|43.0|-|122.770000|-|0.000000|-|112.940000
AAAAAAAAAANDAAAA|-|44.5|-|44.795000|-|1575.655000|-|30.030000
AAAAAAAAAAOAAAAA|-|32.0|-|49.810000|-|0.000000|-|48.310000
AAAAAAAAAAOCAAAA|-|32.0|-|105.500000|-|43.595000|-|17.635000
AAAAAAAAAAPCAAAA|-|59.0|-|17.850000|-|90.010000|-|8.030000
AAAAAAAAABADAAAA|-|3.0|-|30.920000|-|0.000000|-|29.370000
AAAAAAAAABAEAAAA|-|13.0|-|63.590000|-|52.070000|-|57.230000
AAAAAAAAABBAAAAA|-|5.0|-|106.200000|-|0.000000|-|43.540000
AAAAAAAAABCCAAAA|-|93.5|-|108.340000|-|0.000000|-|57.410000
AAAAAAAAABCEAAAA|-|20.0|-|133.750000|-|0.000000|-|34.770000
AAAAAAAAABDDAAAA|-|2.0|-|52.780000|-|0.000000|-|32.190000
AAAAAAAAABEAAAAA|-|5.0|-|41.990000|-|124.690000|-|27.710000
AAAAAAAAABECAAAA|-|54.0|-|161.300000|-|0.000000|-|6.450000
AAAAAAAAABFBAAAA|-|66.0|-|208.530000|-|0.000000|-|193.930000
AAAAAAAAABGBAAAA|-|75.0|-|49.640000|-|0.000000|-|11.410000
AAAAAAAAABGEAAAA|-|8.0|-|26.220000|-|0.000000|-|18.610000
AAAAAAAAABHCAAAA|-|71.0|-|7.530000|-|4.070000|-|0.070000
AAAAAAAAABHDAAAA|-|18.0|-|52.950000|-|0.000000|-|36.530000
AAAAAAAAABJDAAAA|-|18.0|-|77.860000|-|0.000000|-|34.250000
AAAAAAAAABMAAAAA|-|100.0|-|115.710000|-|0.000000|-|39.340000
AAAAAAAAABMDAAAA|-|20.0|-|286.620000|-|0.000000|-|263.690000
AAAAAAAAABNAAAAA|-|81.0|-|19.460000|-|0.000000|-|16.150000
AAAAAAAAABNCAAAA|-|55.25|-|112.280000|-|8.012500|-|81.627500
AAAAAAAAABNDAAAA|-|68.0|-|66.080000|-|0.000000|-|58.810000
AAAAAAAAABPAAAAA|-|47.0|-|2.360000|-|0.000000|-|2.210000
AAAAAAAAABPBAAAA|-|86.0|-|58.100000|-|0.000000|-|19.750000
AAAAAAAAACADAAAA|-|56.0|-|119.290000|-|0.000000|-|89.460000
AAAAAAAAACBBAAAA|-|34.0|-|208.880000|-|0.000000|-|148.300000
AAAAAAAAACCAAAAA|-|36.0|-|32.980000|-|0.000000|-|15.830000
AAAAAAAAACCDAAAA|-|36.0|-|145.600000|-|0.000000|-|94.640000
AAAAAAAAACECAAAA|-|78.0|-|197.360000|-|0.000000|-|55.260000
AAAAAAAAACFBAAAA|-|66.66666666666667|-|144.060000|-|66.883333|-|98.866667
AAAAAAAAACFEAAAA|-|63.5|-|108.330000|-|0.000000|-|52.470000
AAAAAAAAACGCAAAA|-|45.0|-|105.100000|-|0.000000|-|105.100000
AAAAAAAAACIAAAAA|-|10.0|-|189.360000|-|0.000000|-|115.500000
AAAAAAAAACJCAAAA|-|20.0|-|256.980000|-|1217.000000|-|82.230000
AAAAAAAAACJDAAAA|-|19.0|-|83.930000|-|94.710000|-|22.660000
AAAAAAAAACKBAAAA|-|67.0|-|143.010000|-|0.000000|-|122.980000
AAAAAAAAACNBAAAA|-|17.0|-|74.140000|-|0.000000|-|40.680000
AAAAAAAAACNCAAAA|-|30.0|-|232.560000|-|0.000000|-|206.970000
AAAAAAAAACODAAAA|-|26.0|-|218.250000|-|0.000000|-|48.010000
AAAAAAAAACPAAAAA|-|69.0|-|11.120000|-|0.000000|-|8.560000
AAAAAAAAACPDAAAA|-|43.0|-|19.810000|-|0.000000|-|3.960000
AAAAAAAAADAEAAAA|-|72.0|-|56.470000|-|0.000000|-|14.680000
AAAAAAAAADBDAAAA|-|84.0|-|100.460000|-|0.000000|-|5.020000
AAAAAAAAADCDAAAA|-|85.0|-|6.010000|-|0.000000|-|5.280000
AAAAAAAAADDCAAAA|-|78.0|-|44.470000|-|0.000000|-|20.900000
AAAAAAAAADEAAAAA|-|59.0|-|95.730000|-|0.000000|-|15.310000
AAAAAAAAADEDAAAA|-|50.0|-|78.510000|-|0.000000|-|76.930000
AAAAAAAAADFDAAAA|-|64.0|-|22.380000|-|0.000000|-|8.720000
AAAAAAAAADGCAAAA|-|39.0|-|87.650000|-|0.000000|-|7.880000
AAAAAAAAADHDAAAA|-|77.0|-|68.980000|-|190.710000|-|3.440000
AAAAAAAAADICAAAA|-|81.0|-|46.020000|-|469.840000|-|5.980000
AAAAAAAAADIDAAAA|-|43.0|-|127.990000|-|4212.370000|-|110.070000
AAAAAAAAADLAAAAA|-|83.0|-|164.710000|-|0.000000|-|135.060000
AAAAAAAAADMCAAAA|-|74.5|-|108.495000|-|526.000000|-|72.375000
AAAAAAAAADNDAAAA|-|40.5|-|47.185000|-|0.000000|-|30.505000
AAAAAAAAAEADAAAA|-|87.0|-|103.750000|-|0.000000|-|95.450000
AAAAAAAAAEBDAAAA|-|18.0|-|64.470000|-|0.000000|-|30.940000
AAAAAAAAAECBAAAA|-|38.0|-|175.190000|-|0.000000|-|126.130000
AAAAAAAAAEDDAAAA|-|29.0|-|46.125000|-|0.000000|-|15.665000
AAAAAAAAAEDEAAAA|-|71.0|-|23.680000|-|0.000000|-|7.810000
AAAAAAAAAEFCAAAA|-|8.0|-|48.910000|-|74.480000|-|33.250000
AAAAAAAAAEFEAAAA|-|99.0|-|123.670000|-|0.000000|-|28.440000
AAAAAAAAAEGAAAAA|-|39.0|-|266.280000|-|0.000000|-|127.810000
AAAAAAAAAEGEAAAA|-|96.0|-|204.110000|-|0.000000|-|193.900000
AAAAAAAAAEHDAAAA|-|31.0|-|59.270000|-|0.000000|-|50.370000
AAAAAAAAAEICAAAA|-|40.0|-|3.550000|-|0.000000|-|0.000000
AAAAAAAAAEJAAAAA|-|61.0|-|10.370000|-|0.000000|-|8.810000
AAAAAAAAAEJBAAAA|-|53.5|-|92.545000|-|0.000000|-|34.015000
AAAAAAAAAEJDAAAA|-|48.0|-|86.020000|-|0.000000|-|2.580000
AAAAAAAAAELBAAAA|-|31.0|-|160.960000|-|0.000000|-|61.160000
AAAAAAAAAEMAAAAA|-|53.0|-|85.440000|-|0.000000|-|58.090000
AAAAAAAAAEMBAAAA|-|25.0|-|199.250000|-|0.000000|-|33.870000
AAAAAAAAAEMDAAAA|-|56.0|-|60.360000|-|0.000000|-|36.210000
AAAAAAAAAEOBAAAA|-|49.0|-|105.350000|-|1243.360000|-|34.760000
AAAAAAAAAFADAAAA|-|37.0|-|118.510000|-|2848.770000|-|86.510000
AAAAAAAAAFBEAAAA|-|94.0|-|140.760000|-|0.000000|-|85.860000
AAAAAAAAAFCDAAAA|-|39.0|-|128.310000|-|0.000000|-|5.130000
AAAAAAAAAFCEAAAA|-|19.0|-|138.540000|-|0.000000|-|135.760000
