31.969149|-|34374|-|5350|-|70.816736|-|35077|-|6596|-|36.802919|-|37423|-|6122|-|135.590399|-|28119|-|9792|-|82.299271|-|31962|-|7661|-|67.110585|-|36502|-|8364
