-0.43184163154008683057|-|null|-|null|-|2|-|1
-0.47103352856176125718|-|null|-|null|-|1|-|1
-0.44117750023673110439|-|Shoes|-|null|-|1|-|2
-0.43759213430308272090|-|Children|-|null|-|1|-|3
-0.43483736571454339017|-|Jewelry|-|null|-|1|-|4
-0.43319582764816486735|-|Music|-|null|-|1|-|5
-0.43142820707093347958|-|Sports|-|null|-|1|-|6
-0.42968322499805223615|-|Women|-|null|-|1|-|7
-0.42951294270134788730|-|Home|-|null|-|1|-|8
-0.42898150567569718111|-|Men|-|null|-|1|-|9
-0.42615601101411678493|-|Books|-|null|-|1|-|10
-0.42551694257128021350|-|Electronics|-|null|-|1|-|11
-2.00552121263443136591|-|null|-|reference|-|0|-|1
-1.71343380243750770139|-|null|-|semi-precious|-|0|-|2
-0.67570978021869452912|-|null|-|shirts|-|0|-|3
-0.67216427904543708864|-|null|-|baseball|-|0|-|4
-0.65473358978044036224|-|null|-|guns|-|0|-|5
-0.61193725206621292856|-|null|-|accessories|-|0|-|6
-0.60969449477475865644|-|null|-|dresses|-|0|-|7
-0.59814684878394580606|-|null|-|lighting|-|0|-|8
-0.49570128410079029330|-|null|-|mens|-|0|-|9
-0.43422190152499730095|-|null|-|athletic|-|0|-|10
-0.42294450932642992711|-|null|-|null|-|0|-|11
-0.42054688734969251937|-|null|-|country|-|0|-|12
-0.34306789101309649255|-|null|-|swimwear|-|0|-|13
-0.32757743506571447112|-|null|-|infants|-|0|-|14
-0.44863328575386064880|-|Books|-|reference|-|0|-|1
-0.44596572765607985930|-|Books|-|home repair|-|0|-|2
-0.44440646828469768552|-|Books|-|travel|-|0|-|3
-0.43906724951240909297|-|Books|-|entertainments|-|0|-|4
-0.43603325805666913706|-|Books|-|sports|-|0|-|5
-0.43478212640323128952|-|Books|-|business|-|0|-|6
-0.42478060569965535854|-|Books|-|science|-|0|-|7
-0.42343643650510035207|-|Books|-|self-help|-|0|-|8
-0.42322126929255307582|-|Books|-|arts|-|0|-|9
-0.42236331844125473501|-|Books|-|parenting|-|0|-|10
-0.42217172895797957991|-|Books|-|fiction|-|0|-|11
-0.41812153235077704137|-|Books|-|computers|-|0|-|12
-0.41537815608639043837|-|Books|-|mystery|-|0|-|13
-0.41230594383805118258|-|Books|-|history|-|0|-|14
-0.41029298532510093584|-|Books|-|romance|-|0|-|15
-0.40166340055048749179|-|Books|-|cooking|-|0|-|16
-0.31153132327561818595|-|Books|-|null|-|0|-|17
-0.56714367729379727708|-|Children|-|null|-|0|-|1
-0.44210784593153975036|-|Children|-|infants|-|0|-|2
-0.43861082538909507289|-|Children|-|newborn|-|0|-|3
-0.43730156455093342556|-|Children|-|toddlers|-|0|-|4
-0.43148695819315055965|-|Children|-|school-uniforms|-|0|-|5
-0.45368939312771290249|-|Electronics|-|musical|-|0|-|1
-0.44992680118292843011|-|Electronics|-|personal|-|0|-|2
-0.44456471177209684893|-|Electronics|-|monitors|-|0|-|3
-0.44232170570914248584|-|Electronics|-|wireless|-|0|-|4
-0.44070555932608974968|-|Electronics|-|automotive|-|0|-|5
-0.43762986575784110033|-|Electronics|-|cameras|-|0|-|6
-0.42898727300818068489|-|Electronics|-|portable|-|0|-|7
-0.42481628916857440003|-|Electronics|-|disk drives|-|0|-|8
-0.42439758221039145934|-|Electronics|-|televisions|-|0|-|9
-0.41998608635734802245|-|Electronics|-|camcorders|-|0|-|10
-0.41913854722225189178|-|Electronics|-|dvd/vcr players|-|0|-|11
-0.41585098566110834914|-|Electronics|-|scanners|-|0|-|12
-0.41260312731991518674|-|Electronics|-|karoke|-|0|-|13
-0.41075153682870252815|-|Electronics|-|memory|-|0|-|14
-0.40642677031175330587|-|Electronics|-|stereo|-|0|-|15
-0.38420169270572966892|-|Electronics|-|audio|-|0|-|16
-0.63139836319447521532|-|Home|-|null|-|0|-|1
-0.45385843217739587850|-|Home|-|tables|-|0|-|2
-0.45295569846387636106|-|Home|-|decor|-|0|-|3
-0.44478526851187643949|-|Home|-|furniture|-|0|-|4
-0.44152551073203085449|-|Home|-|kids|-|0|-|5
-0.44057956611313977894|-|Home|-|accent|-|0|-|6
-0.43649289429066269927|-|Home|-|flatware|-|0|-|7
-0.43636640315770895639|-|Home|-|paint|-|0|-|8
-0.43430242362629827373|-|Home|-|mattresses|-|0|-|9
-0.43022264513814703110|-|Home|-|curtains/drapes|-|0|-|10
-0.42813089917742425846|-|Home|-|blinds/shades|-|0|-|11
-0.42694302240555237873|-|Home|-|wallpaper|-|0|-|12
-0.42457422043224309947|-|Home|-|rugs|-|0|-|13
-0.41298534522563252177|-|Home|-|bedding|-|0|-|14
-0.40811212420843872592|-|Home|-|bathroom|-|0|-|15
-0.40600963812770583646|-|Home|-|glassware|-|0|-|16
-0.40460109984102706168|-|Home|-|lighting|-|0|-|17
-0.49670757919983931493|-|Jewelry|-|jewelry boxes|-|0|-|1
-0.46682483340338596363|-|Jewelry|-|semi-precious|-|0|-|2
-0.46622354753756979721|-|Jewelry|-|gold|-|0|-|3
-0.46097445072273707161|-|Jewelry|-|mens watch|-|0|-|4
-0.45682691510276431767|-|Jewelry|-|custom|-|0|-|5
-0.44630012035747476099|-|Jewelry|-|earings|-|0|-|6
-0.43089614508982814603|-|Jewelry|-|costume|-|0|-|7
-0.42784247305720425740|-|Jewelry|-|consignment|-|0|-|8
-0.42563864193321814621|-|Jewelry|-|loose stones|-|0|-|9
-0.42165515432109646143|-|Jewelry|-|rings|-|0|-|10
-0.41841135251354804658|-|Jewelry|-|diamonds|-|0|-|11
-0.41714886098551226792|-|Jewelry|-|womens watch|-|0|-|12
-0.41466263457869438854|-|Jewelry|-|estate|-|0|-|13
-0.41433140043673982529|-|Jewelry|-|bracelets|-|0|-|14
-0.40795635615185030360|-|Jewelry|-|pendants|-|0|-|15
-0.40520808544420069430|-|Jewelry|-|birdal|-|0|-|16
-0.44452621203344914268|-|Men|-|accessories|-|0|-|1
-0.42808703734658288619|-|Men|-|sports-apparel|-|0|-|2
-0.42479440095500913707|-|Men|-|pants|-|0|-|3
