able|-|AAAAAAAACAAAAAAA|-|5153|-|0.85258009819791069911|-|0.70232253233628879673|-|0.60684644064287463090|-|0.92520689728650984870|-|1.40653609635118149438|-|0.94880088261344032509|-|1.18409607533865281128
able|-|AAAAAAAACAAAAAAA|-|5153|-|0.85258009819791069911|-|0.70232253233628879673|-|0.60684644064287463090|-|0.92520689728650984870|-|1.40653609635118149438|-|0.94880088261344032509|-|1.18409607533865281128
able|-|AAAAAAAACAAAAAAA|-|5153|-|0.85258009819791069911|-|0.70232253233628879673|-|0.60684644064287463090|-|0.92520689728650984870|-|1.40653609635118149438|-|0.94880088261344032509|-|1.18409607533865281128
able|-|AAAAAAAACAAAAAAA|-|5153|-|0.85258009819791069911|-|0.70232253233628879673|-|0.60684644064287463090|-|0.92520689728650984870|-|1.40653609635118149438|-|0.94880088261344032509|-|1.18409607533865281128
able|-|AAAAAAAACAAAAAAA|-|5153|-|0.85258009819791069911|-|0.70232253233628879673|-|0.60684644064287463090|-|0.92520689728650984870|-|1.40653609635118149438|-|0.94880088261344032509|-|1.18409607533865281128
able|-|AAAAAAAACAAAAAAA|-|5153|-|0.85258009819791069911|-|0.70232253233628879673|-|0.60684644064287463090|-|0.92520689728650984870|-|1.40653609635118149438|-|0.94880088261344032509|-|1.18409607533865281128
able|-|AAAAAAAACAAAAAAA|-|5153|-|0.85258009819791069911|-|0.70232253233628879673|-|0.60684644064287463090|-|0.92520689728650984870|-|1.40653609635118149438|-|0.94880088261344032509|-|1.18409607533865281128
able|-|AAAAAAAACAAAAAAA|-|5153|-|0.85258009819791069911|-|0.70232253233628879673|-|0.60684644064287463090|-|0.92520689728650984870|-|1.40653609635118149438|-|0.94880088261344032509|-|1.18409607533865281128
able|-|AAAAAAAACAAAAAAA|-|5153|-|0.85258009819791069911|-|0.70232253233628879673|-|0.60684644064287463090|-|0.92520689728650984870|-|1.40653609635118149438|-|0.94880088261344032509|-|1.18409607533865281128
able|-|AAAAAAAACAAAAAAA|-|5153|-|0.85258009819791069911|-|0.70232253233628879673|-|0.60684644064287463090|-|0.92520689728650984870|-|1.40653609635118149438|-|0.94880088261344032509|-|1.18409607533865281128
able|-|AAAAAAAACAAAAAAA|-|5153|-|0.85258009819791069911|-|0.70232253233628879673|-|0.60684644064287463090|-|0.92520689728650984870|-|1.40653609635118149438|-|0.94880088261344032509|-|1.18409607533865281128
able|-|AAAAAAAACAAAAAAA|-|5153|-|0.85258009819791069911|-|0.70232253233628879673|-|0.60684644064287463090|-|0.92520689728650984870|-|1.40653609635118149438|-|0.94880088261344032509|-|1.18409607533865281128
able|-|AAAAAAAACAAAAAAA|-|5153|-|0.85258009819791069911|-|0.70232253233628879673|-|0.60684644064287463090|-|0.92520689728650984870|-|1.40653609635118149438|-|0.94880088261344032509|-|1.18409607533865281128
able|-|AAAAAAAACAAAAAAA|-|5153|-|0.85258009819791069911|-|0.70232253233628879673|-|0.60684644064287463090|-|0.92520689728650984870|-|1.40653609635118149438|-|0.94880088261344032509|-|1.18409607533865281128
able|-|AAAAAAAACAAAAAAA|-|5153|-|0.85258009819791069911|-|0.70232253233628879673|-|0.60684644064287463090|-|0.92520689728650984870|-|1.40653609635118149438|-|0.94880088261344032509|-|1.18409607533865281128
able|-|AAAAAAAACAAAAAAA|-|5153|-|0.85258009819791069911|-|0.70232253233628879673|-|0.60684644064287463090|-|0.92520689728650984870|-|1.40653609635118149438|-|0.94880088261344032509|-|1.18409607533865281128
able|-|AAAAAAAACAAAAAAA|-|5153|-|0.85258009819791069911|-|0.70232253233628879673|-|0.60684644064287463090|-|0.92520689728650984870|-|1.40653609635118149438|-|0.94880088261344032509|-|1.18409607533865281128
able|-|AAAAAAAACAAAAAAA|-|5153|-|0.85258009819791069911|-|0.70232253233628879673|-|0.60684644064287463090|-|0.92520689728650984870|-|1.40653609635118149438|-|0.94880088261344032509|-|1.18409607533865281128
able|-|AAAAAAAACAAAAAAA|-|5153|-|0.85258009819791069911|-|0.70232253233628879673|-|0.60684644064287463090|-|0.92520689728650984870|-|1.40653609635118149438|-|0.94880088261344032509|-|1.18409607533865281128
able|-|AAAAAAAACAAAAAAA|-|5153|-|0.85258009819791069911|-|0.70232253233628879673|-|0.60684644064287463090|-|0.92520689728650984870|-|1.40653609635118149438|-|0.94880088261344032509|-|1.18409607533865281128
able|-|AAAAAAAACAAAAAAA|-|5154|-|0.95054032293376631849|-|0.99286174702132159655|-|1.10098009354850121358|-|1.19229479709088514265|-|1.00350007078692223029|-|0.85707390357360491846|-|0.79951622485642345885
able|-|AAAAAAAACAAAAAAA|-|5154|-|0.95054032293376631849|-|0.99286174702132159655|-|1.10098009354850121358|-|1.19229479709088514265|-|1.00350007078692223029|-|0.85707390357360491846|-|0.79951622485642345885
able|-|AAAAAAAACAAAAAAA|-|5154|-|0.95054032293376631849|-|0.99286174702132159655|-|1.10098009354850121358|-|1.19229479709088514265|-|1.00350007078692223029|-|0.85707390357360491846|-|0.79951622485642345885
able|-|AAAAAAAACAAAAAAA|-|5154|-|0.95054032293376631849|-|0.99286174702132159655|-|1.10098009354850121358|-|1.19229479709088514265|-|1.00350007078692223029|-|0.85707390357360491846|-|0.79951622485642345885
able|-|AAAAAAAACAAAAAAA|-|5154|-|0.95054032293376631849|-|0.99286174702132159655|-|1.10098009354850121358|-|1.19229479709088514265|-|1.00350007078692223029|-|0.85707390357360491846|-|0.79951622485642345885
able|-|AAAAAAAACAAAAAAA|-|5154|-|0.95054032293376631849|-|0.99286174702132159655|-|1.10098009354850121358|-|1.19229479709088514265|-|1.00350007078692223029|-|0.85707390357360491846|-|0.79951622485642345885
able|-|AAAAAAAACAAAAAAA|-|5154|-|0.95054032293376631849|-|0.99286174702132159655|-|1.10098009354850121358|-|1.19229479709088514265|-|1.00350007078692223029|-|0.85707390357360491846|-|0.79951622485642345885
able|-|AAAAAAAACAAAAAAA|-|5154|-|0.95054032293376631849|-|0.99286174702132159655|-|1.10098009354850121358|-|1.19229479709088514265|-|1.00350007078692223029|-|0.85707390357360491846|-|0.79951622485642345885
able|-|AAAAAAAACAAAAAAA|-|5154|-|0.95054032293376631849|-|0.99286174702132159655|-|1.10098009354850121358|-|1.19229479709088514265|-|1.00350007078692223029|-|0.85707390357360491846|-|0.79951622485642345885
able|-|AAAAAAAACAAAAAAA|-|5154|-|0.95054032293376631849|-|0.99286174702132159655|-|1.10098009354850121358|-|1.19229479709088514265|-|1.00350007078692223029|-|0.85707390357360491846|-|0.79951622485642345885
able|-|AAAAAAAACAAAAAAA|-|5154|-|0.95054032293376631849|-|0.99286174702132159655|-|1.10098009354850121358|-|1.19229479709088514265|-|1.00350007078692223029|-|0.85707390357360491846|-|0.79951622485642345885
able|-|AAAAAAAACAAAAAAA|-|5154|-|0.95054032293376631849|-|0.99286174702132159655|-|1.10098009354850121358|-|1.19229479709088514265|-|1.00350007078692223029|-|0.85707390357360491846|-|0.79951622485642345885
able|-|AAAAAAAACAAAAAAA|-|5154|-|0.95054032293376631849|-|0.99286174702132159655|-|1.10098009354850121358|-|1.19229479709088514265|-|1.00350007078692223029|-|0.85707390357360491846|-|0.79951622485642345885
able|-|AAAAAAAACAAAAAAA|-|5154|-|0.95054032293376631849|-|0.99286174702132159655|-|1.10098009354850121358|-|1.19229479709088514265|-|1.00350007078692223029|-|0.85707390357360491846|-|0.79951622485642345885
able|-|AAAAAAAACAAAAAAA|-|5154|-|0.95054032293376631849|-|0.99286174702132159655|-|1.10098009354850121358|-|1.19229479709088514265|-|1.00350007078692223029|-|0.85707390357360491846|-|0.79951622485642345885
able|-|AAAAAAAACAAAAAAA|-|5154|-|0.95054032293376631849|-|0.99286174702132159655|-|1.10098009354850121358|-|1.19229479709088514265|-|1.00350007078692223029|-|0.85707390357360491846|-|0.79951622485642345885
able|-|AAAAAAAACAAAAAAA|-|5154|-|0.95054032293376631849|-|0.99286174702132159655|-|1.10098009354850121358|-|1.19229479709088514265|-|1.00350007078692223029|-|0.85707390357360491846|-|0.79951622485642345885
able|-|AAAAAAAACAAAAAAA|-|5154|-|0.95054032293376631849|-|0.99286174702132159655|-|1.10098009354850121358|-|1.19229479709088514265|-|1.00350007078692223029|-|0.85707390357360491846|-|0.79951622485642345885
able|-|AAAAAAAACAAAAAAA|-|5154|-|0.95054032293376631849|-|0.99286174702132159655|-|1.10098009354850121358|-|1.19229479709088514265|-|1.00350007078692223029|-|0.85707390357360491846|-|0.79951622485642345885
able|-|AAAAAAAACAAAAAAA|-|5154|-|0.95054032293376631849|-|0.99286174702132159655|-|1.10098009354850121358|-|1.19229479709088514265|-|1.00350007078692223029|-|0.85707390357360491846|-|0.79951622485642345885
able|-|AAAAAAAACAAAAAAA|-|5154|-|0.95054032293376631849|-|0.99286174702132159655|-|1.10098009354850121358|-|1.19229479709088514265|-|1.00350007078692223029|-|0.85707390357360491846|-|0.79951622485642345885
able|-|AAAAAAAACAAAAAAA|-|5154|-|0.95054032293376631849|-|0.99286174702132159655|-|1.10098009354850121358|-|1.19229479709088514265|-|1.00350007078692223029|-|0.85707390357360491846|-|0.79951622485642345885
able|-|AAAAAAAACAAAAAAA|-|5154|-|0.95054032293376631849|-|0.99286174702132159655|-|1.10098009354850121358|-|1.19229479709088514265|-|1.00350007078692223029|-|0.85707390357360491846|-|0.79951622485642345885
able|-|AAAAAAAACAAAAAAA|-|5154|-|0.95054032293376631849|-|0.99286174702132159655|-|1.10098009354850121358|-|1.19229479709088514265|-|1.00350007078692223029|-|0.85707390357360491846|-|0.79951622485642345885
able|-|AAAAAAAACAAAAAAA|-|5154|-|0.95054032293376631849|-|0.99286174702132159655|-|1.10098009354850121358|-|1.19229479709088514265|-|1.00350007078692223029|-|0.85707390357360491846|-|0.79951622485642345885
able|-|AAAAAAAACAAAAAAA|-|5154|-|0.95054032293376631849|-|0.99286174702132159655|-|1.10098009354850121358|-|1.19229479709088514265|-|1.00350007078692223029|-|0.85707390357360491846|-|0.79951622485642345885
able|-|AAAAAAAACAAAAAAA|-|5154|-|0.95054032293376631849|-|0.99286174702132159655|-|1.10098009354850121358|-|1.19229479709088514265|-|1.00350007078692223029|-|0.85707390357360491846|-|0.79951622485642345885
able|-|AAAAAAAACAAAAAAA|-|5154|-|0.95054032293376631849|-|0.99286174702132159655|-|1.10098009354850121358|-|1.19229479709088514265|-|1.00350007078692223029|-|0.85707390357360491846|-|0.79951622485642345885
able|-|AAAAAAAACAAAAAAA|-|5154|-|0.95054032293376631849|-|0.99286174702132159655|-|1.10098009354850121358|-|1.19229479709088514265|-|1.00350007078692223029|-|0.85707390357360491846|-|0.79951622485642345885
able|-|AAAAAAAACAAAAAAA|-|5154|-|0.95054032293376631849|-|0.99286174702132159655|-|1.10098009354850121358|-|1.19229479709088514265|-|1.00350007078692223029|-|0.85707390357360491846|-|0.79951622485642345885
able|-|AAAAAAAACAAAAAAA|-|5154|-|0.95054032293376631849|-|0.99286174702132159655|-|1.10098009354850121358|-|1.19229479709088514265|-|1.00350007078692223029|-|0.85707390357360491846|-|0.79951622485642345885
able|-|AAAAAAAACAAAAAAA|-|5154|-|0.95054032293376631849|-|0.99286174702132159655|-|1.10098009354850121358|-|1.19229479709088514265|-|1.00350007078692223029|-|0.85707390357360491846|-|0.79951622485642345885
able|-|AAAAAAAACAAAAAAA|-|5154|-|0.95054032293376631849|-|0.99286174702132159655|-|1.10098009354850121358|-|1.19229479709088514265|-|1.00350007078692223029|-|0.85707390357360491846|-|0.79951622485642345885
able|-|AAAAAAAACAAAAAAA|-|5154|-|0.95054032293376631849|-|0.99286174702132159655|-|1.10098009354850121358|-|1.19229479709088514265|-|1.00350007078692223029|-|0.85707390357360491846|-|0.79951622485642345885
able|-|AAAAAAAACAAAAAAA|-|5154|-|0.95054032293376631849|-|0.99286174702132159655|-|1.10098009354850121358|-|1.19229479709088514265|-|1.00350007078692223029|-|0.85707390357360491846|-|0.79951622485642345885
able|-|AAAAAAAACAAAAAAA|-|5154|-|0.95054032293376631849|-|0.99286174702132159655|-|1.10098009354850121358|-|1.19229479709088514265|-|1.00350007078692223029|-|0.85707390357360491846|-|0.79951622485642345885
able|-|AAAAAAAACAAAAAAA|-|5154|-|0.95054032293376631849|-|0.99286174702132159655|-|1.10098009354850121358|-|1.19229479709088514265|-|1.00350007078692223029|-|0.85707390357360491846|-|0.79951622485642345885
able|-|AAAAAAAACAAAAAAA|-|5154|-|0.95054032293376631849|-|0.99286174702132159655|-|1.10098009354850121358|-|1.19229479709088514265|-|1.00350007078692223029|-|0.85707390357360491846|-|0.79951622485642345885
able|-|AAAAAAAACAAAAAAA|-|5154|-|0.95054032293376631849|-|0.99286174702132159655|-|1.10098009354850121358|-|1.19229479709088514265|-|1.00350007078692223029|-|0.85707390357360491846|-|0.79951622485642345885
able|-|AAAAAAAACAAAAAAA|-|5154|-|0.95054032293376631849|-|0.99286174702132159655|-|1.10098009354850121358|-|1.19229479709088514265|-|1.00350007078692223029|-|0.85707390357360491846|-|0.79951622485642345885
able|-|AAAAAAAACAAAAAAA|-|5154|-|0.95054032293376631849|-|0.99286174702132159655|-|1.10098009354850121358|-|1.19229479709088514265|-|1.00350007078692223029|-|0.85707390357360491846|-|0.79951622485642345885
able|-|AAAAAAAACAAAAAAA|-|5154|-|0.95054032293376631849|-|0.99286174702132159655|-|1.10098009354850121358|-|1.19229479709088514265|-|1.00350007078692223029|-|0.85707390357360491846|-|0.79951622485642345885
able|-|AAAAAAAACAAAAAAA|-|5154|-|0.95054032293376631849|-|0.99286174702132159655|-|1.10098009354850121358|-|1.19229479709088514265|-|1.00350007078692223029|-|0.85707390357360491846|-|0.79951622485642345885
able|-|AAAAAAAACAAAAAAA|-|5154|-|0.95054032293376631849|-|0.99286174702132159655|-|1.10098009354850121358|-|1.19229479709088514265|-|1.00350007078692223029|-|0.85707390357360491846|-|0.79951622485642345885
able|-|AAAAAAAACAAAAAAA|-|5154|-|0.95054032293376631849|-|0.99286174702132159655|-|1.10098009354850121358|-|1.19229479709088514265|-|1.00350007078692223029|-|0.85707390357360491846|-|0.79951622485642345885
able|-|AAAAAAAACAAAAAAA|-|5154|-|0.95054032293376631849|-|0.99286174702132159655|-|1.10098009354850121358|-|1.19229479709088514265|-|1.00350007078692223029|-|0.85707390357360491846|-|0.79951622485642345885
able|-|AAAAAAAACAAAAAAA|-|5154|-|0.95054032293376631849|-|0.99286174702132159655|-|1.10098009354850121358|-|1.19229479709088514265|-|1.00350007078692223029|-|0.85707390357360491846|-|0.79951622485642345885
able|-|AAAAAAAACAAAAAAA|-|5154|-|0.95054032293376631849|-|0.99286174702132159655|-|1.10098009354850121358|-|1.19229479709088514265|-|1.00350007078692223029|-|0.85707390357360491846|-|0.79951622485642345885
able|-|AAAAAAAACAAAAAAA|-|5154|-|0.95054032293376631849|-|0.99286174702132159655|-|1.10098009354850121358|-|1.19229479709088514265|-|1.00350007078692223029|-|0.85707390357360491846|-|0.79951622485642345885
able|-|AAAAAAAACAAAAAAA|-|5155|-|0.64626281855132430156|-|0.67157650884997526995|-|1.14430993265047531662|-|0.81503656279021138151|-|1.17882752490371974247|-|0.77307439600301142974|-|1.03602456656643848762
able|-|AAAAAAAACAAAAAAA|-|5155|-|0.64626281855132430156|-|0.67157650884997526995|-|1.14430993265047531662|-|0.81503656279021138151|-|1.17882752490371974247|-|0.77307439600301142974|-|1.03602456656643848762
able|-|AAAAAAAACAAAAAAA|-|5155|-|0.64626281855132430156|-|0.67157650884997526995|-|1.14430993265047531662|-|0.81503656279021138151|-|1.17882752490371974247|-|0.77307439600301142974|-|1.03602456656643848762
able|-|AAAAAAAACAAAAAAA|-|5155|-|0.64626281855132430156|-|0.67157650884997526995|-|1.14430993265047531662|-|0.81503656279021138151|-|1.17882752490371974247|-|0.77307439600301142974|-|1.03602456656643848762
able|-|AAAAAAAACAAAAAAA|-|5155|-|0.64626281855132430156|-|0.67157650884997526995|-|1.14430993265047531662|-|0.81503656279021138151|-|1.17882752490371974247|-|0.77307439600301142974|-|1.03602456656643848762
able|-|AAAAAAAACAAAAAAA|-|5155|-|0.64626281855132430156|-|0.67157650884997526995|-|1.14430993265047531662|-|0.81503656279021138151|-|1.17882752490371974247|-|0.77307439600301142974|-|1.03602456656643848762
able|-|AAAAAAAACAAAAAAA|-|5155|-|0.64626281855132430156|-|0.67157650884997526995|-|1.14430993265047531662|-|0.81503656279021138151|-|1.17882752490371974247|-|0.77307439600301142974|-|1.03602456656643848762
able|-|AAAAAAAACAAAAAAA|-|5155|-|0.64626281855132430156|-|0.67157650884997526995|-|1.14430993265047531662|-|0.81503656279021138151|-|1.17882752490371974247|-|0.77307439600301142974|-|1.03602456656643848762
able|-|AAAAAAAACAAAAAAA|-|5155|-|0.64626281855132430156|-|0.67157650884997526995|-|1.14430993265047531662|-|0.81503656279021138151|-|1.17882752490371974247|-|0.77307439600301142974|-|1.03602456656643848762
able|-|AAAAAAAACAAAAAAA|-|5155|-|0.64626281855132430156|-|0.67157650884997526995|-|1.14430993265047531662|-|0.81503656279021138151|-|1.17882752490371974247|-|0.77307439600301142974|-|1.03602456656643848762
able|-|AAAAAAAACAAAAAAA|-|5155|-|0.64626281855132430156|-|0.67157650884997526995|-|1.14430993265047531662|-|0.81503656279021138151|-|1.17882752490371974247|-|0.77307439600301142974|-|1.03602456656643848762
able|-|AAAAAAAACAAAAAAA|-|5155|-|0.64626281855132430156|-|0.67157650884997526995|-|1.14430993265047531662|-|0.81503656279021138151|-|1.17882752490371974247|-|0.77307439600301142974|-|1.03602456656643848762
able|-|AAAAAAAACAAAAAAA|-|5155|-|0.64626281855132430156|-|0.67157650884997526995|-|1.14430993265047531662|-|0.81503656279021138151|-|1.17882752490371974247|-|0.77307439600301142974|-|1.03602456656643848762
able|-|AAAAAAAACAAAAAAA|-|5155|-|0.64626281855132430156|-|0.67157650884997526995|-|1.14430993265047531662|-|0.81503656279021138151|-|1.17882752490371974247|-|0.77307439600301142974|-|1.03602456656643848762
able|-|AAAAAAAACAAAAAAA|-|5155|-|0.64626281855132430156|-|0.67157650884997526995|-|1.14430993265047531662|-|0.81503656279021138151|-|1.17882752490371974247|-|0.77307439600301142974|-|1.03602456656643848762
able|-|AAAAAAAACAAAAAAA|-|5155|-|0.64626281855132430156|-|0.67157650884997526995|-|1.14430993265047531662|-|0.81503656279021138151|-|1.17882752490371974247|-|0.77307439600301142974|-|1.03602456656643848762
able|-|AAAAAAAACAAAAAAA|-|5155|-|0.64626281855132430156|-|0.67157650884997526995|-|1.14430993265047531662|-|0.81503656279021138151|-|1.17882752490371974247|-|0.77307439600301142974|-|1.03602456656643848762
able|-|AAAAAAAACAAAAAAA|-|5155|-|0.64626281855132430156|-|0.67157650884997526995|-|1.14430993265047531662|-|0.81503656279021138151|-|1.17882752490371974247|-|0.77307439600301142974|-|1.03602456656643848762
able|-|AAAAAAAACAAAAAAA|-|5155|-|0.64626281855132430156|-|0.67157650884997526995|-|1.14430993265047531662|-|0.81503656279021138151|-|1.17882752490371974247|-|0.77307439600301142974|-|1.03602456656643848762
able|-|AAAAAAAACAAAAAAA|-|5155|-|0.64626281855132430156|-|0.67157650884997526995|-|1.14430993265047531662|-|0.81503656279021138151|-|1.17882752490371974247|-|0.77307439600301142974|-|1.03602456656643848762
able|-|AAAAAAAACAAAAAAA|-|5155|-|0.64626281855132430156|-|0.67157650884997526995|-|1.14430993265047531662|-|0.81503656279021138151|-|1.17882752490371974247|-|0.77307439600301142974|-|1.03602456656643848762
able|-|AAAAAAAACAAAAAAA|-|5155|-|0.64626281855132430156|-|0.67157650884997526995|-|1.14430993265047531662|-|0.81503656279021138151|-|1.17882752490371974247|-|0.77307439600301142974|-|1.03602456656643848762
able|-|AAAAAAAACAAAAAAA|-|5155|-|0.64626281855132430156|-|0.67157650884997526995|-|1.14430993265047531662|-|0.81503656279021138151|-|1.17882752490371974247|-|0.77307439600301142974|-|1.03602456656643848762
able|-|AAAAAAAACAAAAAAA|-|5155|-|0.64626281855132430156|-|0.67157650884997526995|-|1.14430993265047531662|-|0.81503656279021138151|-|1.17882752490371974247|-|0.77307439600301142974|-|1.03602456656643848762
able|-|AAAAAAAACAAAAAAA|-|5155|-|0.64626281855132430156|-|0.67157650884997526995|-|1.14430993265047531662|-|0.81503656279021138151|-|1.17882752490371974247|-|0.77307439600301142974|-|1.03602456656643848762
able|-|AAAAAAAACAAAAAAA|-|5155|-|0.64626281855132430156|-|0.67157650884997526995|-|1.14430993265047531662|-|0.81503656279021138151|-|1.17882752490371974247|-|0.77307439600301142974|-|1.03602456656643848762
able|-|AAAAAAAACAAAAAAA|-|5155|-|0.64626281855132430156|-|0.67157650884997526995|-|1.14430993265047531662|-|0.81503656279021138151|-|1.17882752490371974247|-|0.77307439600301142974|-|1.03602456656643848762
able|-|AAAAAAAACAAAAAAA|-|5155|-|0.64626281855132430156|-|0.67157650884997526995|-|1.14430993265047531662|-|0.81503656279021138151|-|1.17882752490371974247|-|0.77307439600301142974|-|1.03602456656643848762
able|-|AAAAAAAACAAAAAAA|-|5155|-|0.64626281855132430156|-|0.67157650884997526995|-|1.14430993265047531662|-|0.81503656279021138151|-|1.17882752490371974247|-|0.77307439600301142974|-|1.03602456656643848762
able|-|AAAAAAAACAAAAAAA|-|5155|-|0.64626281855132430156|-|0.67157650884997526995|-|1.14430993265047531662|-|0.81503656279021138151|-|1.17882752490371974247|-|0.77307439600301142974|-|1.03602456656643848762
able|-|AAAAAAAACAAAAAAA|-|5155|-|0.64626281855132430156|-|0.67157650884997526995|-|1.14430993265047531662|-|0.81503656279021138151|-|1.17882752490371974247|-|0.77307439600301142974|-|1.03602456656643848762
