ME|-|12
NJ|-|12
NV|-|12
WY|-|13
AZ|-|14
NH|-|14
VT|-|18
AK|-|21
MD|-|21
NM|-|21
ID|-|22
UT|-|22
OR|-|25
PA|-|29
SC|-|29
WA|-|32
MT|-|35
CO|-|38
ND|-|39
WV|-|39
CA|-|42
LA|-|43
WI|-|47
NY|-|48
AL|-|49
FL|-|49
OK|-|52
MN|-|57
AR|-|59
MS|-|59
IN|-|60
MI|-|62
SD|-|64
MO|-|67
NC|-|67
null|-|70
IA|-|73
NE|-|73
IL|-|78
KS|-|80
TN|-|83
VA|-|84
GA|-|86
OH|-|88
KY|-|102
TX|-|175
