AAAAAAAAAABDAAAA|-|17046.09
AAAAAAAAAABEAAAA|-|4270.80
AAAAAAAAAACDAAAA|-|8280.97
AAAAAAAAAADCAAAA|-|17355.96
AAAAAAAAAADEAAAA|-|3754.88
AAAAAAAAAAGEAAAA|-|8540.15
AAAAAAAAAAKDAAAA|-|9640.88
AAAAAAAAAALDAAAA|-|6029.84
AAAAAAAAAAMBAAAA|-|8450.05
AAAAAAAAAAPCAAAA|-|13866.12
AAAAAAAAABBDAAAA|-|13120.11
AAAAAAAAABDBAAAA|-|11402.88
AAAAAAAAABDEAAAA|-|16043.36
AAAAAAAAABEAAAAA|-|21973.36
AAAAAAAAABFBAAAA|-|21548.90
AAAAAAAAABGEAAAA|-|14492.92
AAAAAAAAABHAAAAA|-|7317.06
AAAAAAAAABICAAAA|-|6916.50
AAAAAAAAABJDAAAA|-|6883.22
AAAAAAAAABKCAAAA|-|3008.27
AAAAAAAAABLBAAAA|-|8224.68
AAAAAAAAABNAAAAA|-|19092.76
AAAAAAAAABPBAAAA|-|8669.61
AAAAAAAAACCBAAAA|-|6181.22
AAAAAAAAACCDAAAA|-|13009.12
AAAAAAAAACDAAAAA|-|15301.17
AAAAAAAAACECAAAA|-|8744.48
AAAAAAAAACFBAAAA|-|4400.78
AAAAAAAAACGCAAAA|-|11551.64
AAAAAAAAACMDAAAA|-|7613.89
AAAAAAAAACODAAAA|-|3223.68
AAAAAAAAADBBAAAA|-|3690.36
AAAAAAAAADBDAAAA|-|7456.00
AAAAAAAAADCAAAAA|-|7734.38
AAAAAAAAADDBAAAA|-|7562.72
AAAAAAAAADEAAAAA|-|14571.03
AAAAAAAAADGBAAAA|-|4945.24
AAAAAAAAADICAAAA|-|20305.14
AAAAAAAAADKBAAAA|-|19732.15
AAAAAAAAADOCAAAA|-|5439.94
AAAAAAAAAEBAAAAA|-|319.06
AAAAAAAAAECBAAAA|-|2255.22
AAAAAAAAAEDEAAAA|-|7071.85
AAAAAAAAAEGAAAAA|-|8379.17
AAAAAAAAAEHAAAAA|-|2850.47
AAAAAAAAAEHCAAAA|-|8871.65
AAAAAAAAAEIBAAAA|-|20264.60
AAAAAAAAAEICAAAA|-|11582.35
AAAAAAAAAEJAAAAA|-|5762.67
AAAAAAAAAEKAAAAA|-|6430.82
AAAAAAAAAEKCAAAA|-|5003.88
AAAAAAAAAELCAAAA|-|5541.40
AAAAAAAAAEMAAAAA|-|2545.10
AAAAAAAAAEPBAAAA|-|19231.08
AAAAAAAAAFAAAAAA|-|13055.23
AAAAAAAAAFACAAAA|-|4274.62
AAAAAAAAAFDCAAAA|-|16849.67
AAAAAAAAAFECAAAA|-|5116.55
AAAAAAAAAFHBAAAA|-|7755.39
AAAAAAAAAFJCAAAA|-|3459.37
AAAAAAAAAFKCAAAA|-|7238.28
AAAAAAAAAFLAAAAA|-|203.74
AAAAAAAAAFLBAAAA|-|1842.68
AAAAAAAAAFOAAAAA|-|2701.04
AAAAAAAAAGACAAAA|-|4498.76
AAAAAAAAAGBAAAAA|-|18387.08
AAAAAAAAAGBDAAAA|-|14356.71
AAAAAAAAAGBEAAAA|-|5442.51
AAAAAAAAAGCAAAAA|-|13556.11
AAAAAAAAAGDCAAAA|-|38181.51
AAAAAAAAAGEDAAAA|-|5009.89
AAAAAAAAAGFCAAAA|-|4012.15
AAAAAAAAAGGBAAAA|-|13416.16
AAAAAAAAAGIAAAAA|-|5058.59
AAAAAAAAAGJBAAAA|-|12866.68
AAAAAAAAAGLCAAAA|-|14755.55
AAAAAAAAAGLDAAAA|-|2567.46
AAAAAAAAAGMBAAAA|-|18715.12
AAAAAAAAAGOCAAAA|-|4091.65
AAAAAAAAAGPBAAAA|-|11145.96
AAAAAAAAAGPCAAAA|-|14940.66
AAAAAAAAAHCEAAAA|-|4529.42
AAAAAAAAAHDAAAAA|-|3391.15
AAAAAAAAAHDDAAAA|-|13291.17
AAAAAAAAAHDEAAAA|-|24968.72
AAAAAAAAAHFEAAAA|-|15523.64
AAAAAAAAAHGDAAAA|-|3244.28
AAAAAAAAAHHAAAAA|-|8493.33
AAAAAAAAAHJBAAAA|-|2773.75
AAAAAAAAAHLBAAAA|-|7551.80
AAAAAAAAAHLCAAAA|-|7142.93
AAAAAAAAAHMDAAAA|-|12601.89
AAAAAAAAAIAAAAAA|-|878.31
AAAAAAAAAIACAAAA|-|2353.59
AAAAAAAAAICAAAAA|-|5875.99
AAAAAAAAAICBAAAA|-|7441.99
AAAAAAAAAIFBAAAA|-|9004.45
AAAAAAAAAIFDAAAA|-|30059.60
AAAAAAAAAIFEAAAA|-|39533.77
AAAAAAAAAIHBAAAA|-|12730.44
