AAAAAAAAAAABAAAA|-|67.0|-|37.520000|-|0.000000|-|24.010000
AAAAAAAAAAACAAAA|-|34.0|-|89.610000|-|186.400000|-|32.250000
AAAAAAAAAACCAAAA|-|69.0|-|31.085000|-|0.000000|-|7.825000
AAAAAAAAAACDAAAA|-|36.0|-|107.280000|-|0.000000|-|66.205000
AAAAAAAAAADBAAAA|-|21.0|-|74.470000|-|0.000000|-|44.680000
AAAAAAAAAAEBAAAA|-|47.0|-|30.540000|-|125.010000|-|20.460000
AAAAAAAAAAEEAAAA|-|26.5|-|100.840000|-|362.865000|-|44.030000
AAAAAAAAAAFCAAAA|-|50.0|-|37.055000|-|0.000000|-|7.555000
AAAAAAAAAAGBAAAA|-|14.0|-|55.130000|-|0.000000|-|50.160000
AAAAAAAAAAHBAAAA|-|50.0|-|106.065000|-|0.000000|-|29.695000
AAAAAAAAAAIAAAAA|-|98.0|-|134.490000|-|0.000000|-|51.100000
AAAAAAAAAAIDAAAA|-|37.333333333333336|-|78.440000|-|0.000000|-|51.863333
AAAAAAAAAAJBAAAA|-|55.0|-|131.290000|-|0.000000|-|36.760000
AAAAAAAAAAKBAAAA|-|70.0|-|66.120000|-|0.000000|-|21.150000
AAAAAAAAAALCAAAA|-|93.0|-|104.200000|-|0.000000|-|6.250000
AAAAAAAAAALDAAAA|-|61.5|-|150.645000|-|0.000000|-|57.335000
AAAAAAAAAANAAAAA|-|52.0|-|2.510000|-|0.000000|-|2.280000
AAAAAAAAAAOAAAAA|-|23.5|-|17.590000|-|0.000000|-|12.130000
AAAAAAAAAAOCAAAA|-|30.0|-|22.380000|-|0.000000|-|4.690000
AAAAAAAAAAPCAAAA|-|92.0|-|75.630000|-|0.000000|-|64.280000
AAAAAAAAABAAAAAA|-|10.0|-|45.790000|-|0.000000|-|43.950000
AAAAAAAAABABAAAA|-|63.0|-|21.890000|-|0.000000|-|19.700000
AAAAAAAAABBAAAAA|-|26.5|-|78.785000|-|0.000000|-|35.615000
AAAAAAAAABBDAAAA|-|14.0|-|67.910000|-|0.000000|-|36.670000
AAAAAAAAABCBAAAA|-|42.5|-|72.900000|-|0.000000|-|44.685000
AAAAAAAAABCCAAAA|-|50.0|-|90.835000|-|0.000000|-|42.605000
AAAAAAAAABDBAAAA|-|40.0|-|10.100000|-|0.000000|-|4.240000
AAAAAAAAABDEAAAA|-|67.0|-|85.420000|-|0.000000|-|31.600000
AAAAAAAAABECAAAA|-|78.5|-|36.280000|-|1673.320000|-|25.170000
AAAAAAAAABEDAAAA|-|60.0|-|92.410000|-|2270.190000|-|58.210000
AAAAAAAAABGAAAAA|-|57.0|-|11.390000|-|201.900000|-|3.980000
AAAAAAAAABGDAAAA|-|74.0|-|174.750000|-|232.650000|-|5.240000
AAAAAAAAABHDAAAA|-|34.5|-|120.730000|-|0.000000|-|61.460000
AAAAAAAAABIBAAAA|-|4.0|-|12.680000|-|5.040000|-|10.520000
AAAAAAAAABICAAAA|-|20.5|-|22.420000|-|0.000000|-|20.300000
AAAAAAAAABJBAAAA|-|38.0|-|2.850000|-|0.000000|-|0.880000
AAAAAAAAABKCAAAA|-|8.0|-|73.980000|-|0.000000|-|51.780000
AAAAAAAAABLCAAAA|-|49.0|-|96.580000|-|0.000000|-|28.970000
AAAAAAAAABMAAAAA|-|50.0|-|136.990000|-|838.320000|-|69.860000
AAAAAAAAABMBAAAA|-|76.0|-|120.520000|-|0.000000|-|83.150000
AAAAAAAAABNAAAAA|-|17.0|-|91.190000|-|0.000000|-|16.410000
AAAAAAAAABNCAAAA|-|61.0|-|13.080000|-|16.650000|-|0.650000
AAAAAAAAABPAAAAA|-|30.0|-|118.380000|-|623.160000|-|46.160000
AAAAAAAAABPBAAAA|-|30.0|-|null|-|null|-|17.350000
AAAAAAAAACAAAAAA|-|20.0|-|3.710000|-|0.000000|-|0.250000
AAAAAAAAACACAAAA|-|66.0|-|117.590000|-|0.000000|-|34.100000
AAAAAAAAACADAAAA|-|79.0|-|171.850000|-|0.000000|-|127.160000
AAAAAAAAACBBAAAA|-|81.0|-|88.700000|-|0.000000|-|13.300000
AAAAAAAAACBCAAAA|-|26.0|-|62.780000|-|1311.600000|-|61.520000
AAAAAAAAACBEAAAA|-|60.0|-|84.015000|-|0.000000|-|33.495000
AAAAAAAAACCAAAAA|-|35.0|-|12.120000|-|0.000000|-|11.630000
AAAAAAAAACCDAAAA|-|2.0|-|72.740000|-|0.000000|-|64.730000
AAAAAAAAACCEAAAA|-|79.0|-|34.120000|-|0.000000|-|6.820000
AAAAAAAAACDCAAAA|-|69.5|-|61.120000|-|366.825000|-|19.985000
AAAAAAAAACDDAAAA|-|61.5|-|122.735000|-|0.000000|-|72.035000
AAAAAAAAACECAAAA|-|57.0|-|10.120000|-|0.000000|-|6.980000
AAAAAAAAACEEAAAA|-|23.0|-|109.270000|-|0.000000|-|14.200000
AAAAAAAAACGAAAAA|-|52.0|-|66.360000|-|0.000000|-|29.860000
AAAAAAAAACGCAAAA|-|56.333333333333336|-|19.550000|-|0.000000|-|14.516667
AAAAAAAAACGDAAAA|-|79.0|-|10.790000|-|0.000000|-|2.580000
AAAAAAAAACHBAAAA|-|88.0|-|7.520000|-|0.000000|-|3.530000
AAAAAAAAACIDAAAA|-|50.0|-|39.535000|-|106.335000|-|35.945000
AAAAAAAAACJCAAAA|-|54.0|-|88.195000|-|0.000000|-|7.975000
AAAAAAAAACKBAAAA|-|63.0|-|41.810000|-|0.000000|-|9.065000
AAAAAAAAACKCAAAA|-|52.0|-|105.830000|-|0.000000|-|23.280000
AAAAAAAAACLAAAAA|-|68.5|-|94.255000|-|0.000000|-|35.195000
AAAAAAAAACLBAAAA|-|45.0|-|146.140000|-|0.000000|-|141.750000
AAAAAAAAACLDAAAA|-|15.333333333333334|-|82.326667|-|0.000000|-|49.463333
AAAAAAAAACMAAAAA|-|40.666666666666664|-|99.666667|-|0.000000|-|32.913333
AAAAAAAAACMDAAAA|-|8.0|-|70.200000|-|0.000000|-|39.310000
AAAAAAAAACNBAAAA|-|1.0|-|93.450000|-|0.000000|-|0.000000
AAAAAAAAACNCAAAA|-|33.0|-|24.450000|-|0.000000|-|23.960000
AAAAAAAAACOAAAAA|-|69.0|-|122.730000|-|0.000000|-|117.820000
AAAAAAAAACOBAAAA|-|78.0|-|57.360000|-|912.600000|-|19.500000
AAAAAAAAACPAAAAA|-|88.0|-|111.300000|-|0.000000|-|79.020000
AAAAAAAAACPCAAAA|-|73.0|-|32.070000|-|645.860000|-|28.540000
AAAAAAAAACPDAAAA|-|28.0|-|50.915000|-|21.165000|-|20.425000
AAAAAAAAADABAAAA|-|44.5|-|93.920000|-|0.000000|-|8.950000
AAAAAAAAADBAAAAA|-|13.0|-|148.450000|-|0.000000|-|120.240000
AAAAAAAAADBBAAAA|-|93.0|-|86.110000|-|0.000000|-|5.160000
AAAAAAAAADBDAAAA|-|12.0|-|62.510000|-|0.000000|-|9.370000
AAAAAAAAADCCAAAA|-|60.333333333333336|-|36.260000|-|519.996667|-|23.366667
AAAAAAAAADCDAAAA|-|96.0|-|133.100000|-|0.000000|-|106.480000
AAAAAAAAADDCAAAA|-|22.5|-|22.625000|-|0.000000|-|6.820000
AAAAAAAAADDEAAAA|-|38.0|-|79.190000|-|4526.140000|-|76.430000
AAAAAAAAADEDAAAA|-|89.0|-|32.110000|-|0.000000|-|9.630000
AAAAAAAAADEEAAAA|-|59.0|-|37.345000|-|122.570000|-|33.495000
AAAAAAAAADFAAAAA|-|12.0|-|102.250000|-|0.000000|-|78.730000
AAAAAAAAADFCAAAA|-|26.0|-|59.426667|-|46.066667|-|12.336667
AAAAAAAAADFDAAAA|-|85.5|-|88.350000|-|0.000000|-|49.400000
AAAAAAAAADGBAAAA|-|87.0|-|86.340000|-|0.000000|-|69.070000
AAAAAAAAADGCAAAA|-|50.0|-|93.840000|-|0.000000|-|7.500000
AAAAAAAAADHAAAAA|-|65.0|-|99.580000|-|0.000000|-|68.710000
AAAAAAAAADIAAAAA|-|16.0|-|19.070000|-|0.000000|-|16.400000
AAAAAAAAADICAAAA|-|96.0|-|45.780000|-|0.000000|-|0.450000
AAAAAAAAADJBAAAA|-|31.0|-|7.040000|-|7.160000|-|0.770000
AAAAAAAAADJCAAAA|-|31.0|-|40.720000|-|0.000000|-|29.630000
AAAAAAAAADKBAAAA|-|17.0|-|4.780000|-|0.000000|-|0.330000
AAAAAAAAADLAAAAA|-|9.0|-|185.300000|-|0.000000|-|101.910000
AAAAAAAAADLCAAAA|-|69.0|-|60.230000|-|0.000000|-|35.530000
