10
223140|-|355369.0698|-|1995-03-14|-|0
584291|-|354494.7318|-|1995-02-21|-|0
405063|-|353125.4577|-|1995-03-03|-|0
573861|-|351238.27699999994|-|1995-03-09|-|0
554757|-|349181.7426|-|1995-03-14|-|0
506021|-|321075.58099999995|-|1995-03-10|-|0
121604|-|318576.41540000006|-|1995-03-07|-|0
108514|-|314967.0754|-|1995-02-20|-|0
462502|-|312604.542|-|1995-03-08|-|0
178727|-|309728.93059999996|-|1995-02-25|-|0
