-- Automatically generated by SQLQueryTestSuite
-- !query
select typeof(null)
-- !query schema
struct<typeof(NULL):string>
-- !query output
void


-- !query
select typeof(true)
-- !query schema
struct<typeof(true):string>
-- !query output
boolean


-- !query
select typeof(1Y), typeof(1S), typeof(1), typeof(1L)
-- !query schema
struct<typeof(1):string,typeof(1):string,typeof(1):string,typeof(1):string>
-- !query output
tinyint	smallint	int	bigint


-- !query
select typeof(cast(1.0 as float)), typeof(1.0D), typeof(1.2)
-- !query schema
struct<typeof(CAST(1.0 AS FLOAT)):string,typeof(1.0):string,typeof(1.2):string>
-- !query output
float	double	decimal(2,1)


-- !query
select typeof(date '1986-05-23'),  typeof(timestamp '1986-05-23'), typeof(interval '23 days')
-- !query schema
struct<typeof(DATE '1986-05-23'):string,typeof(TIMESTAMP '1986-05-23 00:00:00'):string,typeof(INTERVAL '23' DAY):string>
-- !query output
date	timestamp	interval day


-- !query
select typeof(x'ABCD'), typeof('SPARK')
-- !query schema
struct<typeof(X'ABCD'):string,typeof(SPARK):string>
-- !query output
binary	string


-- !query
select typeof(array(1, 2)), typeof(map(1, 2)), typeof(named_struct('a', 1, 'b', 'spark'))
-- !query schema
struct<typeof(array(1, 2)):string,typeof(map(1, 2)):string,typeof(named_struct(a, 1, b, spark)):string>
-- !query output
array<int>	map<int,int>	struct<a:int,b:string>


-- !query
SELECT assert_true(true), assert_true(boolean(1))
-- !query schema
struct<assert_true(true, 'true' is not true!):void,assert_true(1, 'cast(1 as boolean)' is not true!):void>
-- !query output
NULL	NULL


-- !query
SELECT assert_true(false)
-- !query schema
struct<>
-- !query output
org.apache.gluten.exception.GlutenException
'false' is not true!


-- !query
SELECT assert_true(boolean(0))
-- !query schema
struct<>
-- !query output
org.apache.gluten.exception.GlutenException
'cast(0 as boolean)' is not true!


-- !query
SELECT assert_true(null)
-- !query schema
struct<>
-- !query output
org.apache.gluten.exception.GlutenException
'null' is not true!


-- !query
SELECT assert_true(boolean(null))
-- !query schema
struct<>
-- !query output
org.apache.gluten.exception.GlutenException
'cast(null as boolean)' is not true!


-- !query
SELECT assert_true(false, 'custom error message')
-- !query schema
struct<>
-- !query output
org.apache.gluten.exception.GlutenException
custom error message


-- !query
CREATE TEMPORARY VIEW tbl_misc AS SELECT * FROM (VALUES (1), (8), (2)) AS T(v)
-- !query schema
struct<>
-- !query output



-- !query
SELECT raise_error('error message')
-- !query schema
struct<>
-- !query output
org.apache.gluten.exception.GlutenException
error message


-- !query
SELECT if(v > 5, raise_error('too big: ' || v), v + 1) FROM tbl_misc
-- !query schema
struct<>
-- !query output
org.apache.gluten.exception.GlutenException
too big: 8
